Command line: -shared -c++std c++14 -opensource -release -recheck-all --confirm-license -device linux-jetson-tx1-g++ -device-option CROSS_COMPILE=aarch64-linux-gnu- -prefix /usr/local/qt5 -extprefix /usr/local/qt5 -hostprefix /usr/local/qt5 -skip webview -skip qtwebengine -opengl es2
executing config test machineTuple
+ aarch64-linux-gnu-g++ -dumpmachine
> aarch64-linux-gnu
test config.qtbase.tests.machineTuple succeeded
executing config test verifyspec
+ cd /home/manu/Downloads/qt-everywhere-src-5.14.1/config.tests/verifyspec && /home/manu/Downloads/qt-everywhere-src-5.14.1/qtbase/bin/qmake "CONFIG -= qt debug_and_release app_bundle lib_bundle" "CONFIG += shared warn_off console single_arch" -early "CONFIG += cross_compile" /home/manu/Downloads/qt-everywhere-src-5.14.1/qtbase/config.tests/verifyspec
+ cd /home/manu/Downloads/qt-everywhere-src-5.14.1/config.tests/verifyspec && MAKEFLAGS= make clean && MAKEFLAGS= make
> make[1]: Entering directory '/home/manu/Downloads/qt-everywhere-src-5.14.1/config.tests/verifyspec'
> rm -f verifyspec.o
> rm -f *~ core *.core
> make[1]: Leaving directory '/home/manu/Downloads/qt-everywhere-src-5.14.1/config.tests/verifyspec'
> make[1]: Entering directory '/home/manu/Downloads/qt-everywhere-src-5.14.1/config.tests/verifyspec'
> aarch64-linux-gnu-g++ -c -pipe -mtune=cortex-a57.cortex-a53 -march=armv8-a -O2 -w -fPIC  -I/home/manu/Downloads/qt-everywhere-src-5.14.1/qtbase/config.tests/verifyspec -I. -isystem /usr/include/drm -I/home/manu/Downloads/qt-everywhere-src-5.14.1/qtbase/mkspecs/devices/linux-jetson-tx1-g++ -o verifyspec.o /home/manu/Downloads/qt-everywhere-src-5.14.1/qtbase/config.tests/verifyspec/verifyspec.cpp
> aarch64-linux-gnu-g++ -Wl,-O1 -Wl,-rpath-link,/usr/lib -Wl,-rpath-link,/usr/lib/aarch64-linux-gnu -Wl,-rpath-link,/usr/lib/aarch64-linux-gnu/tegra -Wl,-rpath-link,/lib/aarch64-linux-gnu -o verifyspec verifyspec.o     -L/usr/lib -L/lib/aarch64-linux-gnu -L/usr/lib/aarch64-linux-gnu 
> make[1]: Leaving directory '/home/manu/Downloads/qt-everywhere-src-5.14.1/config.tests/verifyspec'
test config.qtbase.tests.verifyspec succeeded
executing config test architecture
+ cd /home/manu/Downloads/qt-everywhere-src-5.14.1/config.tests/arch && /home/manu/Downloads/qt-everywhere-src-5.14.1/qtbase/bin/qmake "CONFIG -= qt debug_and_release app_bundle lib_bundle" "CONFIG += shared warn_off console single_arch" -early "CONFIG += cross_compile" /home/manu/Downloads/qt-everywhere-src-5.14.1/qtbase/config.tests/arch
+ cd /home/manu/Downloads/qt-everywhere-src-5.14.1/config.tests/arch && MAKEFLAGS= make clean && MAKEFLAGS= make
> make[1]: Entering directory '/home/manu/Downloads/qt-everywhere-src-5.14.1/config.tests/arch'
> rm -f arch.o
> rm -f *~ core *.core
> make[1]: Leaving directory '/home/manu/Downloads/qt-everywhere-src-5.14.1/config.tests/arch'
> make[1]: Entering directory '/home/manu/Downloads/qt-everywhere-src-5.14.1/config.tests/arch'
> aarch64-linux-gnu-g++ -c -pipe -mtune=cortex-a57.cortex-a53 -march=armv8-a -O2 -w -fPIC  -I/home/manu/Downloads/qt-everywhere-src-5.14.1/qtbase/config.tests/arch -I. -isystem /usr/include/drm -I/home/manu/Downloads/qt-everywhere-src-5.14.1/qtbase/mkspecs/devices/linux-jetson-tx1-g++ -o arch.o /home/manu/Downloads/qt-everywhere-src-5.14.1/qtbase/config.tests/arch/arch.cpp
> aarch64-linux-gnu-g++ -Wl,-O1 -Wl,-rpath-link,/usr/lib -Wl,-rpath-link,/usr/lib/aarch64-linux-gnu -Wl,-rpath-link,/usr/lib/aarch64-linux-gnu/tegra -Wl,-rpath-link,/lib/aarch64-linux-gnu -o arch arch.o     -L/usr/lib -L/lib/aarch64-linux-gnu -L/usr/lib/aarch64-linux-gnu 
> make[1]: Leaving directory '/home/manu/Downloads/qt-everywhere-src-5.14.1/config.tests/arch'
Detected architecture: arm64 (neon)
test config.qtbase.tests.architecture gave result arm64
executing config test host_architecture
+ cd /home/manu/Downloads/qt-everywhere-src-5.14.1/config.tests/arch && /home/manu/Downloads/qt-everywhere-src-5.14.1/qtbase/bin/qmake "CONFIG -= qt debug_and_release app_bundle lib_bundle" "CONFIG += shared warn_off console single_arch" -early "CONFIG += cross_compile" /home/manu/Downloads/qt-everywhere-src-5.14.1/qtbase/config.tests/arch/arch_host.pro
+ cd /home/manu/Downloads/qt-everywhere-src-5.14.1/config.tests/arch && MAKEFLAGS= make clean && MAKEFLAGS= make
> make[1]: Entering directory '/home/manu/Downloads/qt-everywhere-src-5.14.1/config.tests/arch'
> rm -f arch.o
> rm -f *~ core *.core
> make[1]: Leaving directory '/home/manu/Downloads/qt-everywhere-src-5.14.1/config.tests/arch'
> make[1]: Entering directory '/home/manu/Downloads/qt-everywhere-src-5.14.1/config.tests/arch'
> g++ -c -pipe -O2 -w -fPIC  -I/home/manu/Downloads/qt-everywhere-src-5.14.1/qtbase/config.tests/arch -I. -I/home/manu/Downloads/qt-everywhere-src-5.14.1/qtbase/mkspecs/linux-g++ -o arch.o /home/manu/Downloads/qt-everywhere-src-5.14.1/qtbase/config.tests/arch/arch.cpp
> g++ -Wl,-O1 -o arch_host arch.o      
> make[1]: Leaving directory '/home/manu/Downloads/qt-everywhere-src-5.14.1/config.tests/arch'
Detected architecture: arm64 (neon)
test config.qtbase.tests.host_architecture gave result arm64
executing config test alloca_h
+ cd /home/manu/Downloads/qt-everywhere-src-5.14.1/config.tests/alloca_h && /home/manu/Downloads/qt-everywhere-src-5.14.1/qtbase/bin/qmake "CONFIG -= qt debug_and_release app_bundle lib_bundle" "CONFIG += shared warn_off console single_arch" -early "CONFIG += cross_compile" /home/manu/Downloads/qt-everywhere-src-5.14.1/config.tests/alloca_h
+ cd /home/manu/Downloads/qt-everywhere-src-5.14.1/config.tests/alloca_h && MAKEFLAGS= make clean && MAKEFLAGS= make
> make[1]: Entering directory '/home/manu/Downloads/qt-everywhere-src-5.14.1/config.tests/alloca_h'
> rm -f main.o
> rm -f *~ core *.core
> make[1]: Leaving directory '/home/manu/Downloads/qt-everywhere-src-5.14.1/config.tests/alloca_h'
> make[1]: Entering directory '/home/manu/Downloads/qt-everywhere-src-5.14.1/config.tests/alloca_h'
> aarch64-linux-gnu-g++ -c -pipe -mtune=cortex-a57.cortex-a53 -march=armv8-a -O2 -w -fPIC  -I. -isystem /usr/include/drm -I/home/manu/Downloads/qt-everywhere-src-5.14.1/qtbase/mkspecs/devices/linux-jetson-tx1-g++ -o main.o main.cpp
> aarch64-linux-gnu-g++ -Wl,-O1 -Wl,-rpath-link,/usr/lib -Wl,-rpath-link,/usr/lib/aarch64-linux-gnu -Wl,-rpath-link,/usr/lib/aarch64-linux-gnu/tegra -Wl,-rpath-link,/lib/aarch64-linux-gnu -o alloca_h main.o     -L/usr/lib -L/lib/aarch64-linux-gnu -L/usr/lib/aarch64-linux-gnu 
> make[1]: Leaving directory '/home/manu/Downloads/qt-everywhere-src-5.14.1/config.tests/alloca_h'
test config.qtbase.tests.alloca_h succeeded
executing config test c++14
+ cd /home/manu/Downloads/qt-everywhere-src-5.14.1/config.tests/c++14 && /home/manu/Downloads/qt-everywhere-src-5.14.1/qtbase/bin/qmake "CONFIG -= qt debug_and_release app_bundle lib_bundle" "CONFIG += shared warn_off console single_arch" -early "CONFIG += cross_compile" /home/manu/Downloads/qt-everywhere-src-5.14.1/config.tests/c++14
+ cd /home/manu/Downloads/qt-everywhere-src-5.14.1/config.tests/c++14 && MAKEFLAGS= make clean && MAKEFLAGS= make
> make[1]: Entering directory '/home/manu/Downloads/qt-everywhere-src-5.14.1/config.tests/c++14'
> rm -f main.o
> rm -f *~ core *.core
> make[1]: Leaving directory '/home/manu/Downloads/qt-everywhere-src-5.14.1/config.tests/c++14'
> make[1]: Entering directory '/home/manu/Downloads/qt-everywhere-src-5.14.1/config.tests/c++14'
> aarch64-linux-gnu-g++ -c -pipe -mtune=cortex-a57.cortex-a53 -march=armv8-a -O2 -std=gnu++1y -w -fPIC  -I. -isystem /usr/include/drm -I/home/manu/Downloads/qt-everywhere-src-5.14.1/qtbase/mkspecs/devices/linux-jetson-tx1-g++ -o main.o main.cpp
> aarch64-linux-gnu-g++ -Wl,-O1 -Wl,-rpath-link,/usr/lib -Wl,-rpath-link,/usr/lib/aarch64-linux-gnu -Wl,-rpath-link,/usr/lib/aarch64-linux-gnu/tegra -Wl,-rpath-link,/lib/aarch64-linux-gnu -o c++14 main.o     -L/usr/lib -L/lib/aarch64-linux-gnu -L/usr/lib/aarch64-linux-gnu 
> make[1]: Leaving directory '/home/manu/Downloads/qt-everywhere-src-5.14.1/config.tests/c++14'
test config.qtbase.tests.c++14 succeeded
executing config test c99
+ cd /home/manu/Downloads/qt-everywhere-src-5.14.1/config.tests/c99 && /home/manu/Downloads/qt-everywhere-src-5.14.1/qtbase/bin/qmake "CONFIG -= qt debug_and_release app_bundle lib_bundle" "CONFIG += shared warn_off console single_arch" -early "CONFIG += cross_compile" /home/manu/Downloads/qt-everywhere-src-5.14.1/config.tests/c99
+ cd /home/manu/Downloads/qt-everywhere-src-5.14.1/config.tests/c99 && MAKEFLAGS= make clean && MAKEFLAGS= make
> make[1]: Entering directory '/home/manu/Downloads/qt-everywhere-src-5.14.1/config.tests/c99'
> rm -f main.o
> rm -f *~ core *.core
> make[1]: Leaving directory '/home/manu/Downloads/qt-everywhere-src-5.14.1/config.tests/c99'
> make[1]: Entering directory '/home/manu/Downloads/qt-everywhere-src-5.14.1/config.tests/c99'
> aarch64-linux-gnu-gcc -c -pipe -mtune=cortex-a57.cortex-a53 -march=armv8-a -O2 -std=gnu99 -w -fPIC  -I. -isystem /usr/include/drm -I/home/manu/Downloads/qt-everywhere-src-5.14.1/qtbase/mkspecs/devices/linux-jetson-tx1-g++ -o main.o main.c
> aarch64-linux-gnu-g++ -Wl,-O1 -Wl,-rpath-link,/usr/lib -Wl,-rpath-link,/usr/lib/aarch64-linux-gnu -Wl,-rpath-link,/usr/lib/aarch64-linux-gnu/tegra -Wl,-rpath-link,/lib/aarch64-linux-gnu -o c99 main.o     -L/usr/lib -L/lib/aarch64-linux-gnu -L/usr/lib/aarch64-linux-gnu 
> make[1]: Leaving directory '/home/manu/Downloads/qt-everywhere-src-5.14.1/config.tests/c99'
test config.qtbase.tests.c99 succeeded
executing config test c11
+ cd /home/manu/Downloads/qt-everywhere-src-5.14.1/config.tests/c11 && /home/manu/Downloads/qt-everywhere-src-5.14.1/qtbase/bin/qmake "CONFIG -= qt debug_and_release app_bundle lib_bundle" "CONFIG += shared warn_off console single_arch" -early "CONFIG += cross_compile" /home/manu/Downloads/qt-everywhere-src-5.14.1/config.tests/c11
+ cd /home/manu/Downloads/qt-everywhere-src-5.14.1/config.tests/c11 && MAKEFLAGS= make clean && MAKEFLAGS= make
> make[1]: Entering directory '/home/manu/Downloads/qt-everywhere-src-5.14.1/config.tests/c11'
> rm -f main.o
> rm -f *~ core *.core
> make[1]: Leaving directory '/home/manu/Downloads/qt-everywhere-src-5.14.1/config.tests/c11'
> make[1]: Entering directory '/home/manu/Downloads/qt-everywhere-src-5.14.1/config.tests/c11'
> aarch64-linux-gnu-gcc -c -pipe -mtune=cortex-a57.cortex-a53 -march=armv8-a -O2 -std=gnu11 -w -fPIC  -I. -isystem /usr/include/drm -I/home/manu/Downloads/qt-everywhere-src-5.14.1/qtbase/mkspecs/devices/linux-jetson-tx1-g++ -o main.o main.c
> aarch64-linux-gnu-g++ -Wl,-O1 -Wl,-rpath-link,/usr/lib -Wl,-rpath-link,/usr/lib/aarch64-linux-gnu -Wl,-rpath-link,/usr/lib/aarch64-linux-gnu/tegra -Wl,-rpath-link,/lib/aarch64-linux-gnu -o c11 main.o     -L/usr/lib -L/lib/aarch64-linux-gnu -L/usr/lib/aarch64-linux-gnu 
> make[1]: Leaving directory '/home/manu/Downloads/qt-everywhere-src-5.14.1/config.tests/c11'
test config.qtbase.tests.c11 succeeded
executing config test pkg-config
Found pkg-config from path: /usr/bin/pkg-config
test config.qtbase.tests.pkg-config FAILED
Global lib dirs: [] [/usr/lib/gcc/aarch64-linux-gnu/7 /usr/lib/aarch64-linux-gnu /usr/lib /lib/aarch64-linux-gnu /lib]
Global inc dirs: [] [/usr/include/c++/7 /usr/include/aarch64-linux-gnu/c++/7 /usr/include/c++/7/backward /usr/lib/gcc/aarch64-linux-gnu/7/include /usr/local/include /usr/lib/gcc/aarch64-linux-gnu/7/include-fixed /usr/include/aarch64-linux-gnu /usr/include]
looking for library dbus
Trying source 0 (type pkgConfig) of library dbus ...
pkg-config use disabled globally.
  => source produced no result.
Trying source 1 (type inline) of library dbus ...
  => source failed condition 'config.win32'.
Trying source 2 (type inline) of library dbus ...
dbus/dbus.h not found in [] and global paths.
  => source produced no result.
test config.qtbase.libraries.dbus FAILED
looking for library libdl
Trying source 0 (type inline) of library libdl ...
+ cd /home/manu/Downloads/qt-everywhere-src-5.14.1/config.tests/libdl && /home/manu/Downloads/qt-everywhere-src-5.14.1/qtbase/bin/qmake "CONFIG -= qt debug_and_release app_bundle lib_bundle" "CONFIG += shared warn_off console single_arch" -early "CONFIG += cross_compile" 'QMAKE_USE += libdl' 'QMAKE_LIBS_LIBDL = ' /home/manu/Downloads/qt-everywhere-src-5.14.1/config.tests/libdl
+ cd /home/manu/Downloads/qt-everywhere-src-5.14.1/config.tests/libdl && MAKEFLAGS= make clean && MAKEFLAGS= make
> make[1]: Entering directory '/home/manu/Downloads/qt-everywhere-src-5.14.1/config.tests/libdl'
> rm -f main.o
> rm -f *~ core *.core
> make[1]: Leaving directory '/home/manu/Downloads/qt-everywhere-src-5.14.1/config.tests/libdl'
> make[1]: Entering directory '/home/manu/Downloads/qt-everywhere-src-5.14.1/config.tests/libdl'
> aarch64-linux-gnu-g++ -c -pipe -mtune=cortex-a57.cortex-a53 -march=armv8-a -O2 -w -fPIC  -I. -isystem /usr/include/drm -I/home/manu/Downloads/qt-everywhere-src-5.14.1/qtbase/mkspecs/devices/linux-jetson-tx1-g++ -o main.o main.cpp
> aarch64-linux-gnu-g++ -Wl,-O1 -Wl,-rpath-link,/usr/lib -Wl,-rpath-link,/usr/lib/aarch64-linux-gnu -Wl,-rpath-link,/usr/lib/aarch64-linux-gnu/tegra -Wl,-rpath-link,/lib/aarch64-linux-gnu -o libdl main.o     -L/usr/lib -L/lib/aarch64-linux-gnu -L/usr/lib/aarch64-linux-gnu 
> main.o: In function `main':
> main.cpp:(.text.startup+0x10): undefined reference to `dlopen'
> main.cpp:(.text.startup+0x14): undefined reference to `dlclose'
> main.cpp:(.text.startup+0x20): undefined reference to `dlsym'
> main.cpp:(.text.startup+0x24): undefined reference to `dlerror'
> collect2: error: ld returned 1 exit status
> Makefile:67: recipe for target 'libdl' failed
> make[1]: *** [libdl] Error 1
> make[1]: Leaving directory '/home/manu/Downloads/qt-everywhere-src-5.14.1/config.tests/libdl'
 => source failed verification.
Trying source 1 (type inline) of library libdl ...
+ cd /home/manu/Downloads/qt-everywhere-src-5.14.1/config.tests/libdl && /home/manu/Downloads/qt-everywhere-src-5.14.1/qtbase/bin/qmake "CONFIG -= qt debug_and_release app_bundle lib_bundle" "CONFIG += shared warn_off console single_arch" -early "CONFIG += cross_compile" 'QMAKE_USE += libdl' 'QMAKE_LIBS_LIBDL = -ldl' /home/manu/Downloads/qt-everywhere-src-5.14.1/config.tests/libdl
+ cd /home/manu/Downloads/qt-everywhere-src-5.14.1/config.tests/libdl && MAKEFLAGS= make clean && MAKEFLAGS= make
> make[1]: Entering directory '/home/manu/Downloads/qt-everywhere-src-5.14.1/config.tests/libdl'
> rm -f main.o
> rm -f *~ core *.core
> make[1]: Leaving directory '/home/manu/Downloads/qt-everywhere-src-5.14.1/config.tests/libdl'
> make[1]: Entering directory '/home/manu/Downloads/qt-everywhere-src-5.14.1/config.tests/libdl'
> aarch64-linux-gnu-g++ -c -pipe -mtune=cortex-a57.cortex-a53 -march=armv8-a -O2 -w -fPIC  -I. -isystem /usr/include/drm -I/home/manu/Downloads/qt-everywhere-src-5.14.1/qtbase/mkspecs/devices/linux-jetson-tx1-g++ -o main.o main.cpp
> aarch64-linux-gnu-g++ -Wl,-O1 -Wl,-rpath-link,/usr/lib -Wl,-rpath-link,/usr/lib/aarch64-linux-gnu -Wl,-rpath-link,/usr/lib/aarch64-linux-gnu/tegra -Wl,-rpath-link,/lib/aarch64-linux-gnu -o libdl main.o   -ldl  -L/usr/lib -L/lib/aarch64-linux-gnu -L/usr/lib/aarch64-linux-gnu 
> make[1]: Leaving directory '/home/manu/Downloads/qt-everywhere-src-5.14.1/config.tests/libdl'
 => source accepted.
test config.qtbase.libraries.libdl succeeded
executing config test enable_new_dtags
+ cd /home/manu/Downloads/qt-everywhere-src-5.14.1/config.tests && aarch64-linux-gnu-g++ -pipe -mtune=cortex-a57.cortex-a53 -march=armv8-a -Wl,--enable-new-dtags -o conftest-out conftest.cpp
test config.qtbase.tests.enable_new_dtags succeeded
looking for library host_dbus
Trying source 0 (type pkgConfig) of library host_dbus ...
+ /usr/bin/pkg-config --exists --silence-errors dbus-1 '>=' 1.2
+ /usr/bin/pkg-config --modversion dbus-1 '>=' 1.2
> 1.12.2
+ /usr/bin/pkg-config --libs-only-L dbus-1 '>=' 1.2
+ /usr/bin/pkg-config --libs-only-l dbus-1 '>=' 1.2
> -ldbus-1
+ /usr/bin/pkg-config --cflags dbus-1 '>=' 1.2
> -I/usr/include/dbus-1.0 -I/usr/lib/aarch64-linux-gnu/dbus-1.0/include
 => source accepted.
test config.qtbase.libraries.host_dbus succeeded
looking for library libudev
Trying source 0 (type pkgConfig) of library libudev ...
pkg-config use disabled globally.
  => source produced no result.
Trying source 1 (type inline) of library libudev ...
+ cd /home/manu/Downloads/qt-everywhere-src-5.14.1/config.tests/libudev && /home/manu/Downloads/qt-everywhere-src-5.14.1/qtbase/bin/qmake "CONFIG -= qt debug_and_release app_bundle lib_bundle" "CONFIG += shared warn_off console single_arch" -early "CONFIG += cross_compile" 'QMAKE_USE += libudev' 'QMAKE_LIBS_LIBUDEV = -ludev' /home/manu/Downloads/qt-everywhere-src-5.14.1/config.tests/libudev
+ cd /home/manu/Downloads/qt-everywhere-src-5.14.1/config.tests/libudev && MAKEFLAGS= make clean && MAKEFLAGS= make
> make[1]: Entering directory '/home/manu/Downloads/qt-everywhere-src-5.14.1/config.tests/libudev'
> rm -f main.o
> rm -f *~ core *.core
> make[1]: Leaving directory '/home/manu/Downloads/qt-everywhere-src-5.14.1/config.tests/libudev'
> make[1]: Entering directory '/home/manu/Downloads/qt-everywhere-src-5.14.1/config.tests/libudev'
> aarch64-linux-gnu-g++ -c -pipe -mtune=cortex-a57.cortex-a53 -march=armv8-a -O2 -w -fPIC  -I. -isystem /usr/include/drm -I/home/manu/Downloads/qt-everywhere-src-5.14.1/qtbase/mkspecs/devices/linux-jetson-tx1-g++ -o main.o main.cpp
> aarch64-linux-gnu-g++ -Wl,-O1 -Wl,-rpath-link,/usr/lib -Wl,-rpath-link,/usr/lib/aarch64-linux-gnu -Wl,-rpath-link,/usr/lib/aarch64-linux-gnu/tegra -Wl,-rpath-link,/lib/aarch64-linux-gnu -o libudev main.o   -ludev  -L/usr/lib -L/lib/aarch64-linux-gnu -L/usr/lib/aarch64-linux-gnu 
> make[1]: Leaving directory '/home/manu/Downloads/qt-everywhere-src-5.14.1/config.tests/libudev'
 => source accepted.
test config.qtbase.libraries.libudev succeeded
executing config test posix_fallocate
+ cd /home/manu/Downloads/qt-everywhere-src-5.14.1/config.tests/posix_fallocate && /home/manu/Downloads/qt-everywhere-src-5.14.1/qtbase/bin/qmake "CONFIG -= qt debug_and_release app_bundle lib_bundle" "CONFIG += shared warn_off console single_arch" -early "CONFIG += cross_compile" /home/manu/Downloads/qt-everywhere-src-5.14.1/config.tests/posix_fallocate
+ cd /home/manu/Downloads/qt-everywhere-src-5.14.1/config.tests/posix_fallocate && MAKEFLAGS= make clean && MAKEFLAGS= make
> make[1]: Entering directory '/home/manu/Downloads/qt-everywhere-src-5.14.1/config.tests/posix_fallocate'
> rm -f main.o
> rm -f *~ core *.core
> make[1]: Leaving directory '/home/manu/Downloads/qt-everywhere-src-5.14.1/config.tests/posix_fallocate'
> make[1]: Entering directory '/home/manu/Downloads/qt-everywhere-src-5.14.1/config.tests/posix_fallocate'
> aarch64-linux-gnu-g++ -c -pipe -mtune=cortex-a57.cortex-a53 -march=armv8-a -O2 -w -fPIC  -I. -isystem /usr/include/drm -I/home/manu/Downloads/qt-everywhere-src-5.14.1/qtbase/mkspecs/devices/linux-jetson-tx1-g++ -o main.o main.cpp
> aarch64-linux-gnu-g++ -Wl,-O1 -Wl,-rpath-link,/usr/lib -Wl,-rpath-link,/usr/lib/aarch64-linux-gnu -Wl,-rpath-link,/usr/lib/aarch64-linux-gnu/tegra -Wl,-rpath-link,/lib/aarch64-linux-gnu -o posix_fallocate main.o     -L/usr/lib -L/lib/aarch64-linux-gnu -L/usr/lib/aarch64-linux-gnu 
> make[1]: Leaving directory '/home/manu/Downloads/qt-everywhere-src-5.14.1/config.tests/posix_fallocate'
test config.qtbase.tests.posix_fallocate succeeded
executing config test precompile_header
+ cd /home/manu/Downloads/qt-everywhere-src-5.14.1/config.tests/precompile_header && /home/manu/Downloads/qt-everywhere-src-5.14.1/qtbase/bin/qmake "CONFIG -= qt debug_and_release app_bundle lib_bundle" "CONFIG += shared warn_off console single_arch" -early "CONFIG += cross_compile" /home/manu/Downloads/qt-everywhere-src-5.14.1/config.tests/precompile_header
+ cd /home/manu/Downloads/qt-everywhere-src-5.14.1/config.tests/precompile_header && MAKEFLAGS= make clean && MAKEFLAGS= make
> make[1]: Entering directory '/home/manu/Downloads/qt-everywhere-src-5.14.1/config.tests/precompile_header'
> rm -f main.o
> rm -f .pch/precompile_header.gch/c .pch/precompile_header.gch/c++
> rm -f *~ core *.core
> make[1]: Leaving directory '/home/manu/Downloads/qt-everywhere-src-5.14.1/config.tests/precompile_header'
> make[1]: Entering directory '/home/manu/Downloads/qt-everywhere-src-5.14.1/config.tests/precompile_header'
> aarch64-linux-gnu-g++ -pipe -mtune=cortex-a57.cortex-a53 -march=armv8-a -O2 -w -fPIC  -I. -isystem /usr/include/drm -I/home/manu/Downloads/qt-everywhere-src-5.14.1/qtbase/mkspecs/devices/linux-jetson-tx1-g++ -x c++-header -c header.h -o .pch/precompile_header.gch/c++
> aarch64-linux-gnu-g++ -c -include .pch/precompile_header -pipe -mtune=cortex-a57.cortex-a53 -march=armv8-a -O2 -w -fPIC  -I. -isystem /usr/include/drm -I/home/manu/Downloads/qt-everywhere-src-5.14.1/qtbase/mkspecs/devices/linux-jetson-tx1-g++ -o main.o main.cpp
> aarch64-linux-gnu-g++ -Wl,-O1 -Wl,-rpath-link,/usr/lib -Wl,-rpath-link,/usr/lib/aarch64-linux-gnu -Wl,-rpath-link,/usr/lib/aarch64-linux-gnu/tegra -Wl,-rpath-link,/lib/aarch64-linux-gnu -o precompile_header main.o     -L/usr/lib -L/lib/aarch64-linux-gnu -L/usr/lib/aarch64-linux-gnu 
> make[1]: Leaving directory '/home/manu/Downloads/qt-everywhere-src-5.14.1/config.tests/precompile_header'
test config.qtbase.tests.precompile_header succeeded
executing config test rdrnd
+ cd /home/manu/Downloads/qt-everywhere-src-5.14.1/config.tests/x86_simd && /home/manu/Downloads/qt-everywhere-src-5.14.1/qtbase/bin/qmake "CONFIG -= qt debug_and_release app_bundle lib_bundle" "CONFIG += shared warn_off console single_arch" -early "CONFIG += cross_compile" CONFIG+=add_cflags DEFINES+=NO_ATTRIBUTE SIMD=rdrnd /home/manu/Downloads/qt-everywhere-src-5.14.1/qtbase/config.tests/x86_simd
+ cd /home/manu/Downloads/qt-everywhere-src-5.14.1/config.tests/x86_simd && MAKEFLAGS= make clean && MAKEFLAGS= make
> make[1]: Entering directory '/home/manu/Downloads/qt-everywhere-src-5.14.1/config.tests/x86_simd'
> rm -f main.o
> rm -f *~ core *.core
> make[1]: Leaving directory '/home/manu/Downloads/qt-everywhere-src-5.14.1/config.tests/x86_simd'
> make[1]: Entering directory '/home/manu/Downloads/qt-everywhere-src-5.14.1/config.tests/x86_simd'
> aarch64-linux-gnu-g++ -c -pipe -mtune=cortex-a57.cortex-a53 -march=armv8-a -mrdrnd -O2 -w -fPIC -DNO_ATTRIBUTE -DQT_COMPILER_SUPPORTS_RDRND -I/home/manu/Downloads/qt-everywhere-src-5.14.1/qtbase/config.tests/x86_simd -I. -isystem /usr/include/drm -I/home/manu/Downloads/qt-everywhere-src-5.14.1/qtbase/mkspecs/devices/linux-jetson-tx1-g++ -o main.o /home/manu/Downloads/qt-everywhere-src-5.14.1/qtbase/config.tests/x86_simd/main.cpp
> aarch64-linux-gnu-g++: error: unrecognized command line option ‘-mrdrnd’
> Makefile:1192: recipe for target 'main.o' failed
> make[1]: *** [main.o] Error 1
> make[1]: Leaving directory '/home/manu/Downloads/qt-everywhere-src-5.14.1/config.tests/x86_simd'
test config.qtbase.tests.rdrnd FAILED
executing config test reduce_exports
+ cd /home/manu/Downloads/qt-everywhere-src-5.14.1/config.tests/reduce_exports && /home/manu/Downloads/qt-everywhere-src-5.14.1/qtbase/bin/qmake "CONFIG -= qt debug_and_release app_bundle lib_bundle" "CONFIG += shared warn_off console single_arch" -early "CONFIG += cross_compile" /home/manu/Downloads/qt-everywhere-src-5.14.1/config.tests/reduce_exports
+ cd /home/manu/Downloads/qt-everywhere-src-5.14.1/config.tests/reduce_exports && MAKEFLAGS= make clean && MAKEFLAGS= make
> make[1]: Entering directory '/home/manu/Downloads/qt-everywhere-src-5.14.1/config.tests/reduce_exports'
> rm -f main.o
> rm -f *~ core *.core
> make[1]: Leaving directory '/home/manu/Downloads/qt-everywhere-src-5.14.1/config.tests/reduce_exports'
> make[1]: Entering directory '/home/manu/Downloads/qt-everywhere-src-5.14.1/config.tests/reduce_exports'
> aarch64-linux-gnu-g++ -c -pipe -mtune=cortex-a57.cortex-a53 -march=armv8-a -O2 -fvisibility=hidden -fvisibility-inlines-hidden -w -fPIC  -I. -isystem /usr/include/drm -I/home/manu/Downloads/qt-everywhere-src-5.14.1/qtbase/mkspecs/devices/linux-jetson-tx1-g++ -o main.o main.cpp
> rm -f libreduce_exports.so.1.0.0 libreduce_exports.so libreduce_exports.so.1 libreduce_exports.so.1.0
> aarch64-linux-gnu-g++ -Wl,-O1 -Wl,-rpath-link,/usr/lib -Wl,-rpath-link,/usr/lib/aarch64-linux-gnu -Wl,-rpath-link,/usr/lib/aarch64-linux-gnu/tegra -Wl,-rpath-link,/lib/aarch64-linux-gnu -shared -Wl,-soname,libreduce_exports.so.1 -o libreduce_exports.so.1.0.0 main.o    -L/usr/lib -L/lib/aarch64-linux-gnu -L/usr/lib/aarch64-linux-gnu  
> ln -s libreduce_exports.so.1.0.0 libreduce_exports.so
> ln -s libreduce_exports.so.1.0.0 libreduce_exports.so.1
> ln -s libreduce_exports.so.1.0.0 libreduce_exports.so.1.0
> make[1]: Leaving directory '/home/manu/Downloads/qt-everywhere-src-5.14.1/config.tests/reduce_exports'
test config.qtbase.tests.reduce_exports succeeded
executing config test reduce_relocations
+ cd /home/manu/Downloads/qt-everywhere-src-5.14.1/config.tests/reduce_relocations && /home/manu/Downloads/qt-everywhere-src-5.14.1/qtbase/bin/qmake "CONFIG -= qt debug_and_release app_bundle lib_bundle" "CONFIG += shared warn_off console single_arch" -early "CONFIG += cross_compile" /home/manu/Downloads/qt-everywhere-src-5.14.1/config.tests/reduce_relocations
+ cd /home/manu/Downloads/qt-everywhere-src-5.14.1/config.tests/reduce_relocations && MAKEFLAGS= make clean && MAKEFLAGS= make
> make[1]: Entering directory '/home/manu/Downloads/qt-everywhere-src-5.14.1/config.tests/reduce_relocations'
> rm -f main.o
> rm -f *~ core *.core
> make[1]: Leaving directory '/home/manu/Downloads/qt-everywhere-src-5.14.1/config.tests/reduce_relocations'
> make[1]: Entering directory '/home/manu/Downloads/qt-everywhere-src-5.14.1/config.tests/reduce_relocations'
> aarch64-linux-gnu-g++ -c -pipe -mtune=cortex-a57.cortex-a53 -march=armv8-a -O2 -w -fPIC  -I. -isystem /usr/include/drm -I/home/manu/Downloads/qt-everywhere-src-5.14.1/qtbase/mkspecs/devices/linux-jetson-tx1-g++ -o main.o main.cpp
> main.cpp:3:4: error: #error Symbolic function binding on this architecture may be broken, disabling it (see QTBUG-36129).
>  #  error Symbolic function binding on this architecture may be broken, disabling it (see QTBUG-36129).
>     ^~~~~
> Makefile:1209: recipe for target 'main.o' failed
> make[1]: *** [main.o] Error 1
> make[1]: Leaving directory '/home/manu/Downloads/qt-everywhere-src-5.14.1/config.tests/reduce_relocations'
test config.qtbase.tests.reduce_relocations FAILED
executing config test signaling_nan
+ cd /home/manu/Downloads/qt-everywhere-src-5.14.1/config.tests/signaling_nan && /home/manu/Downloads/qt-everywhere-src-5.14.1/qtbase/bin/qmake "CONFIG -= qt debug_and_release app_bundle lib_bundle" "CONFIG += shared warn_off console single_arch" -early "CONFIG += cross_compile" /home/manu/Downloads/qt-everywhere-src-5.14.1/config.tests/signaling_nan
+ cd /home/manu/Downloads/qt-everywhere-src-5.14.1/config.tests/signaling_nan && MAKEFLAGS= make clean && MAKEFLAGS= make
> make[1]: Entering directory '/home/manu/Downloads/qt-everywhere-src-5.14.1/config.tests/signaling_nan'
> rm -f main.o
> rm -f *~ core *.core
> make[1]: Leaving directory '/home/manu/Downloads/qt-everywhere-src-5.14.1/config.tests/signaling_nan'
> make[1]: Entering directory '/home/manu/Downloads/qt-everywhere-src-5.14.1/config.tests/signaling_nan'
> aarch64-linux-gnu-g++ -c -pipe -mtune=cortex-a57.cortex-a53 -march=armv8-a -O2 -w -fPIC  -I. -isystem /usr/include/drm -I/home/manu/Downloads/qt-everywhere-src-5.14.1/qtbase/mkspecs/devices/linux-jetson-tx1-g++ -o main.o main.cpp
> aarch64-linux-gnu-g++ -Wl,-O1 -Wl,-rpath-link,/usr/lib -Wl,-rpath-link,/usr/lib/aarch64-linux-gnu -Wl,-rpath-link,/usr/lib/aarch64-linux-gnu/tegra -Wl,-rpath-link,/lib/aarch64-linux-gnu -o signaling_nan main.o     -L/usr/lib -L/lib/aarch64-linux-gnu -L/usr/lib/aarch64-linux-gnu 
> make[1]: Leaving directory '/home/manu/Downloads/qt-everywhere-src-5.14.1/config.tests/signaling_nan'
test config.qtbase.tests.signaling_nan succeeded
executing config test stl
+ cd /home/manu/Downloads/qt-everywhere-src-5.14.1/config.tests/stl && /home/manu/Downloads/qt-everywhere-src-5.14.1/qtbase/bin/qmake "CONFIG -= qt debug_and_release app_bundle lib_bundle" "CONFIG += shared warn_off console single_arch" -early "CONFIG += cross_compile" /home/manu/Downloads/qt-everywhere-src-5.14.1/qtbase/config.tests/stl
+ cd /home/manu/Downloads/qt-everywhere-src-5.14.1/config.tests/stl && MAKEFLAGS= make clean && MAKEFLAGS= make
> make[1]: Entering directory '/home/manu/Downloads/qt-everywhere-src-5.14.1/config.tests/stl'
> rm -f stltest.o
> rm -f *~ core *.core
> make[1]: Leaving directory '/home/manu/Downloads/qt-everywhere-src-5.14.1/config.tests/stl'
> make[1]: Entering directory '/home/manu/Downloads/qt-everywhere-src-5.14.1/config.tests/stl'
> aarch64-linux-gnu-g++ -c -pipe -mtune=cortex-a57.cortex-a53 -march=armv8-a -O2 -w -fPIC  -I/home/manu/Downloads/qt-everywhere-src-5.14.1/qtbase/config.tests/stl -I. -isystem /usr/include/drm -I/home/manu/Downloads/qt-everywhere-src-5.14.1/qtbase/mkspecs/devices/linux-jetson-tx1-g++ -o stltest.o /home/manu/Downloads/qt-everywhere-src-5.14.1/qtbase/config.tests/stl/stltest.cpp
> aarch64-linux-gnu-g++ -Wl,-O1 -Wl,-rpath-link,/usr/lib -Wl,-rpath-link,/usr/lib/aarch64-linux-gnu -Wl,-rpath-link,/usr/lib/aarch64-linux-gnu/tegra -Wl,-rpath-link,/lib/aarch64-linux-gnu -o stl stltest.o     -L/usr/lib -L/lib/aarch64-linux-gnu -L/usr/lib/aarch64-linux-gnu 
> make[1]: Leaving directory '/home/manu/Downloads/qt-everywhere-src-5.14.1/config.tests/stl'
test config.qtbase.tests.stl succeeded
looking for library zlib
Trying source 0 (type inline) of library zlib ...
  => source failed condition 'config.msvc'.
Trying source 1 (type inline) of library zlib ...
  => source failed condition 'config.msvc'.
Trying source 2 (type inline) of library zlib ...
+ cd /home/manu/Downloads/qt-everywhere-src-5.14.1/config.tests/zlib && /home/manu/Downloads/qt-everywhere-src-5.14.1/qtbase/bin/qmake "CONFIG -= qt debug_and_release app_bundle lib_bundle" "CONFIG += shared warn_off console single_arch" -early "CONFIG += cross_compile" 'QMAKE_USE += zlib' 'QMAKE_LIBS_ZLIB = -lz' /home/manu/Downloads/qt-everywhere-src-5.14.1/config.tests/zlib
+ cd /home/manu/Downloads/qt-everywhere-src-5.14.1/config.tests/zlib && MAKEFLAGS= make clean && MAKEFLAGS= make
> make[1]: Entering directory '/home/manu/Downloads/qt-everywhere-src-5.14.1/config.tests/zlib'
> rm -f main.o
> rm -f *~ core *.core
> make[1]: Leaving directory '/home/manu/Downloads/qt-everywhere-src-5.14.1/config.tests/zlib'
> make[1]: Entering directory '/home/manu/Downloads/qt-everywhere-src-5.14.1/config.tests/zlib'
> aarch64-linux-gnu-g++ -c -pipe -mtune=cortex-a57.cortex-a53 -march=armv8-a -O2 -w -fPIC  -I. -isystem /usr/include/drm -I/home/manu/Downloads/qt-everywhere-src-5.14.1/qtbase/mkspecs/devices/linux-jetson-tx1-g++ -o main.o main.cpp
> aarch64-linux-gnu-g++ -Wl,-O1 -Wl,-rpath-link,/usr/lib -Wl,-rpath-link,/usr/lib/aarch64-linux-gnu -Wl,-rpath-link,/usr/lib/aarch64-linux-gnu/tegra -Wl,-rpath-link,/lib/aarch64-linux-gnu -o zlib main.o   -lz  -L/usr/lib -L/lib/aarch64-linux-gnu -L/usr/lib/aarch64-linux-gnu 
> make[1]: Leaving directory '/home/manu/Downloads/qt-everywhere-src-5.14.1/config.tests/zlib'
 => source accepted.
test config.qtbase.libraries.zlib succeeded
looking for library zstd
Trying source 0 (type pkgConfig) of library zstd ...
pkg-config use disabled globally.
  => source produced no result.
Trying source 1 (type inline) of library zstd ...
+ cd /home/manu/Downloads/qt-everywhere-src-5.14.1/config.tests/zstd && /home/manu/Downloads/qt-everywhere-src-5.14.1/qtbase/bin/qmake "CONFIG -= qt debug_and_release app_bundle lib_bundle" "CONFIG += shared warn_off console single_arch" -early "CONFIG += cross_compile" 'QMAKE_USE += zstd' 'QMAKE_LIBS_ZSTD = -lzstd' /home/manu/Downloads/qt-everywhere-src-5.14.1/config.tests/zstd
+ cd /home/manu/Downloads/qt-everywhere-src-5.14.1/config.tests/zstd && MAKEFLAGS= make clean && MAKEFLAGS= make
> make[1]: Entering directory '/home/manu/Downloads/qt-everywhere-src-5.14.1/config.tests/zstd'
> rm -f main.o
> rm -f *~ core *.core
> make[1]: Leaving directory '/home/manu/Downloads/qt-everywhere-src-5.14.1/config.tests/zstd'
> make[1]: Entering directory '/home/manu/Downloads/qt-everywhere-src-5.14.1/config.tests/zstd'
> aarch64-linux-gnu-g++ -c -pipe -mtune=cortex-a57.cortex-a53 -march=armv8-a -O2 -w -fPIC  -I. -isystem /usr/include/drm -I/home/manu/Downloads/qt-everywhere-src-5.14.1/qtbase/mkspecs/devices/linux-jetson-tx1-g++ -o main.o main.cpp
> main.cpp:2:10: fatal error: zstd.h: No such file or directory
>  #include <zstd.h>
>           ^~~~~~~~
> compilation terminated.
> Makefile:1189: recipe for target 'main.o' failed
> make[1]: *** [main.o] Error 1
> make[1]: Leaving directory '/home/manu/Downloads/qt-everywhere-src-5.14.1/config.tests/zstd'
 => source failed verification.
test config.qtbase.libraries.zstd FAILED
looking for library librt
Trying source 0 (type inline) of library librt ...
+ cd /home/manu/Downloads/qt-everywhere-src-5.14.1/config.tests/librt && /home/manu/Downloads/qt-everywhere-src-5.14.1/qtbase/bin/qmake "CONFIG -= qt debug_and_release app_bundle lib_bundle" "CONFIG += shared warn_off console single_arch" -early "CONFIG += cross_compile" 'QMAKE_USE += librt' 'QMAKE_LIBS_LIBRT = ' /home/manu/Downloads/qt-everywhere-src-5.14.1/config.tests/librt
+ cd /home/manu/Downloads/qt-everywhere-src-5.14.1/config.tests/librt && MAKEFLAGS= make clean && MAKEFLAGS= make
> make[1]: Entering directory '/home/manu/Downloads/qt-everywhere-src-5.14.1/config.tests/librt'
> rm -f main.o
> rm -f *~ core *.core
> make[1]: Leaving directory '/home/manu/Downloads/qt-everywhere-src-5.14.1/config.tests/librt'
> make[1]: Entering directory '/home/manu/Downloads/qt-everywhere-src-5.14.1/config.tests/librt'
> aarch64-linux-gnu-g++ -c -pipe -mtune=cortex-a57.cortex-a53 -march=armv8-a -O2 -w -fPIC  -I. -isystem /usr/include/drm -I/home/manu/Downloads/qt-everywhere-src-5.14.1/qtbase/mkspecs/devices/linux-jetson-tx1-g++ -o main.o main.cpp
> aarch64-linux-gnu-g++ -Wl,-O1 -Wl,-rpath-link,/usr/lib -Wl,-rpath-link,/usr/lib/aarch64-linux-gnu -Wl,-rpath-link,/usr/lib/aarch64-linux-gnu/tegra -Wl,-rpath-link,/lib/aarch64-linux-gnu -o librt main.o     -L/usr/lib -L/lib/aarch64-linux-gnu -L/usr/lib/aarch64-linux-gnu 
> make[1]: Leaving directory '/home/manu/Downloads/qt-everywhere-src-5.14.1/config.tests/librt'
 => source accepted.
test config.qtbase_corelib.libraries.librt succeeded
executing config test clock-monotonic
+ cd /home/manu/Downloads/qt-everywhere-src-5.14.1/config.tests/clock-monotonic && /home/manu/Downloads/qt-everywhere-src-5.14.1/qtbase/bin/qmake "CONFIG -= qt debug_and_release app_bundle lib_bundle" "CONFIG += shared warn_off console single_arch" -early "CONFIG += cross_compile" 'QMAKE_USE += librt' 'QMAKE_LIBS_LIBRT = ' /home/manu/Downloads/qt-everywhere-src-5.14.1/config.tests/clock-monotonic
+ cd /home/manu/Downloads/qt-everywhere-src-5.14.1/config.tests/clock-monotonic && MAKEFLAGS= make clean && MAKEFLAGS= make
> make[1]: Entering directory '/home/manu/Downloads/qt-everywhere-src-5.14.1/config.tests/clock-monotonic'
> rm -f main.o
> rm -f *~ core *.core
> make[1]: Leaving directory '/home/manu/Downloads/qt-everywhere-src-5.14.1/config.tests/clock-monotonic'
> make[1]: Entering directory '/home/manu/Downloads/qt-everywhere-src-5.14.1/config.tests/clock-monotonic'
> aarch64-linux-gnu-g++ -c -pipe -mtune=cortex-a57.cortex-a53 -march=armv8-a -O2 -w -fPIC  -I. -isystem /usr/include/drm -I/home/manu/Downloads/qt-everywhere-src-5.14.1/qtbase/mkspecs/devices/linux-jetson-tx1-g++ -o main.o main.cpp
> aarch64-linux-gnu-g++ -Wl,-O1 -Wl,-rpath-link,/usr/lib -Wl,-rpath-link,/usr/lib/aarch64-linux-gnu -Wl,-rpath-link,/usr/lib/aarch64-linux-gnu/tegra -Wl,-rpath-link,/lib/aarch64-linux-gnu -o clock-monotonic main.o     -L/usr/lib -L/lib/aarch64-linux-gnu -L/usr/lib/aarch64-linux-gnu 
> make[1]: Leaving directory '/home/manu/Downloads/qt-everywhere-src-5.14.1/config.tests/clock-monotonic'
test config.qtbase_corelib.tests.clock-monotonic succeeded
executing config test cxx11_future
+ cd /home/manu/Downloads/qt-everywhere-src-5.14.1/config.tests/cxx11_future && /home/manu/Downloads/qt-everywhere-src-5.14.1/qtbase/bin/qmake "CONFIG -= qt debug_and_release app_bundle lib_bundle" "CONFIG += shared warn_off console single_arch" -early "CONFIG += cross_compile" /home/manu/Downloads/qt-everywhere-src-5.14.1/config.tests/cxx11_future
+ cd /home/manu/Downloads/qt-everywhere-src-5.14.1/config.tests/cxx11_future && MAKEFLAGS= make clean && MAKEFLAGS= make
> make[1]: Entering directory '/home/manu/Downloads/qt-everywhere-src-5.14.1/config.tests/cxx11_future'
> rm -f main.o
> rm -f *~ core *.core
> make[1]: Leaving directory '/home/manu/Downloads/qt-everywhere-src-5.14.1/config.tests/cxx11_future'
> make[1]: Entering directory '/home/manu/Downloads/qt-everywhere-src-5.14.1/config.tests/cxx11_future'
> aarch64-linux-gnu-g++ -c -pipe -mtune=cortex-a57.cortex-a53 -march=armv8-a -O2 -w -fPIC  -I. -isystem /usr/include/drm -I/home/manu/Downloads/qt-everywhere-src-5.14.1/qtbase/mkspecs/devices/linux-jetson-tx1-g++ -o main.o main.cpp
> aarch64-linux-gnu-g++ -Wl,-O1 -Wl,-rpath-link,/usr/lib -Wl,-rpath-link,/usr/lib/aarch64-linux-gnu -Wl,-rpath-link,/usr/lib/aarch64-linux-gnu/tegra -Wl,-rpath-link,/lib/aarch64-linux-gnu -o cxx11_future main.o   -lpthread  -L/usr/lib -L/lib/aarch64-linux-gnu -L/usr/lib/aarch64-linux-gnu 
> make[1]: Leaving directory '/home/manu/Downloads/qt-everywhere-src-5.14.1/config.tests/cxx11_future'
test config.qtbase_corelib.tests.cxx11_future succeeded
executing config test eventfd
+ cd /home/manu/Downloads/qt-everywhere-src-5.14.1/config.tests/eventfd && /home/manu/Downloads/qt-everywhere-src-5.14.1/qtbase/bin/qmake "CONFIG -= qt debug_and_release app_bundle lib_bundle" "CONFIG += shared warn_off console single_arch" -early "CONFIG += cross_compile" /home/manu/Downloads/qt-everywhere-src-5.14.1/config.tests/eventfd
+ cd /home/manu/Downloads/qt-everywhere-src-5.14.1/config.tests/eventfd && MAKEFLAGS= make clean && MAKEFLAGS= make
> make[1]: Entering directory '/home/manu/Downloads/qt-everywhere-src-5.14.1/config.tests/eventfd'
> rm -f main.o
> rm -f *~ core *.core
> make[1]: Leaving directory '/home/manu/Downloads/qt-everywhere-src-5.14.1/config.tests/eventfd'
> make[1]: Entering directory '/home/manu/Downloads/qt-everywhere-src-5.14.1/config.tests/eventfd'
> aarch64-linux-gnu-g++ -c -pipe -mtune=cortex-a57.cortex-a53 -march=armv8-a -O2 -w -fPIC  -I. -isystem /usr/include/drm -I/home/manu/Downloads/qt-everywhere-src-5.14.1/qtbase/mkspecs/devices/linux-jetson-tx1-g++ -o main.o main.cpp
> aarch64-linux-gnu-g++ -Wl,-O1 -Wl,-rpath-link,/usr/lib -Wl,-rpath-link,/usr/lib/aarch64-linux-gnu -Wl,-rpath-link,/usr/lib/aarch64-linux-gnu/tegra -Wl,-rpath-link,/lib/aarch64-linux-gnu -o eventfd main.o     -L/usr/lib -L/lib/aarch64-linux-gnu -L/usr/lib/aarch64-linux-gnu 
> make[1]: Leaving directory '/home/manu/Downloads/qt-everywhere-src-5.14.1/config.tests/eventfd'
test config.qtbase_corelib.tests.eventfd succeeded
executing config test futimens
+ cd /home/manu/Downloads/qt-everywhere-src-5.14.1/config.tests/futimens && /home/manu/Downloads/qt-everywhere-src-5.14.1/qtbase/bin/qmake "CONFIG -= qt debug_and_release app_bundle lib_bundle" "CONFIG += shared warn_off console single_arch" -early "CONFIG += cross_compile" /home/manu/Downloads/qt-everywhere-src-5.14.1/config.tests/futimens
+ cd /home/manu/Downloads/qt-everywhere-src-5.14.1/config.tests/futimens && MAKEFLAGS= make clean && MAKEFLAGS= make
> make[1]: Entering directory '/home/manu/Downloads/qt-everywhere-src-5.14.1/config.tests/futimens'
> rm -f main.o
> rm -f *~ core *.core
> make[1]: Leaving directory '/home/manu/Downloads/qt-everywhere-src-5.14.1/config.tests/futimens'
> make[1]: Entering directory '/home/manu/Downloads/qt-everywhere-src-5.14.1/config.tests/futimens'
> aarch64-linux-gnu-g++ -c -pipe -mtune=cortex-a57.cortex-a53 -march=armv8-a -O2 -w -fPIC  -I. -isystem /usr/include/drm -I/home/manu/Downloads/qt-everywhere-src-5.14.1/qtbase/mkspecs/devices/linux-jetson-tx1-g++ -o main.o main.cpp
> aarch64-linux-gnu-g++ -Wl,-O1 -Wl,-rpath-link,/usr/lib -Wl,-rpath-link,/usr/lib/aarch64-linux-gnu -Wl,-rpath-link,/usr/lib/aarch64-linux-gnu/tegra -Wl,-rpath-link,/lib/aarch64-linux-gnu -o futimens main.o     -L/usr/lib -L/lib/aarch64-linux-gnu -L/usr/lib/aarch64-linux-gnu 
> make[1]: Leaving directory '/home/manu/Downloads/qt-everywhere-src-5.14.1/config.tests/futimens'
test config.qtbase_corelib.tests.futimens succeeded
executing config test getauxval
+ cd /home/manu/Downloads/qt-everywhere-src-5.14.1/config.tests/getauxval && /home/manu/Downloads/qt-everywhere-src-5.14.1/qtbase/bin/qmake "CONFIG -= qt debug_and_release app_bundle lib_bundle" "CONFIG += shared warn_off console single_arch" -early "CONFIG += cross_compile" /home/manu/Downloads/qt-everywhere-src-5.14.1/config.tests/getauxval
+ cd /home/manu/Downloads/qt-everywhere-src-5.14.1/config.tests/getauxval && MAKEFLAGS= make clean && MAKEFLAGS= make
> make[1]: Entering directory '/home/manu/Downloads/qt-everywhere-src-5.14.1/config.tests/getauxval'
> rm -f main.o
> rm -f *~ core *.core
> make[1]: Leaving directory '/home/manu/Downloads/qt-everywhere-src-5.14.1/config.tests/getauxval'
> make[1]: Entering directory '/home/manu/Downloads/qt-everywhere-src-5.14.1/config.tests/getauxval'
> aarch64-linux-gnu-g++ -c -pipe -mtune=cortex-a57.cortex-a53 -march=armv8-a -O2 -w -fPIC  -I. -isystem /usr/include/drm -I/home/manu/Downloads/qt-everywhere-src-5.14.1/qtbase/mkspecs/devices/linux-jetson-tx1-g++ -o main.o main.cpp
> aarch64-linux-gnu-g++ -Wl,-O1 -Wl,-rpath-link,/usr/lib -Wl,-rpath-link,/usr/lib/aarch64-linux-gnu -Wl,-rpath-link,/usr/lib/aarch64-linux-gnu/tegra -Wl,-rpath-link,/lib/aarch64-linux-gnu -o getauxval main.o     -L/usr/lib -L/lib/aarch64-linux-gnu -L/usr/lib/aarch64-linux-gnu 
> make[1]: Leaving directory '/home/manu/Downloads/qt-everywhere-src-5.14.1/config.tests/getauxval'
test config.qtbase_corelib.tests.getauxval succeeded
executing config test getentropy
+ cd /home/manu/Downloads/qt-everywhere-src-5.14.1/config.tests/getentropy && /home/manu/Downloads/qt-everywhere-src-5.14.1/qtbase/bin/qmake "CONFIG -= qt debug_and_release app_bundle lib_bundle" "CONFIG += shared warn_off console single_arch" -early "CONFIG += cross_compile" /home/manu/Downloads/qt-everywhere-src-5.14.1/config.tests/getentropy
+ cd /home/manu/Downloads/qt-everywhere-src-5.14.1/config.tests/getentropy && MAKEFLAGS= make clean && MAKEFLAGS= make
> make[1]: Entering directory '/home/manu/Downloads/qt-everywhere-src-5.14.1/config.tests/getentropy'
> rm -f main.o
> rm -f *~ core *.core
> make[1]: Leaving directory '/home/manu/Downloads/qt-everywhere-src-5.14.1/config.tests/getentropy'
> make[1]: Entering directory '/home/manu/Downloads/qt-everywhere-src-5.14.1/config.tests/getentropy'
> aarch64-linux-gnu-g++ -c -pipe -mtune=cortex-a57.cortex-a53 -march=armv8-a -O2 -w -fPIC  -I. -isystem /usr/include/drm -I/home/manu/Downloads/qt-everywhere-src-5.14.1/qtbase/mkspecs/devices/linux-jetson-tx1-g++ -o main.o main.cpp
> aarch64-linux-gnu-g++ -Wl,-O1 -Wl,-rpath-link,/usr/lib -Wl,-rpath-link,/usr/lib/aarch64-linux-gnu -Wl,-rpath-link,/usr/lib/aarch64-linux-gnu/tegra -Wl,-rpath-link,/lib/aarch64-linux-gnu -o getentropy main.o     -L/usr/lib -L/lib/aarch64-linux-gnu -L/usr/lib/aarch64-linux-gnu 
> make[1]: Leaving directory '/home/manu/Downloads/qt-everywhere-src-5.14.1/config.tests/getentropy'
test config.qtbase_corelib.tests.getentropy succeeded
looking for library glib
Trying source 0 (type pkgConfig) of library glib ...
pkg-config use disabled globally.
  => source produced no result.
test config.qtbase_corelib.libraries.glib FAILED
executing config test glibc
+ cd /home/manu/Downloads/qt-everywhere-src-5.14.1/config.tests/glibc && /home/manu/Downloads/qt-everywhere-src-5.14.1/qtbase/bin/qmake "CONFIG -= qt debug_and_release app_bundle lib_bundle" "CONFIG += shared warn_off console single_arch" -early "CONFIG += cross_compile" /home/manu/Downloads/qt-everywhere-src-5.14.1/config.tests/glibc
+ cd /home/manu/Downloads/qt-everywhere-src-5.14.1/config.tests/glibc && MAKEFLAGS= make clean && MAKEFLAGS= make
> make[1]: Entering directory '/home/manu/Downloads/qt-everywhere-src-5.14.1/config.tests/glibc'
> rm -f main.o
> rm -f *~ core *.core
> make[1]: Leaving directory '/home/manu/Downloads/qt-everywhere-src-5.14.1/config.tests/glibc'
> make[1]: Entering directory '/home/manu/Downloads/qt-everywhere-src-5.14.1/config.tests/glibc'
> aarch64-linux-gnu-g++ -c -pipe -mtune=cortex-a57.cortex-a53 -march=armv8-a -O2 -w -fPIC  -I. -isystem /usr/include/drm -I/home/manu/Downloads/qt-everywhere-src-5.14.1/qtbase/mkspecs/devices/linux-jetson-tx1-g++ -o main.o main.cpp
> aarch64-linux-gnu-g++ -Wl,-O1 -Wl,-rpath-link,/usr/lib -Wl,-rpath-link,/usr/lib/aarch64-linux-gnu -Wl,-rpath-link,/usr/lib/aarch64-linux-gnu/tegra -Wl,-rpath-link,/lib/aarch64-linux-gnu -o glibc main.o     -L/usr/lib -L/lib/aarch64-linux-gnu -L/usr/lib/aarch64-linux-gnu 
> make[1]: Leaving directory '/home/manu/Downloads/qt-everywhere-src-5.14.1/config.tests/glibc'
test config.qtbase_corelib.tests.glibc succeeded
looking for library posix_iconv
Trying source 0 (type inline) of library posix_iconv ...
  => source failed condition 'config.openbsd || config.haiku'.
Trying source 1 (type inline) of library posix_iconv ...
+ cd /home/manu/Downloads/qt-everywhere-src-5.14.1/config.tests/posix_iconv && /home/manu/Downloads/qt-everywhere-src-5.14.1/qtbase/bin/qmake "CONFIG -= qt debug_and_release app_bundle lib_bundle" "CONFIG += shared warn_off console single_arch" -early "CONFIG += cross_compile" 'QMAKE_USE += posix_iconv' 'QMAKE_LIBS_POSIX_ICONV = ' /home/manu/Downloads/qt-everywhere-src-5.14.1/config.tests/posix_iconv
+ cd /home/manu/Downloads/qt-everywhere-src-5.14.1/config.tests/posix_iconv && MAKEFLAGS= make clean && MAKEFLAGS= make
> make[1]: Entering directory '/home/manu/Downloads/qt-everywhere-src-5.14.1/config.tests/posix_iconv'
> rm -f main.o
> rm -f *~ core *.core
> make[1]: Leaving directory '/home/manu/Downloads/qt-everywhere-src-5.14.1/config.tests/posix_iconv'
> make[1]: Entering directory '/home/manu/Downloads/qt-everywhere-src-5.14.1/config.tests/posix_iconv'
> aarch64-linux-gnu-g++ -c -pipe -mtune=cortex-a57.cortex-a53 -march=armv8-a -O2 -w -fPIC  -I. -isystem /usr/include/drm -I/home/manu/Downloads/qt-everywhere-src-5.14.1/qtbase/mkspecs/devices/linux-jetson-tx1-g++ -o main.o main.cpp
> aarch64-linux-gnu-g++ -Wl,-O1 -Wl,-rpath-link,/usr/lib -Wl,-rpath-link,/usr/lib/aarch64-linux-gnu -Wl,-rpath-link,/usr/lib/aarch64-linux-gnu/tegra -Wl,-rpath-link,/lib/aarch64-linux-gnu -o posix_iconv main.o     -L/usr/lib -L/lib/aarch64-linux-gnu -L/usr/lib/aarch64-linux-gnu 
> make[1]: Leaving directory '/home/manu/Downloads/qt-everywhere-src-5.14.1/config.tests/posix_iconv'
 => source accepted.
test config.qtbase_corelib.libraries.posix_iconv succeeded
looking for library icu
Trying source 0 (type inline) of library icu ...
  => source failed condition 'config.win32 && !features.shared'.
Trying source 1 (type inline) of library icu ...
  => source failed condition 'config.win32 && features.shared'.
Trying source 2 (type inline) of library icu ...
+ cd /home/manu/Downloads/qt-everywhere-src-5.14.1/config.tests/icu && /home/manu/Downloads/qt-everywhere-src-5.14.1/qtbase/bin/qmake "CONFIG -= qt debug_and_release app_bundle lib_bundle" "CONFIG += shared warn_off console single_arch" -early "CONFIG += cross_compile" 'QMAKE_USE += icu' 'QMAKE_LIBS_ICU = -licui18n -licuuc -licudata' 'QMAKE_DEPENDS_ICU_CC = LIBDL' 'QMAKE_DEPENDS_ICU_LD = LIBDL' 'QMAKE_LIBS_LIBDL = -ldl' /home/manu/Downloads/qt-everywhere-src-5.14.1/config.tests/icu
+ cd /home/manu/Downloads/qt-everywhere-src-5.14.1/config.tests/icu && MAKEFLAGS= make clean && MAKEFLAGS= make
> make[1]: Entering directory '/home/manu/Downloads/qt-everywhere-src-5.14.1/config.tests/icu'
> rm -f main.o
> rm -f *~ core *.core
> make[1]: Leaving directory '/home/manu/Downloads/qt-everywhere-src-5.14.1/config.tests/icu'
> make[1]: Entering directory '/home/manu/Downloads/qt-everywhere-src-5.14.1/config.tests/icu'
> aarch64-linux-gnu-g++ -c -pipe -mtune=cortex-a57.cortex-a53 -march=armv8-a -O2 -w -fPIC  -I. -isystem /usr/include/drm -I/home/manu/Downloads/qt-everywhere-src-5.14.1/qtbase/mkspecs/devices/linux-jetson-tx1-g++ -o main.o main.cpp
> aarch64-linux-gnu-g++ -Wl,-O1 -Wl,-rpath-link,/usr/lib -Wl,-rpath-link,/usr/lib/aarch64-linux-gnu -Wl,-rpath-link,/usr/lib/aarch64-linux-gnu/tegra -Wl,-rpath-link,/lib/aarch64-linux-gnu -o icu main.o   -licui18n -licuuc -licudata -ldl  -L/usr/lib -L/lib/aarch64-linux-gnu -L/usr/lib/aarch64-linux-gnu 
> make[1]: Leaving directory '/home/manu/Downloads/qt-everywhere-src-5.14.1/config.tests/icu'
 => source accepted.
test config.qtbase_corelib.libraries.icu succeeded
executing config test inotify
+ cd /home/manu/Downloads/qt-everywhere-src-5.14.1/config.tests/inotify && /home/manu/Downloads/qt-everywhere-src-5.14.1/qtbase/bin/qmake "CONFIG -= qt debug_and_release app_bundle lib_bundle" "CONFIG += shared warn_off console single_arch" -early "CONFIG += cross_compile" /home/manu/Downloads/qt-everywhere-src-5.14.1/config.tests/inotify
+ cd /home/manu/Downloads/qt-everywhere-src-5.14.1/config.tests/inotify && MAKEFLAGS= make clean && MAKEFLAGS= make
> make[1]: Entering directory '/home/manu/Downloads/qt-everywhere-src-5.14.1/config.tests/inotify'
> rm -f main.o
> rm -f *~ core *.core
> make[1]: Leaving directory '/home/manu/Downloads/qt-everywhere-src-5.14.1/config.tests/inotify'
> make[1]: Entering directory '/home/manu/Downloads/qt-everywhere-src-5.14.1/config.tests/inotify'
> aarch64-linux-gnu-g++ -c -pipe -mtune=cortex-a57.cortex-a53 -march=armv8-a -O2 -w -fPIC  -I. -isystem /usr/include/drm -I/home/manu/Downloads/qt-everywhere-src-5.14.1/qtbase/mkspecs/devices/linux-jetson-tx1-g++ -o main.o main.cpp
> aarch64-linux-gnu-g++ -Wl,-O1 -Wl,-rpath-link,/usr/lib -Wl,-rpath-link,/usr/lib/aarch64-linux-gnu -Wl,-rpath-link,/usr/lib/aarch64-linux-gnu/tegra -Wl,-rpath-link,/lib/aarch64-linux-gnu -o inotify main.o     -L/usr/lib -L/lib/aarch64-linux-gnu -L/usr/lib/aarch64-linux-gnu 
> make[1]: Leaving directory '/home/manu/Downloads/qt-everywhere-src-5.14.1/config.tests/inotify'
test config.qtbase_corelib.tests.inotify succeeded
executing config test ipc_sysv
+ cd /home/manu/Downloads/qt-everywhere-src-5.14.1/config.tests/ipc_sysv && /home/manu/Downloads/qt-everywhere-src-5.14.1/qtbase/bin/qmake "CONFIG -= qt debug_and_release app_bundle lib_bundle" "CONFIG += shared warn_off console single_arch" -early "CONFIG += cross_compile" /home/manu/Downloads/qt-everywhere-src-5.14.1/config.tests/ipc_sysv
+ cd /home/manu/Downloads/qt-everywhere-src-5.14.1/config.tests/ipc_sysv && MAKEFLAGS= make clean && MAKEFLAGS= make
> make[1]: Entering directory '/home/manu/Downloads/qt-everywhere-src-5.14.1/config.tests/ipc_sysv'
> rm -f main.o
> rm -f *~ core *.core
> make[1]: Leaving directory '/home/manu/Downloads/qt-everywhere-src-5.14.1/config.tests/ipc_sysv'
> make[1]: Entering directory '/home/manu/Downloads/qt-everywhere-src-5.14.1/config.tests/ipc_sysv'
> aarch64-linux-gnu-g++ -c -pipe -mtune=cortex-a57.cortex-a53 -march=armv8-a -O2 -w -fPIC  -I. -isystem /usr/include/drm -I/home/manu/Downloads/qt-everywhere-src-5.14.1/qtbase/mkspecs/devices/linux-jetson-tx1-g++ -o main.o main.cpp
> aarch64-linux-gnu-g++ -Wl,-O1 -Wl,-rpath-link,/usr/lib -Wl,-rpath-link,/usr/lib/aarch64-linux-gnu -Wl,-rpath-link,/usr/lib/aarch64-linux-gnu/tegra -Wl,-rpath-link,/lib/aarch64-linux-gnu -o ipc_sysv main.o     -L/usr/lib -L/lib/aarch64-linux-gnu -L/usr/lib/aarch64-linux-gnu 
> make[1]: Leaving directory '/home/manu/Downloads/qt-everywhere-src-5.14.1/config.tests/ipc_sysv'
test config.qtbase_corelib.tests.ipc_sysv succeeded
executing config test linkat
+ cd /home/manu/Downloads/qt-everywhere-src-5.14.1/config.tests/linkat && /home/manu/Downloads/qt-everywhere-src-5.14.1/qtbase/bin/qmake "CONFIG -= qt debug_and_release app_bundle lib_bundle" "CONFIG += shared warn_off console single_arch" -early "CONFIG += cross_compile" /home/manu/Downloads/qt-everywhere-src-5.14.1/config.tests/linkat
+ cd /home/manu/Downloads/qt-everywhere-src-5.14.1/config.tests/linkat && MAKEFLAGS= make clean && MAKEFLAGS= make
> make[1]: Entering directory '/home/manu/Downloads/qt-everywhere-src-5.14.1/config.tests/linkat'
> rm -f main.o
> rm -f *~ core *.core
> make[1]: Leaving directory '/home/manu/Downloads/qt-everywhere-src-5.14.1/config.tests/linkat'
> make[1]: Entering directory '/home/manu/Downloads/qt-everywhere-src-5.14.1/config.tests/linkat'
> aarch64-linux-gnu-g++ -c -pipe -mtune=cortex-a57.cortex-a53 -march=armv8-a -O2 -w -fPIC  -I. -isystem /usr/include/drm -I/home/manu/Downloads/qt-everywhere-src-5.14.1/qtbase/mkspecs/devices/linux-jetson-tx1-g++ -o main.o main.cpp
> aarch64-linux-gnu-g++ -Wl,-O1 -Wl,-rpath-link,/usr/lib -Wl,-rpath-link,/usr/lib/aarch64-linux-gnu -Wl,-rpath-link,/usr/lib/aarch64-linux-gnu/tegra -Wl,-rpath-link,/lib/aarch64-linux-gnu -o linkat main.o     -L/usr/lib -L/lib/aarch64-linux-gnu -L/usr/lib/aarch64-linux-gnu 
> make[1]: Leaving directory '/home/manu/Downloads/qt-everywhere-src-5.14.1/config.tests/linkat'
test config.qtbase_corelib.tests.linkat succeeded
executing config test ppoll
+ cd /home/manu/Downloads/qt-everywhere-src-5.14.1/config.tests/ppoll && /home/manu/Downloads/qt-everywhere-src-5.14.1/qtbase/bin/qmake "CONFIG -= qt debug_and_release app_bundle lib_bundle" "CONFIG += shared warn_off console single_arch" -early "CONFIG += cross_compile" /home/manu/Downloads/qt-everywhere-src-5.14.1/config.tests/ppoll
+ cd /home/manu/Downloads/qt-everywhere-src-5.14.1/config.tests/ppoll && MAKEFLAGS= make clean && MAKEFLAGS= make
> make[1]: Entering directory '/home/manu/Downloads/qt-everywhere-src-5.14.1/config.tests/ppoll'
> rm -f main.o
> rm -f *~ core *.core
> make[1]: Leaving directory '/home/manu/Downloads/qt-everywhere-src-5.14.1/config.tests/ppoll'
> make[1]: Entering directory '/home/manu/Downloads/qt-everywhere-src-5.14.1/config.tests/ppoll'
> aarch64-linux-gnu-g++ -c -pipe -mtune=cortex-a57.cortex-a53 -march=armv8-a -O2 -w -fPIC  -I. -isystem /usr/include/drm -I/home/manu/Downloads/qt-everywhere-src-5.14.1/qtbase/mkspecs/devices/linux-jetson-tx1-g++ -o main.o main.cpp
> aarch64-linux-gnu-g++ -Wl,-O1 -Wl,-rpath-link,/usr/lib -Wl,-rpath-link,/usr/lib/aarch64-linux-gnu -Wl,-rpath-link,/usr/lib/aarch64-linux-gnu/tegra -Wl,-rpath-link,/lib/aarch64-linux-gnu -o ppoll main.o     -L/usr/lib -L/lib/aarch64-linux-gnu -L/usr/lib/aarch64-linux-gnu 
> make[1]: Leaving directory '/home/manu/Downloads/qt-everywhere-src-5.14.1/config.tests/ppoll'
test config.qtbase_corelib.tests.ppoll succeeded
looking for library pcre2
Trying source 0 (type pkgConfig) of library pcre2 ...
pkg-config use disabled globally.
  => source produced no result.
Trying source 1 (type inline) of library pcre2 ...
pcre2.h not found in [] and global paths.
  => source produced no result.
test config.qtbase_corelib.libraries.pcre2 FAILED
executing config test renameat2
+ cd /home/manu/Downloads/qt-everywhere-src-5.14.1/config.tests/renameat2 && /home/manu/Downloads/qt-everywhere-src-5.14.1/qtbase/bin/qmake "CONFIG -= qt debug_and_release app_bundle lib_bundle" "CONFIG += shared warn_off console single_arch" -early "CONFIG += cross_compile" /home/manu/Downloads/qt-everywhere-src-5.14.1/config.tests/renameat2
+ cd /home/manu/Downloads/qt-everywhere-src-5.14.1/config.tests/renameat2 && MAKEFLAGS= make clean && MAKEFLAGS= make
> make[1]: Entering directory '/home/manu/Downloads/qt-everywhere-src-5.14.1/config.tests/renameat2'
> rm -f main.o
> rm -f *~ core *.core
> make[1]: Leaving directory '/home/manu/Downloads/qt-everywhere-src-5.14.1/config.tests/renameat2'
> make[1]: Entering directory '/home/manu/Downloads/qt-everywhere-src-5.14.1/config.tests/renameat2'
> aarch64-linux-gnu-g++ -c -pipe -mtune=cortex-a57.cortex-a53 -march=armv8-a -O2 -w -fPIC  -I. -isystem /usr/include/drm -I/home/manu/Downloads/qt-everywhere-src-5.14.1/qtbase/mkspecs/devices/linux-jetson-tx1-g++ -o main.o main.cpp
> main.cpp: In function ‘int main(int, char**)’:
> main.cpp:9:53: error: ‘RENAME_NOREPLACE’ was not declared in this scope
>      renameat2(AT_FDCWD, argv[1], AT_FDCWD, argv[2], RENAME_NOREPLACE | RENAME_WHITEOUT);
>                                                      ^~~~~~~~~~~~~~~~
> main.cpp:9:53: note: suggested alternative: ‘_IOS_NOREPLACE’
>      renameat2(AT_FDCWD, argv[1], AT_FDCWD, argv[2], RENAME_NOREPLACE | RENAME_WHITEOUT);
>                                                      ^~~~~~~~~~~~~~~~
>                                                      _IOS_NOREPLACE
> main.cpp:9:72: error: ‘RENAME_WHITEOUT’ was not declared in this scope
>      renameat2(AT_FDCWD, argv[1], AT_FDCWD, argv[2], RENAME_NOREPLACE | RENAME_WHITEOUT);
>                                                                         ^~~~~~~~~~~~~~~
> main.cpp:9:5: error: ‘renameat2’ was not declared in this scope
>      renameat2(AT_FDCWD, argv[1], AT_FDCWD, argv[2], RENAME_NOREPLACE | RENAME_WHITEOUT);
>      ^~~~~~~~~
> main.cpp:9:5: note: suggested alternative: ‘renameat’
>      renameat2(AT_FDCWD, argv[1], AT_FDCWD, argv[2], RENAME_NOREPLACE | RENAME_WHITEOUT);
>      ^~~~~~~~~
>      renameat
> Makefile:1189: recipe for target 'main.o' failed
> make[1]: *** [main.o] Error 1
> make[1]: Leaving directory '/home/manu/Downloads/qt-everywhere-src-5.14.1/config.tests/renameat2'
test config.qtbase_corelib.tests.renameat2 FAILED
looking for library slog2
Trying source 0 (type inline) of library slog2 ...
sys/slog2.h not found in [] and global paths.
  => source produced no result.
test config.qtbase_corelib.libraries.slog2 FAILED
executing config test statx
+ cd /home/manu/Downloads/qt-everywhere-src-5.14.1/config.tests/statx && /home/manu/Downloads/qt-everywhere-src-5.14.1/qtbase/bin/qmake "CONFIG -= qt debug_and_release app_bundle lib_bundle" "CONFIG += shared warn_off console single_arch" -early "CONFIG += cross_compile" /home/manu/Downloads/qt-everywhere-src-5.14.1/config.tests/statx
+ cd /home/manu/Downloads/qt-everywhere-src-5.14.1/config.tests/statx && MAKEFLAGS= make clean && MAKEFLAGS= make
> make[1]: Entering directory '/home/manu/Downloads/qt-everywhere-src-5.14.1/config.tests/statx'
> rm -f main.o
> rm -f *~ core *.core
> make[1]: Leaving directory '/home/manu/Downloads/qt-everywhere-src-5.14.1/config.tests/statx'
> make[1]: Entering directory '/home/manu/Downloads/qt-everywhere-src-5.14.1/config.tests/statx'
> aarch64-linux-gnu-g++ -c -pipe -mtune=cortex-a57.cortex-a53 -march=armv8-a -O2 -w -fPIC  -I. -isystem /usr/include/drm -I/home/manu/Downloads/qt-everywhere-src-5.14.1/qtbase/mkspecs/devices/linux-jetson-tx1-g++ -o main.o main.cpp
> main.cpp: In function ‘int main(int, char**)’:
> main.cpp:11:18: error: aggregate ‘main(int, char**)::statx statxbuf’ has incomplete type and cannot be defined
>      struct statx statxbuf;
>                   ^~~~~~~~
> main.cpp:12:25: error: ‘STATX_BASIC_STATS’ was not declared in this scope
>      unsigned int mask = STATX_BASIC_STATS;
>                          ^~~~~~~~~~~~~~~~~
> main.cpp:13:32: error: ‘AT_STATX_SYNC_AS_STAT’ was not declared in this scope
>      return statx(AT_FDCWD, "", AT_STATX_SYNC_AS_STAT, mask, &statxbuf);
>                                 ^~~~~~~~~~~~~~~~~~~~~
> main.cpp:13:70: error: invalid use of incomplete type ‘struct main(int, char**)::statx’
>      return statx(AT_FDCWD, "", AT_STATX_SYNC_AS_STAT, mask, &statxbuf);
>                                                                       ^
> main.cpp:11:12: note: forward declaration of ‘struct main(int, char**)::statx’
>      struct statx statxbuf;
>             ^~~~~
> Makefile:1189: recipe for target 'main.o' failed
> make[1]: *** [main.o] Error 1
> make[1]: Leaving directory '/home/manu/Downloads/qt-everywhere-src-5.14.1/config.tests/statx'
test config.qtbase_corelib.tests.statx FAILED
looking for library libatomic
Trying source 0 (type inline) of library libatomic ...
+ cd /home/manu/Downloads/qt-everywhere-src-5.14.1/config.tests/libatomic && /home/manu/Downloads/qt-everywhere-src-5.14.1/qtbase/bin/qmake "CONFIG -= qt debug_and_release app_bundle lib_bundle" "CONFIG += shared warn_off console single_arch" -early "CONFIG += cross_compile" 'QMAKE_USE += libatomic' 'QMAKE_LIBS_LIBATOMIC = ' /home/manu/Downloads/qt-everywhere-src-5.14.1/config.tests/libatomic
+ cd /home/manu/Downloads/qt-everywhere-src-5.14.1/config.tests/libatomic && MAKEFLAGS= make clean && MAKEFLAGS= make
> make[1]: Entering directory '/home/manu/Downloads/qt-everywhere-src-5.14.1/config.tests/libatomic'
> rm -f main.o
> rm -f *~ core *.core
> make[1]: Leaving directory '/home/manu/Downloads/qt-everywhere-src-5.14.1/config.tests/libatomic'
> make[1]: Entering directory '/home/manu/Downloads/qt-everywhere-src-5.14.1/config.tests/libatomic'
> aarch64-linux-gnu-g++ -c -pipe -mtune=cortex-a57.cortex-a53 -march=armv8-a -O2 -std=gnu++11 -w -fPIC  -I. -isystem /usr/include/drm -I/home/manu/Downloads/qt-everywhere-src-5.14.1/qtbase/mkspecs/devices/linux-jetson-tx1-g++ -o main.o main.cpp
> aarch64-linux-gnu-g++ -Wl,-O1 -Wl,-rpath-link,/usr/lib -Wl,-rpath-link,/usr/lib/aarch64-linux-gnu -Wl,-rpath-link,/usr/lib/aarch64-linux-gnu/tegra -Wl,-rpath-link,/lib/aarch64-linux-gnu -o libatomic main.o     -L/usr/lib -L/lib/aarch64-linux-gnu -L/usr/lib/aarch64-linux-gnu 
> make[1]: Leaving directory '/home/manu/Downloads/qt-everywhere-src-5.14.1/config.tests/libatomic'
 => source accepted.
test config.qtbase_corelib.libraries.libatomic succeeded
looking for library doubleconversion
Trying source 0 (type inline) of library doubleconversion ...
double-conversion/double-conversion.h not found in [] and global paths.
  => source produced no result.
test config.qtbase_corelib.libraries.doubleconversion FAILED
executing config test cloexec
+ cd /home/manu/Downloads/qt-everywhere-src-5.14.1/config.tests/cloexec && /home/manu/Downloads/qt-everywhere-src-5.14.1/qtbase/bin/qmake "CONFIG -= qt debug_and_release app_bundle lib_bundle" "CONFIG += shared warn_off console single_arch" -early "CONFIG += cross_compile" /home/manu/Downloads/qt-everywhere-src-5.14.1/config.tests/cloexec
+ cd /home/manu/Downloads/qt-everywhere-src-5.14.1/config.tests/cloexec && MAKEFLAGS= make clean && MAKEFLAGS= make
> make[1]: Entering directory '/home/manu/Downloads/qt-everywhere-src-5.14.1/config.tests/cloexec'
> rm -f main.o
> rm -f *~ core *.core
> make[1]: Leaving directory '/home/manu/Downloads/qt-everywhere-src-5.14.1/config.tests/cloexec'
> make[1]: Entering directory '/home/manu/Downloads/qt-everywhere-src-5.14.1/config.tests/cloexec'
> aarch64-linux-gnu-g++ -c -pipe -mtune=cortex-a57.cortex-a53 -march=armv8-a -O2 -w -fPIC  -I. -isystem /usr/include/drm -I/home/manu/Downloads/qt-everywhere-src-5.14.1/qtbase/mkspecs/devices/linux-jetson-tx1-g++ -o main.o main.cpp
> aarch64-linux-gnu-g++ -Wl,-O1 -Wl,-rpath-link,/usr/lib -Wl,-rpath-link,/usr/lib/aarch64-linux-gnu -Wl,-rpath-link,/usr/lib/aarch64-linux-gnu/tegra -Wl,-rpath-link,/lib/aarch64-linux-gnu -o cloexec main.o     -L/usr/lib -L/lib/aarch64-linux-gnu -L/usr/lib/aarch64-linux-gnu 
> make[1]: Leaving directory '/home/manu/Downloads/qt-everywhere-src-5.14.1/config.tests/cloexec'
test config.qtbase_corelib.tests.cloexec succeeded
executing config test cxx11_random
+ cd /home/manu/Downloads/qt-everywhere-src-5.14.1/config.tests/cxx11_random && /home/manu/Downloads/qt-everywhere-src-5.14.1/qtbase/bin/qmake "CONFIG -= qt debug_and_release app_bundle lib_bundle" "CONFIG += shared warn_off console single_arch" -early "CONFIG += cross_compile" /home/manu/Downloads/qt-everywhere-src-5.14.1/config.tests/cxx11_random
+ cd /home/manu/Downloads/qt-everywhere-src-5.14.1/config.tests/cxx11_random && MAKEFLAGS= make clean && MAKEFLAGS= make
> make[1]: Entering directory '/home/manu/Downloads/qt-everywhere-src-5.14.1/config.tests/cxx11_random'
> rm -f main.o
> rm -f *~ core *.core
> make[1]: Leaving directory '/home/manu/Downloads/qt-everywhere-src-5.14.1/config.tests/cxx11_random'
> make[1]: Entering directory '/home/manu/Downloads/qt-everywhere-src-5.14.1/config.tests/cxx11_random'
> aarch64-linux-gnu-g++ -c -pipe -mtune=cortex-a57.cortex-a53 -march=armv8-a -O2 -w -fPIC  -I. -isystem /usr/include/drm -I/home/manu/Downloads/qt-everywhere-src-5.14.1/qtbase/mkspecs/devices/linux-jetson-tx1-g++ -o main.o main.cpp
> aarch64-linux-gnu-g++ -Wl,-O1 -Wl,-rpath-link,/usr/lib -Wl,-rpath-link,/usr/lib/aarch64-linux-gnu -Wl,-rpath-link,/usr/lib/aarch64-linux-gnu/tegra -Wl,-rpath-link,/lib/aarch64-linux-gnu -o cxx11_random main.o     -L/usr/lib -L/lib/aarch64-linux-gnu -L/usr/lib/aarch64-linux-gnu 
> make[1]: Leaving directory '/home/manu/Downloads/qt-everywhere-src-5.14.1/config.tests/cxx11_random'
test config.qtbase_corelib.tests.cxx11_random succeeded
executing config test atomicfptr
+ cd /home/manu/Downloads/qt-everywhere-src-5.14.1/config.tests/atomicfptr && /home/manu/Downloads/qt-everywhere-src-5.14.1/qtbase/bin/qmake "CONFIG -= qt debug_and_release app_bundle lib_bundle" "CONFIG += shared warn_off console single_arch" -early "CONFIG += cross_compile" /home/manu/Downloads/qt-everywhere-src-5.14.1/config.tests/atomicfptr
+ cd /home/manu/Downloads/qt-everywhere-src-5.14.1/config.tests/atomicfptr && MAKEFLAGS= make clean && MAKEFLAGS= make
> make[1]: Entering directory '/home/manu/Downloads/qt-everywhere-src-5.14.1/config.tests/atomicfptr'
> rm -f main.o
> rm -f *~ core *.core
> make[1]: Leaving directory '/home/manu/Downloads/qt-everywhere-src-5.14.1/config.tests/atomicfptr'
> make[1]: Entering directory '/home/manu/Downloads/qt-everywhere-src-5.14.1/config.tests/atomicfptr'
> aarch64-linux-gnu-g++ -c -pipe -mtune=cortex-a57.cortex-a53 -march=armv8-a -O2 -std=gnu++11 -w -fPIC  -I. -isystem /usr/include/drm -I/home/manu/Downloads/qt-everywhere-src-5.14.1/qtbase/mkspecs/devices/linux-jetson-tx1-g++ -o main.o main.cpp
> aarch64-linux-gnu-g++ -Wl,-O1 -Wl,-rpath-link,/usr/lib -Wl,-rpath-link,/usr/lib/aarch64-linux-gnu -Wl,-rpath-link,/usr/lib/aarch64-linux-gnu/tegra -Wl,-rpath-link,/lib/aarch64-linux-gnu -o atomicfptr main.o     -L/usr/lib -L/lib/aarch64-linux-gnu -L/usr/lib/aarch64-linux-gnu 
> make[1]: Leaving directory '/home/manu/Downloads/qt-everywhere-src-5.14.1/config.tests/atomicfptr'
test config.qtbase_corelib.tests.atomicfptr succeeded
looking for library openssl_headers
Trying source 0 (type inline) of library openssl_headers ...
openssl/ssl.h not found in [] and global paths.
openssl/opensslv.h not found in [] and global paths.
  => source produced no result.
test config.qtbase_network.libraries.openssl_headers FAILED
Trying source 0 (type makeSpec) of library network ...
 => source accepted.
executing config test getifaddrs
+ cd /home/manu/Downloads/qt-everywhere-src-5.14.1/config.tests/getifaddrs && /home/manu/Downloads/qt-everywhere-src-5.14.1/qtbase/bin/qmake "CONFIG -= qt debug_and_release app_bundle lib_bundle" "CONFIG += shared warn_off console single_arch" -early "CONFIG += cross_compile" 'QMAKE_USE += network' 'QMAKE_LIBS_NETWORK = ' /home/manu/Downloads/qt-everywhere-src-5.14.1/config.tests/getifaddrs
+ cd /home/manu/Downloads/qt-everywhere-src-5.14.1/config.tests/getifaddrs && MAKEFLAGS= make clean && MAKEFLAGS= make
> make[1]: Entering directory '/home/manu/Downloads/qt-everywhere-src-5.14.1/config.tests/getifaddrs'
> rm -f main.o
> rm -f *~ core *.core
> make[1]: Leaving directory '/home/manu/Downloads/qt-everywhere-src-5.14.1/config.tests/getifaddrs'
> make[1]: Entering directory '/home/manu/Downloads/qt-everywhere-src-5.14.1/config.tests/getifaddrs'
> aarch64-linux-gnu-g++ -c -pipe -mtune=cortex-a57.cortex-a53 -march=armv8-a -O2 -w -fPIC  -I. -isystem /usr/include/drm -I/home/manu/Downloads/qt-everywhere-src-5.14.1/qtbase/mkspecs/devices/linux-jetson-tx1-g++ -o main.o main.cpp
> aarch64-linux-gnu-g++ -Wl,-O1 -Wl,-rpath-link,/usr/lib -Wl,-rpath-link,/usr/lib/aarch64-linux-gnu -Wl,-rpath-link,/usr/lib/aarch64-linux-gnu/tegra -Wl,-rpath-link,/lib/aarch64-linux-gnu -o getifaddrs main.o     -L/usr/lib -L/lib/aarch64-linux-gnu -L/usr/lib/aarch64-linux-gnu 
> make[1]: Leaving directory '/home/manu/Downloads/qt-everywhere-src-5.14.1/config.tests/getifaddrs'
test config.qtbase_network.tests.getifaddrs succeeded
looking for library gssapi
Trying source 0 (type inline) of library gssapi ...
  => source failed condition 'config.darwin'.
Trying source 1 (type pkgConfig) of library gssapi ...
pkg-config use disabled globally.
  => source produced no result.
Trying source 2 (type inline) of library gssapi ...
+ cd /home/manu/Downloads/qt-everywhere-src-5.14.1/config.tests/gssapi && /home/manu/Downloads/qt-everywhere-src-5.14.1/qtbase/bin/qmake "CONFIG -= qt debug_and_release app_bundle lib_bundle" "CONFIG += shared warn_off console single_arch" -early "CONFIG += cross_compile" 'QMAKE_USE += gssapi' 'QMAKE_LIBS_GSSAPI = -lgssapi_krb5' /home/manu/Downloads/qt-everywhere-src-5.14.1/config.tests/gssapi
+ cd /home/manu/Downloads/qt-everywhere-src-5.14.1/config.tests/gssapi && MAKEFLAGS= make clean && MAKEFLAGS= make
> make[1]: Entering directory '/home/manu/Downloads/qt-everywhere-src-5.14.1/config.tests/gssapi'
> rm -f main.o
> rm -f *~ core *.core
> make[1]: Leaving directory '/home/manu/Downloads/qt-everywhere-src-5.14.1/config.tests/gssapi'
> make[1]: Entering directory '/home/manu/Downloads/qt-everywhere-src-5.14.1/config.tests/gssapi'
> aarch64-linux-gnu-g++ -c -pipe -mtune=cortex-a57.cortex-a53 -march=armv8-a -O2 -w -fPIC  -I. -isystem /usr/include/drm -I/home/manu/Downloads/qt-everywhere-src-5.14.1/qtbase/mkspecs/devices/linux-jetson-tx1-g++ -o main.o main.cpp
> main.cpp:8:12: fatal error: gssapi/gssapi.h: No such file or directory
>  #  include <gssapi/gssapi.h>
>             ^~~~~~~~~~~~~~~~~
> compilation terminated.
> Makefile:1189: recipe for target 'main.o' failed
> make[1]: *** [main.o] Error 1
> make[1]: Leaving directory '/home/manu/Downloads/qt-everywhere-src-5.14.1/config.tests/gssapi'
 => source failed verification.
test config.qtbase_network.libraries.gssapi FAILED
executing config test ipv6ifname
+ cd /home/manu/Downloads/qt-everywhere-src-5.14.1/config.tests/ipv6ifname && /home/manu/Downloads/qt-everywhere-src-5.14.1/qtbase/bin/qmake "CONFIG -= qt debug_and_release app_bundle lib_bundle" "CONFIG += shared warn_off console single_arch" -early "CONFIG += cross_compile" 'QMAKE_USE += network' 'QMAKE_LIBS_NETWORK = ' /home/manu/Downloads/qt-everywhere-src-5.14.1/config.tests/ipv6ifname
+ cd /home/manu/Downloads/qt-everywhere-src-5.14.1/config.tests/ipv6ifname && MAKEFLAGS= make clean && MAKEFLAGS= make
> make[1]: Entering directory '/home/manu/Downloads/qt-everywhere-src-5.14.1/config.tests/ipv6ifname'
> rm -f main.o
> rm -f *~ core *.core
> make[1]: Leaving directory '/home/manu/Downloads/qt-everywhere-src-5.14.1/config.tests/ipv6ifname'
> make[1]: Entering directory '/home/manu/Downloads/qt-everywhere-src-5.14.1/config.tests/ipv6ifname'
> aarch64-linux-gnu-g++ -c -pipe -mtune=cortex-a57.cortex-a53 -march=armv8-a -O2 -w -fPIC  -I. -isystem /usr/include/drm -I/home/manu/Downloads/qt-everywhere-src-5.14.1/qtbase/mkspecs/devices/linux-jetson-tx1-g++ -o main.o main.cpp
> aarch64-linux-gnu-g++ -Wl,-O1 -Wl,-rpath-link,/usr/lib -Wl,-rpath-link,/usr/lib/aarch64-linux-gnu -Wl,-rpath-link,/usr/lib/aarch64-linux-gnu/tegra -Wl,-rpath-link,/lib/aarch64-linux-gnu -o ipv6ifname main.o     -L/usr/lib -L/lib/aarch64-linux-gnu -L/usr/lib/aarch64-linux-gnu 
> make[1]: Leaving directory '/home/manu/Downloads/qt-everywhere-src-5.14.1/config.tests/ipv6ifname'
test config.qtbase_network.tests.ipv6ifname succeeded
executing config test linux-netlink
+ cd /home/manu/Downloads/qt-everywhere-src-5.14.1/config.tests/linux-netlink && /home/manu/Downloads/qt-everywhere-src-5.14.1/qtbase/bin/qmake "CONFIG -= qt debug_and_release app_bundle lib_bundle" "CONFIG += shared warn_off console single_arch" -early "CONFIG += cross_compile" /home/manu/Downloads/qt-everywhere-src-5.14.1/config.tests/linux-netlink
+ cd /home/manu/Downloads/qt-everywhere-src-5.14.1/config.tests/linux-netlink && MAKEFLAGS= make clean && MAKEFLAGS= make
> make[1]: Entering directory '/home/manu/Downloads/qt-everywhere-src-5.14.1/config.tests/linux-netlink'
> rm -f main.o
> rm -f *~ core *.core
> make[1]: Leaving directory '/home/manu/Downloads/qt-everywhere-src-5.14.1/config.tests/linux-netlink'
> make[1]: Entering directory '/home/manu/Downloads/qt-everywhere-src-5.14.1/config.tests/linux-netlink'
> aarch64-linux-gnu-g++ -c -pipe -mtune=cortex-a57.cortex-a53 -march=armv8-a -O2 -w -fPIC  -I. -isystem /usr/include/drm -I/home/manu/Downloads/qt-everywhere-src-5.14.1/qtbase/mkspecs/devices/linux-jetson-tx1-g++ -o main.o main.cpp
> aarch64-linux-gnu-g++ -Wl,-O1 -Wl,-rpath-link,/usr/lib -Wl,-rpath-link,/usr/lib/aarch64-linux-gnu -Wl,-rpath-link,/usr/lib/aarch64-linux-gnu/tegra -Wl,-rpath-link,/lib/aarch64-linux-gnu -o linux-netlink main.o     -L/usr/lib -L/lib/aarch64-linux-gnu -L/usr/lib/aarch64-linux-gnu 
> make[1]: Leaving directory '/home/manu/Downloads/qt-everywhere-src-5.14.1/config.tests/linux-netlink'
test config.qtbase_network.tests.linux-netlink succeeded
looking for library xkbcommon
Trying source 0 (type pkgConfig) of library xkbcommon ...
pkg-config use disabled globally.
  => source produced no result.
Trying source 1 (type inline) of library xkbcommon ...
+ cd /home/manu/Downloads/qt-everywhere-src-5.14.1/config.tests/xkbcommon && /home/manu/Downloads/qt-everywhere-src-5.14.1/qtbase/bin/qmake "CONFIG -= qt debug_and_release app_bundle lib_bundle" "CONFIG += shared warn_off console single_arch" -early "CONFIG += cross_compile" 'QMAKE_USE += xkbcommon' 'QMAKE_LIBS_XKBCOMMON = -lxkbcommon' /home/manu/Downloads/qt-everywhere-src-5.14.1/config.tests/xkbcommon
+ cd /home/manu/Downloads/qt-everywhere-src-5.14.1/config.tests/xkbcommon && MAKEFLAGS= make clean && MAKEFLAGS= make
> make[1]: Entering directory '/home/manu/Downloads/qt-everywhere-src-5.14.1/config.tests/xkbcommon'
> rm -f main.o
> rm -f *~ core *.core
> make[1]: Leaving directory '/home/manu/Downloads/qt-everywhere-src-5.14.1/config.tests/xkbcommon'
> make[1]: Entering directory '/home/manu/Downloads/qt-everywhere-src-5.14.1/config.tests/xkbcommon'
> aarch64-linux-gnu-g++ -c -pipe -mtune=cortex-a57.cortex-a53 -march=armv8-a -O2 -w -fPIC  -I. -isystem /usr/include/drm -I/home/manu/Downloads/qt-everywhere-src-5.14.1/qtbase/mkspecs/devices/linux-jetson-tx1-g++ -o main.o main.cpp
> aarch64-linux-gnu-g++ -Wl,-O1 -Wl,-rpath-link,/usr/lib -Wl,-rpath-link,/usr/lib/aarch64-linux-gnu -Wl,-rpath-link,/usr/lib/aarch64-linux-gnu/tegra -Wl,-rpath-link,/lib/aarch64-linux-gnu -o xkbcommon main.o   -lxkbcommon  -L/usr/lib -L/lib/aarch64-linux-gnu -L/usr/lib/aarch64-linux-gnu 
> make[1]: Leaving directory '/home/manu/Downloads/qt-everywhere-src-5.14.1/config.tests/xkbcommon'
 => source accepted.
test config.qtbase_gui.libraries.xkbcommon succeeded
looking for library xcb
Trying source 0 (type pkgConfig) of library xcb ...
pkg-config use disabled globally.
  => source produced no result.
Trying source 1 (type inline) of library xcb ...
+ cd /home/manu/Downloads/qt-everywhere-src-5.14.1/config.tests/xcb && /home/manu/Downloads/qt-everywhere-src-5.14.1/qtbase/bin/qmake "CONFIG -= qt debug_and_release app_bundle lib_bundle" "CONFIG += shared warn_off console single_arch" -early "CONFIG += cross_compile" 'QMAKE_USE += xcb' 'QMAKE_LIBS_XCB = -lxcb' /home/manu/Downloads/qt-everywhere-src-5.14.1/config.tests/xcb
+ cd /home/manu/Downloads/qt-everywhere-src-5.14.1/config.tests/xcb && MAKEFLAGS= make clean && MAKEFLAGS= make
> make[1]: Entering directory '/home/manu/Downloads/qt-everywhere-src-5.14.1/config.tests/xcb'
> rm -f main.o
> rm -f *~ core *.core
> make[1]: Leaving directory '/home/manu/Downloads/qt-everywhere-src-5.14.1/config.tests/xcb'
> make[1]: Entering directory '/home/manu/Downloads/qt-everywhere-src-5.14.1/config.tests/xcb'
> aarch64-linux-gnu-g++ -c -pipe -mtune=cortex-a57.cortex-a53 -march=armv8-a -O2 -w -fPIC  -I. -isystem /usr/include/drm -I/home/manu/Downloads/qt-everywhere-src-5.14.1/qtbase/mkspecs/devices/linux-jetson-tx1-g++ -o main.o main.cpp
> aarch64-linux-gnu-g++ -Wl,-O1 -Wl,-rpath-link,/usr/lib -Wl,-rpath-link,/usr/lib/aarch64-linux-gnu -Wl,-rpath-link,/usr/lib/aarch64-linux-gnu/tegra -Wl,-rpath-link,/lib/aarch64-linux-gnu -o xcb main.o   -lxcb  -L/usr/lib -L/lib/aarch64-linux-gnu -L/usr/lib/aarch64-linux-gnu 
> make[1]: Leaving directory '/home/manu/Downloads/qt-everywhere-src-5.14.1/config.tests/xcb'
 => source accepted.
test config.qtbase_gui.libraries.xcb succeeded
looking for library atspi
Trying source 0 (type pkgConfig) of library atspi ...
pkg-config use disabled globally.
  => source produced no result.
test config.qtbase_gui.libraries.atspi FAILED
looking for library opengl_es2
Trying source 0 (type pkgConfig) of library opengl_es2 ...
pkg-config use disabled globally.
  => source produced no result.
Trying source 1 (type makeSpec) of library opengl_es2 ...
header entry 'config.qtbase_gui.libraries.opengl_es2.headers.0' passed condition.
header entry 'config.qtbase_gui.libraries.opengl_es2.headers.0' passed condition.
+ cd /home/manu/Downloads/qt-everywhere-src-5.14.1/config.tests/opengl_es2 && /home/manu/Downloads/qt-everywhere-src-5.14.1/qtbase/bin/qmake "CONFIG -= qt debug_and_release app_bundle lib_bundle" "CONFIG += shared warn_off console single_arch" -early "CONFIG += cross_compile" 'QMAKE_USE += opengl_es2' 'QMAKE_LIBS_OPENGL_ES2 = -lGLESv2' /home/manu/Downloads/qt-everywhere-src-5.14.1/config.tests/opengl_es2
+ cd /home/manu/Downloads/qt-everywhere-src-5.14.1/config.tests/opengl_es2 && MAKEFLAGS= make clean && MAKEFLAGS= make
> make[1]: Entering directory '/home/manu/Downloads/qt-everywhere-src-5.14.1/config.tests/opengl_es2'
> rm -f main.o
> rm -f *~ core *.core
> make[1]: Leaving directory '/home/manu/Downloads/qt-everywhere-src-5.14.1/config.tests/opengl_es2'
> make[1]: Entering directory '/home/manu/Downloads/qt-everywhere-src-5.14.1/config.tests/opengl_es2'
> aarch64-linux-gnu-g++ -c -pipe -mtune=cortex-a57.cortex-a53 -march=armv8-a -O2 -w -fPIC  -I. -isystem /usr/include/drm -I/home/manu/Downloads/qt-everywhere-src-5.14.1/qtbase/mkspecs/devices/linux-jetson-tx1-g++ -o main.o main.cpp
> aarch64-linux-gnu-g++ -Wl,-O1 -Wl,-rpath-link,/usr/lib -Wl,-rpath-link,/usr/lib/aarch64-linux-gnu -Wl,-rpath-link,/usr/lib/aarch64-linux-gnu/tegra -Wl,-rpath-link,/lib/aarch64-linux-gnu -o opengl_es2 main.o   -lGLESv2  -L/usr/lib -L/lib/aarch64-linux-gnu -L/usr/lib/aarch64-linux-gnu 
> make[1]: Leaving directory '/home/manu/Downloads/qt-everywhere-src-5.14.1/config.tests/opengl_es2'
 => source accepted.
test config.qtbase_gui.libraries.opengl_es2 succeeded
looking for library drm
Trying source 0 (type pkgConfig) of library drm ...
pkg-config use disabled globally.
  => source produced no result.
Trying source 1 (type inline) of library drm ...
+ cd /home/manu/Downloads/qt-everywhere-src-5.14.1/config.tests/drm && /home/manu/Downloads/qt-everywhere-src-5.14.1/qtbase/bin/qmake "CONFIG -= qt debug_and_release app_bundle lib_bundle" "CONFIG += shared warn_off console single_arch" -early "CONFIG += cross_compile" 'QMAKE_USE += drm' 'QMAKE_LIBS_DRM = -ldrm' /home/manu/Downloads/qt-everywhere-src-5.14.1/config.tests/drm
+ cd /home/manu/Downloads/qt-everywhere-src-5.14.1/config.tests/drm && MAKEFLAGS= make clean && MAKEFLAGS= make
> make[1]: Entering directory '/home/manu/Downloads/qt-everywhere-src-5.14.1/config.tests/drm'
> rm -f main.o
> rm -f *~ core *.core
> make[1]: Leaving directory '/home/manu/Downloads/qt-everywhere-src-5.14.1/config.tests/drm'
> make[1]: Entering directory '/home/manu/Downloads/qt-everywhere-src-5.14.1/config.tests/drm'
> aarch64-linux-gnu-g++ -c -pipe -mtune=cortex-a57.cortex-a53 -march=armv8-a -O2 -w -fPIC  -I. -isystem /usr/include/drm -I/home/manu/Downloads/qt-everywhere-src-5.14.1/qtbase/mkspecs/devices/linux-jetson-tx1-g++ -o main.o main.cpp
> aarch64-linux-gnu-g++ -Wl,-O1 -Wl,-rpath-link,/usr/lib -Wl,-rpath-link,/usr/lib/aarch64-linux-gnu -Wl,-rpath-link,/usr/lib/aarch64-linux-gnu/tegra -Wl,-rpath-link,/lib/aarch64-linux-gnu -o drm main.o   -ldrm  -L/usr/lib -L/lib/aarch64-linux-gnu -L/usr/lib/aarch64-linux-gnu 
> make[1]: Leaving directory '/home/manu/Downloads/qt-everywhere-src-5.14.1/config.tests/drm'
 => source accepted.
test config.qtbase_gui.libraries.drm succeeded
executing config test drm_atomic
+ cd /home/manu/Downloads/qt-everywhere-src-5.14.1/config.tests/drm_atomic && /home/manu/Downloads/qt-everywhere-src-5.14.1/qtbase/bin/qmake "CONFIG -= qt debug_and_release app_bundle lib_bundle" "CONFIG += shared warn_off console single_arch" -early "CONFIG += cross_compile" 'QMAKE_USE += drm' 'QMAKE_LIBS_DRM = -ldrm' /home/manu/Downloads/qt-everywhere-src-5.14.1/config.tests/drm_atomic
+ cd /home/manu/Downloads/qt-everywhere-src-5.14.1/config.tests/drm_atomic && MAKEFLAGS= make clean && MAKEFLAGS= make
> make[1]: Entering directory '/home/manu/Downloads/qt-everywhere-src-5.14.1/config.tests/drm_atomic'
> rm -f main.o
> rm -f *~ core *.core
> make[1]: Leaving directory '/home/manu/Downloads/qt-everywhere-src-5.14.1/config.tests/drm_atomic'
> make[1]: Entering directory '/home/manu/Downloads/qt-everywhere-src-5.14.1/config.tests/drm_atomic'
> aarch64-linux-gnu-g++ -c -pipe -mtune=cortex-a57.cortex-a53 -march=armv8-a -O2 -w -fPIC  -I. -isystem /usr/include/drm -I/home/manu/Downloads/qt-everywhere-src-5.14.1/qtbase/mkspecs/devices/linux-jetson-tx1-g++ -o main.o main.cpp
> aarch64-linux-gnu-g++ -Wl,-O1 -Wl,-rpath-link,/usr/lib -Wl,-rpath-link,/usr/lib/aarch64-linux-gnu -Wl,-rpath-link,/usr/lib/aarch64-linux-gnu/tegra -Wl,-rpath-link,/lib/aarch64-linux-gnu -o drm_atomic main.o   -ldrm  -L/usr/lib -L/lib/aarch64-linux-gnu -L/usr/lib/aarch64-linux-gnu 
> make[1]: Leaving directory '/home/manu/Downloads/qt-everywhere-src-5.14.1/config.tests/drm_atomic'
test config.qtbase_gui.tests.drm_atomic succeeded
looking for library egl
Trying source 0 (type pkgConfig) of library egl ...
pkg-config use disabled globally.
  => source produced no result.
Trying source 1 (type makeSpec) of library egl ...
+ cd /home/manu/Downloads/qt-everywhere-src-5.14.1/config.tests/egl && /home/manu/Downloads/qt-everywhere-src-5.14.1/qtbase/bin/qmake "CONFIG -= qt debug_and_release app_bundle lib_bundle" "CONFIG += shared warn_off console single_arch" -early "CONFIG += cross_compile" 'QMAKE_USE += egl' 'QMAKE_LIBS_EGL = -lEGL' /home/manu/Downloads/qt-everywhere-src-5.14.1/config.tests/egl
+ cd /home/manu/Downloads/qt-everywhere-src-5.14.1/config.tests/egl && MAKEFLAGS= make clean && MAKEFLAGS= make
> make[1]: Entering directory '/home/manu/Downloads/qt-everywhere-src-5.14.1/config.tests/egl'
> rm -f main.o
> rm -f *~ core *.core
> make[1]: Leaving directory '/home/manu/Downloads/qt-everywhere-src-5.14.1/config.tests/egl'
> make[1]: Entering directory '/home/manu/Downloads/qt-everywhere-src-5.14.1/config.tests/egl'
> aarch64-linux-gnu-g++ -c -pipe -mtune=cortex-a57.cortex-a53 -march=armv8-a -O2 -w -fPIC  -I. -isystem /usr/include/drm -I/home/manu/Downloads/qt-everywhere-src-5.14.1/qtbase/mkspecs/devices/linux-jetson-tx1-g++ -o main.o main.cpp
> aarch64-linux-gnu-g++ -Wl,-O1 -Wl,-rpath-link,/usr/lib -Wl,-rpath-link,/usr/lib/aarch64-linux-gnu -Wl,-rpath-link,/usr/lib/aarch64-linux-gnu/tegra -Wl,-rpath-link,/lib/aarch64-linux-gnu -o egl main.o   -lEGL  -L/usr/lib -L/lib/aarch64-linux-gnu -L/usr/lib/aarch64-linux-gnu 
> make[1]: Leaving directory '/home/manu/Downloads/qt-everywhere-src-5.14.1/config.tests/egl'
 => source accepted.
test config.qtbase_gui.libraries.egl succeeded
looking for library xlib
Trying source 0 (type makeSpec) of library xlib ...
+ cd /home/manu/Downloads/qt-everywhere-src-5.14.1/config.tests/xlib && /home/manu/Downloads/qt-everywhere-src-5.14.1/qtbase/bin/qmake "CONFIG -= qt debug_and_release app_bundle lib_bundle" "CONFIG += shared warn_off console single_arch" -early "CONFIG += cross_compile" 'QMAKE_USE += xlib' 'QMAKE_LIBS_XLIB = -lXext -lX11 -lm' /home/manu/Downloads/qt-everywhere-src-5.14.1/config.tests/xlib
+ cd /home/manu/Downloads/qt-everywhere-src-5.14.1/config.tests/xlib && MAKEFLAGS= make clean && MAKEFLAGS= make
> make[1]: Entering directory '/home/manu/Downloads/qt-everywhere-src-5.14.1/config.tests/xlib'
> rm -f main.o
> rm -f *~ core *.core
> make[1]: Leaving directory '/home/manu/Downloads/qt-everywhere-src-5.14.1/config.tests/xlib'
> make[1]: Entering directory '/home/manu/Downloads/qt-everywhere-src-5.14.1/config.tests/xlib'
> aarch64-linux-gnu-g++ -c -pipe -mtune=cortex-a57.cortex-a53 -march=armv8-a -O2 -w -fPIC  -I. -isystem /usr/include/drm -I/home/manu/Downloads/qt-everywhere-src-5.14.1/qtbase/mkspecs/devices/linux-jetson-tx1-g++ -o main.o main.cpp
> aarch64-linux-gnu-g++ -Wl,-O1 -Wl,-rpath-link,/usr/lib -Wl,-rpath-link,/usr/lib/aarch64-linux-gnu -Wl,-rpath-link,/usr/lib/aarch64-linux-gnu/tegra -Wl,-rpath-link,/lib/aarch64-linux-gnu -o xlib main.o   -lXext -lX11 -lm  -L/usr/lib -L/lib/aarch64-linux-gnu -L/usr/lib/aarch64-linux-gnu 
> make[1]: Leaving directory '/home/manu/Downloads/qt-everywhere-src-5.14.1/config.tests/xlib'
 => source accepted.
test config.qtbase_gui.libraries.xlib succeeded
executing config test egl-x11
+ cd /home/manu/Downloads/qt-everywhere-src-5.14.1/config.tests/egl-x11 && /home/manu/Downloads/qt-everywhere-src-5.14.1/qtbase/bin/qmake "CONFIG -= qt debug_and_release app_bundle lib_bundle" "CONFIG += shared warn_off console single_arch" -early "CONFIG += cross_compile" 'QMAKE_USE += egl xlib' 'QMAKE_LIBS_XLIB = -lXext -lX11 -lm' 'QMAKE_LIBS_EGL = -lEGL' /home/manu/Downloads/qt-everywhere-src-5.14.1/config.tests/egl-x11
+ cd /home/manu/Downloads/qt-everywhere-src-5.14.1/config.tests/egl-x11 && MAKEFLAGS= make clean && MAKEFLAGS= make
> make[1]: Entering directory '/home/manu/Downloads/qt-everywhere-src-5.14.1/config.tests/egl-x11'
> rm -f main.o
> rm -f *~ core *.core
> make[1]: Leaving directory '/home/manu/Downloads/qt-everywhere-src-5.14.1/config.tests/egl-x11'
> make[1]: Entering directory '/home/manu/Downloads/qt-everywhere-src-5.14.1/config.tests/egl-x11'
> aarch64-linux-gnu-g++ -c -pipe -mtune=cortex-a57.cortex-a53 -march=armv8-a -O2 -w -fPIC  -I. -isystem /usr/include/drm -I/home/manu/Downloads/qt-everywhere-src-5.14.1/qtbase/mkspecs/devices/linux-jetson-tx1-g++ -o main.o main.cpp
> aarch64-linux-gnu-g++ -Wl,-O1 -Wl,-rpath-link,/usr/lib -Wl,-rpath-link,/usr/lib/aarch64-linux-gnu -Wl,-rpath-link,/usr/lib/aarch64-linux-gnu/tegra -Wl,-rpath-link,/lib/aarch64-linux-gnu -o egl-x11 main.o   -lEGL -lXext -lX11 -lm  -L/usr/lib -L/lib/aarch64-linux-gnu -L/usr/lib/aarch64-linux-gnu 
> make[1]: Leaving directory '/home/manu/Downloads/qt-everywhere-src-5.14.1/config.tests/egl-x11'
test config.qtbase_gui.tests.egl-x11 succeeded
Trying source 0 (type pkgConfig) of library bcm_host ...
pkg-config use disabled globally.
  => source produced no result.
Trying source 1 (type makeSpec) of library bcm_host ...
bcm_host.h not found in [] and global paths.
  => source produced no result.
executing config test egl-egldevice
+ cd /home/manu/Downloads/qt-everywhere-src-5.14.1/config.tests/egl-egldevice && /home/manu/Downloads/qt-everywhere-src-5.14.1/qtbase/bin/qmake "CONFIG -= qt debug_and_release app_bundle lib_bundle" "CONFIG += shared warn_off console single_arch" -early "CONFIG += cross_compile" 'QMAKE_USE += egl' 'QMAKE_LIBS_EGL = -lEGL' /home/manu/Downloads/qt-everywhere-src-5.14.1/config.tests/egl-egldevice
+ cd /home/manu/Downloads/qt-everywhere-src-5.14.1/config.tests/egl-egldevice && MAKEFLAGS= make clean && MAKEFLAGS= make
> make[1]: Entering directory '/home/manu/Downloads/qt-everywhere-src-5.14.1/config.tests/egl-egldevice'
> rm -f main.o
> rm -f *~ core *.core
> make[1]: Leaving directory '/home/manu/Downloads/qt-everywhere-src-5.14.1/config.tests/egl-egldevice'
> make[1]: Entering directory '/home/manu/Downloads/qt-everywhere-src-5.14.1/config.tests/egl-egldevice'
> aarch64-linux-gnu-g++ -c -pipe -mtune=cortex-a57.cortex-a53 -march=armv8-a -O2 -w -fPIC  -I. -isystem /usr/include/drm -I/home/manu/Downloads/qt-everywhere-src-5.14.1/qtbase/mkspecs/devices/linux-jetson-tx1-g++ -o main.o main.cpp
> aarch64-linux-gnu-g++ -Wl,-O1 -Wl,-rpath-link,/usr/lib -Wl,-rpath-link,/usr/lib/aarch64-linux-gnu -Wl,-rpath-link,/usr/lib/aarch64-linux-gnu/tegra -Wl,-rpath-link,/lib/aarch64-linux-gnu -o egl-egldevice main.o   -lEGL  -L/usr/lib -L/lib/aarch64-linux-gnu -L/usr/lib/aarch64-linux-gnu 
> make[1]: Leaving directory '/home/manu/Downloads/qt-everywhere-src-5.14.1/config.tests/egl-egldevice'
test config.qtbase_gui.tests.egl-egldevice succeeded
looking for library gbm
Trying source 0 (type pkgConfig) of library gbm ...
pkg-config use disabled globally.
  => source produced no result.
test config.qtbase_gui.libraries.gbm FAILED
executing config test egl-mali
+ cd /home/manu/Downloads/qt-everywhere-src-5.14.1/config.tests/egl-mali && /home/manu/Downloads/qt-everywhere-src-5.14.1/qtbase/bin/qmake "CONFIG -= qt debug_and_release app_bundle lib_bundle" "CONFIG += shared warn_off console single_arch" -early "CONFIG += cross_compile" 'QMAKE_USE += egl' 'QMAKE_LIBS_EGL = -lEGL' /home/manu/Downloads/qt-everywhere-src-5.14.1/config.tests/egl-mali
+ cd /home/manu/Downloads/qt-everywhere-src-5.14.1/config.tests/egl-mali && MAKEFLAGS= make clean && MAKEFLAGS= make
> make[1]: Entering directory '/home/manu/Downloads/qt-everywhere-src-5.14.1/config.tests/egl-mali'
> rm -f main.o
> rm -f *~ core *.core
> make[1]: Leaving directory '/home/manu/Downloads/qt-everywhere-src-5.14.1/config.tests/egl-mali'
> make[1]: Entering directory '/home/manu/Downloads/qt-everywhere-src-5.14.1/config.tests/egl-mali'
> aarch64-linux-gnu-g++ -c -pipe -mtune=cortex-a57.cortex-a53 -march=armv8-a -O2 -w -fPIC  -I. -isystem /usr/include/drm -I/home/manu/Downloads/qt-everywhere-src-5.14.1/qtbase/mkspecs/devices/linux-jetson-tx1-g++ -o main.o main.cpp
> main.cpp:2:10: fatal error: EGL/fbdev_window.h: No such file or directory
>  #include <EGL/fbdev_window.h>
>           ^~~~~~~~~~~~~~~~~~~~
> compilation terminated.
> Makefile:1189: recipe for target 'main.o' failed
> make[1]: *** [main.o] Error 1
> make[1]: Leaving directory '/home/manu/Downloads/qt-everywhere-src-5.14.1/config.tests/egl-mali'
test config.qtbase_gui.tests.egl-mali FAILED
executing config test egl-mali-2
+ cd /home/manu/Downloads/qt-everywhere-src-5.14.1/config.tests/egl-mali-2 && /home/manu/Downloads/qt-everywhere-src-5.14.1/qtbase/bin/qmake "CONFIG -= qt debug_and_release app_bundle lib_bundle" "CONFIG += shared warn_off console single_arch" -early "CONFIG += cross_compile" 'QMAKE_USE += egl' 'QMAKE_LIBS_EGL = -lEGL' /home/manu/Downloads/qt-everywhere-src-5.14.1/config.tests/egl-mali-2
+ cd /home/manu/Downloads/qt-everywhere-src-5.14.1/config.tests/egl-mali-2 && MAKEFLAGS= make clean && MAKEFLAGS= make
> make[1]: Entering directory '/home/manu/Downloads/qt-everywhere-src-5.14.1/config.tests/egl-mali-2'
> rm -f main.o
> rm -f *~ core *.core
> make[1]: Leaving directory '/home/manu/Downloads/qt-everywhere-src-5.14.1/config.tests/egl-mali-2'
> make[1]: Entering directory '/home/manu/Downloads/qt-everywhere-src-5.14.1/config.tests/egl-mali-2'
> aarch64-linux-gnu-g++ -c -pipe -mtune=cortex-a57.cortex-a53 -march=armv8-a -O2 -w -fPIC  -I. -isystem /usr/include/drm -I/home/manu/Downloads/qt-everywhere-src-5.14.1/qtbase/mkspecs/devices/linux-jetson-tx1-g++ -o main.o main.cpp
> main.cpp: In function ‘int main(int, char**)’:
> main.cpp:8:5: error: ‘mali_native_window’ was not declared in this scope
>      mali_native_window *w = 0;
>      ^~~~~~~~~~~~~~~~~~
> main.cpp:8:5: note: suggested alternative: ‘PointerWindow’
>      mali_native_window *w = 0;
>      ^~~~~~~~~~~~~~~~~~
>      PointerWindow
> main.cpp:8:25: error: ‘w’ was not declared in this scope
>      mali_native_window *w = 0;
>                          ^
> Makefile:1189: recipe for target 'main.o' failed
> make[1]: *** [main.o] Error 1
> make[1]: Leaving directory '/home/manu/Downloads/qt-everywhere-src-5.14.1/config.tests/egl-mali-2'
test config.qtbase_gui.tests.egl-mali-2 FAILED
executing config test egl-viv
+ cd /home/manu/Downloads/qt-everywhere-src-5.14.1/config.tests/egl-viv && /home/manu/Downloads/qt-everywhere-src-5.14.1/qtbase/bin/qmake "CONFIG -= qt debug_and_release app_bundle lib_bundle" "CONFIG += shared warn_off console single_arch" -early "CONFIG += cross_compile" 'QMAKE_USE += egl' 'QMAKE_LIBS_EGL = -lEGL' /home/manu/Downloads/qt-everywhere-src-5.14.1/config.tests/egl-viv
+ cd /home/manu/Downloads/qt-everywhere-src-5.14.1/config.tests/egl-viv && MAKEFLAGS= make clean && MAKEFLAGS= make
> make[1]: Entering directory '/home/manu/Downloads/qt-everywhere-src-5.14.1/config.tests/egl-viv'
> rm -f main.o
> rm -f *~ core *.core
> make[1]: Leaving directory '/home/manu/Downloads/qt-everywhere-src-5.14.1/config.tests/egl-viv'
> make[1]: Entering directory '/home/manu/Downloads/qt-everywhere-src-5.14.1/config.tests/egl-viv'
> aarch64-linux-gnu-g++ -c -pipe -mtune=cortex-a57.cortex-a53 -march=armv8-a -O2 -w -fPIC -DEGL_API_FB=1 -DLINUX=1 -I. -isystem /usr/include/drm -I/home/manu/Downloads/qt-everywhere-src-5.14.1/qtbase/mkspecs/devices/linux-jetson-tx1-g++ -o main.o main.cpp
> main.cpp:3:10: fatal error: EGL/eglvivante.h: No such file or directory
>  #include <EGL/eglvivante.h>
>           ^~~~~~~~~~~~~~~~~~
> compilation terminated.
> Makefile:1189: recipe for target 'main.o' failed
> make[1]: *** [main.o] Error 1
> make[1]: Leaving directory '/home/manu/Downloads/qt-everywhere-src-5.14.1/config.tests/egl-viv'
test config.qtbase_gui.tests.egl-viv FAILED
looking for library xcb_xlib
Trying source 0 (type pkgConfig) of library xcb_xlib ...
pkg-config use disabled globally.
  => source produced no result.
Trying source 1 (type inline) of library xcb_xlib ...
+ cd /home/manu/Downloads/qt-everywhere-src-5.14.1/config.tests/xcb_xlib && /home/manu/Downloads/qt-everywhere-src-5.14.1/qtbase/bin/qmake "CONFIG -= qt debug_and_release app_bundle lib_bundle" "CONFIG += shared warn_off console single_arch" -early "CONFIG += cross_compile" 'QMAKE_USE += xcb_xlib' 'QMAKE_LIBS_XCB_XLIB = -lX11-xcb' 'QMAKE_DEPENDS_XCB_XLIB_CC = XCB XLIB' 'QMAKE_DEPENDS_XCB_XLIB_LD = XCB XLIB' 'QMAKE_LIBS_XLIB = -lXext -lX11 -lm' 'QMAKE_LIBS_XCB = -lxcb' /home/manu/Downloads/qt-everywhere-src-5.14.1/config.tests/xcb_xlib
+ cd /home/manu/Downloads/qt-everywhere-src-5.14.1/config.tests/xcb_xlib && MAKEFLAGS= make clean && MAKEFLAGS= make
> make[1]: Entering directory '/home/manu/Downloads/qt-everywhere-src-5.14.1/config.tests/xcb_xlib'
> rm -f main.o
> rm -f *~ core *.core
> make[1]: Leaving directory '/home/manu/Downloads/qt-everywhere-src-5.14.1/config.tests/xcb_xlib'
> make[1]: Entering directory '/home/manu/Downloads/qt-everywhere-src-5.14.1/config.tests/xcb_xlib'
> aarch64-linux-gnu-g++ -c -pipe -mtune=cortex-a57.cortex-a53 -march=armv8-a -O2 -w -fPIC  -I. -isystem /usr/include/drm -I/home/manu/Downloads/qt-everywhere-src-5.14.1/qtbase/mkspecs/devices/linux-jetson-tx1-g++ -o main.o main.cpp
> aarch64-linux-gnu-g++ -Wl,-O1 -Wl,-rpath-link,/usr/lib -Wl,-rpath-link,/usr/lib/aarch64-linux-gnu -Wl,-rpath-link,/usr/lib/aarch64-linux-gnu/tegra -Wl,-rpath-link,/lib/aarch64-linux-gnu -o xcb_xlib main.o   -lX11-xcb -lxcb -lXext -lX11 -lm  -L/usr/lib -L/lib/aarch64-linux-gnu -L/usr/lib/aarch64-linux-gnu 
> make[1]: Leaving directory '/home/manu/Downloads/qt-everywhere-src-5.14.1/config.tests/xcb_xlib'
 => source accepted.
test config.qtbase_gui.libraries.xcb_xlib succeeded
executing config test evdev
+ cd /home/manu/Downloads/qt-everywhere-src-5.14.1/config.tests/evdev && /home/manu/Downloads/qt-everywhere-src-5.14.1/qtbase/bin/qmake "CONFIG -= qt debug_and_release app_bundle lib_bundle" "CONFIG += shared warn_off console single_arch" -early "CONFIG += cross_compile" /home/manu/Downloads/qt-everywhere-src-5.14.1/config.tests/evdev
+ cd /home/manu/Downloads/qt-everywhere-src-5.14.1/config.tests/evdev && MAKEFLAGS= make clean && MAKEFLAGS= make
> make[1]: Entering directory '/home/manu/Downloads/qt-everywhere-src-5.14.1/config.tests/evdev'
> rm -f main.o
> rm -f *~ core *.core
> make[1]: Leaving directory '/home/manu/Downloads/qt-everywhere-src-5.14.1/config.tests/evdev'
> make[1]: Entering directory '/home/manu/Downloads/qt-everywhere-src-5.14.1/config.tests/evdev'
> aarch64-linux-gnu-g++ -c -pipe -mtune=cortex-a57.cortex-a53 -march=armv8-a -O2 -w -fPIC  -I. -isystem /usr/include/drm -I/home/manu/Downloads/qt-everywhere-src-5.14.1/qtbase/mkspecs/devices/linux-jetson-tx1-g++ -o main.o main.cpp
> aarch64-linux-gnu-g++ -Wl,-O1 -Wl,-rpath-link,/usr/lib -Wl,-rpath-link,/usr/lib/aarch64-linux-gnu -Wl,-rpath-link,/usr/lib/aarch64-linux-gnu/tegra -Wl,-rpath-link,/lib/aarch64-linux-gnu -o evdev main.o     -L/usr/lib -L/lib/aarch64-linux-gnu -L/usr/lib/aarch64-linux-gnu 
> make[1]: Leaving directory '/home/manu/Downloads/qt-everywhere-src-5.14.1/config.tests/evdev'
test config.qtbase_gui.tests.evdev succeeded
looking for library freetype
Trying source 0 (type pkgConfig) of library freetype ...
pkg-config use disabled globally.
  => source produced no result.
Trying source 1 (type freetype) of library freetype ...
+ cd /home/manu/Downloads/qt-everywhere-src-5.14.1/config.tests/freetype && /home/manu/Downloads/qt-everywhere-src-5.14.1/qtbase/bin/qmake "CONFIG -= qt debug_and_release app_bundle lib_bundle" "CONFIG += shared warn_off console single_arch" -early "CONFIG += cross_compile" 'QMAKE_USE += freetype' 'QMAKE_LIBS_FREETYPE = -lfreetype' 'QMAKE_INCDIR_FREETYPE = /usr/include/freetype2' 'QMAKE_DEPENDS_FREETYPE_CC = ZLIB' 'QMAKE_DEPENDS_FREETYPE_LD = ZLIB' 'QMAKE_LIBS_ZLIB = -lz' /home/manu/Downloads/qt-everywhere-src-5.14.1/config.tests/freetype
+ cd /home/manu/Downloads/qt-everywhere-src-5.14.1/config.tests/freetype && MAKEFLAGS= make clean && MAKEFLAGS= make
> make[1]: Entering directory '/home/manu/Downloads/qt-everywhere-src-5.14.1/config.tests/freetype'
> rm -f main.o
> rm -f *~ core *.core
> make[1]: Leaving directory '/home/manu/Downloads/qt-everywhere-src-5.14.1/config.tests/freetype'
> make[1]: Entering directory '/home/manu/Downloads/qt-everywhere-src-5.14.1/config.tests/freetype'
> aarch64-linux-gnu-g++ -c -pipe -mtune=cortex-a57.cortex-a53 -march=armv8-a -O2 -w -fPIC  -I. -isystem /usr/include/freetype2 -isystem /usr/include/drm -I/home/manu/Downloads/qt-everywhere-src-5.14.1/qtbase/mkspecs/devices/linux-jetson-tx1-g++ -o main.o main.cpp
> aarch64-linux-gnu-g++ -Wl,-O1 -Wl,-rpath-link,/usr/lib -Wl,-rpath-link,/usr/lib/aarch64-linux-gnu -Wl,-rpath-link,/usr/lib/aarch64-linux-gnu/tegra -Wl,-rpath-link,/lib/aarch64-linux-gnu -o freetype main.o   -lfreetype -lz  -L/usr/lib -L/lib/aarch64-linux-gnu -L/usr/lib/aarch64-linux-gnu 
> make[1]: Leaving directory '/home/manu/Downloads/qt-everywhere-src-5.14.1/config.tests/freetype'
 => source accepted.
test config.qtbase_gui.libraries.freetype succeeded
looking for library fontconfig
Trying source 0 (type pkgConfig) of library fontconfig ...
pkg-config use disabled globally.
  => source produced no result.
Trying source 1 (type freetype) of library fontconfig ...
+ cd /home/manu/Downloads/qt-everywhere-src-5.14.1/config.tests/fontconfig && /home/manu/Downloads/qt-everywhere-src-5.14.1/qtbase/bin/qmake "CONFIG -= qt debug_and_release app_bundle lib_bundle" "CONFIG += shared warn_off console single_arch" -early "CONFIG += cross_compile" 'QMAKE_USE += fontconfig' 'QMAKE_LIBS_FONTCONFIG = -lfontconfig' 'QMAKE_INCDIR_FONTCONFIG = /usr/include/freetype2' 'QMAKE_DEPENDS_FONTCONFIG_CC = FREETYPE' 'QMAKE_DEPENDS_FONTCONFIG_LD = FREETYPE' 'QMAKE_LIBS_FREETYPE = -lfreetype' 'QMAKE_INCDIR_FREETYPE = /usr/include/freetype2' 'QMAKE_DEPENDS_FREETYPE_CC = ZLIB' 'QMAKE_DEPENDS_FREETYPE_LD = ZLIB' 'QMAKE_LIBS_ZLIB = -lz' /home/manu/Downloads/qt-everywhere-src-5.14.1/config.tests/fontconfig
+ cd /home/manu/Downloads/qt-everywhere-src-5.14.1/config.tests/fontconfig && MAKEFLAGS= make clean && MAKEFLAGS= make
> make[1]: Entering directory '/home/manu/Downloads/qt-everywhere-src-5.14.1/config.tests/fontconfig'
> rm -f main.o
> rm -f *~ core *.core
> make[1]: Leaving directory '/home/manu/Downloads/qt-everywhere-src-5.14.1/config.tests/fontconfig'
> make[1]: Entering directory '/home/manu/Downloads/qt-everywhere-src-5.14.1/config.tests/fontconfig'
> aarch64-linux-gnu-g++ -c -pipe -mtune=cortex-a57.cortex-a53 -march=armv8-a -O2 -w -fPIC  -I. -isystem /usr/include/freetype2 -isystem /usr/include/freetype2 -isystem /usr/include/drm -I/home/manu/Downloads/qt-everywhere-src-5.14.1/qtbase/mkspecs/devices/linux-jetson-tx1-g++ -o main.o main.cpp
> aarch64-linux-gnu-g++ -Wl,-O1 -Wl,-rpath-link,/usr/lib -Wl,-rpath-link,/usr/lib/aarch64-linux-gnu -Wl,-rpath-link,/usr/lib/aarch64-linux-gnu/tegra -Wl,-rpath-link,/lib/aarch64-linux-gnu -o fontconfig main.o   -lfontconfig -lfreetype -lz  -L/usr/lib -L/lib/aarch64-linux-gnu -L/usr/lib/aarch64-linux-gnu 
> make[1]: Leaving directory '/home/manu/Downloads/qt-everywhere-src-5.14.1/config.tests/fontconfig'
 => source accepted.
test config.qtbase_gui.libraries.fontconfig succeeded
looking for library libinput
Trying source 0 (type pkgConfig) of library libinput ...
pkg-config use disabled globally.
  => source produced no result.
test config.qtbase_gui.libraries.libinput FAILED
executing config test linuxfb
+ cd /home/manu/Downloads/qt-everywhere-src-5.14.1/config.tests/linuxfb && /home/manu/Downloads/qt-everywhere-src-5.14.1/qtbase/bin/qmake "CONFIG -= qt debug_and_release app_bundle lib_bundle" "CONFIG += shared warn_off console single_arch" -early "CONFIG += cross_compile" /home/manu/Downloads/qt-everywhere-src-5.14.1/config.tests/linuxfb
+ cd /home/manu/Downloads/qt-everywhere-src-5.14.1/config.tests/linuxfb && MAKEFLAGS= make clean && MAKEFLAGS= make
> make[1]: Entering directory '/home/manu/Downloads/qt-everywhere-src-5.14.1/config.tests/linuxfb'
> rm -f main.o
> rm -f *~ core *.core
> make[1]: Leaving directory '/home/manu/Downloads/qt-everywhere-src-5.14.1/config.tests/linuxfb'
> make[1]: Entering directory '/home/manu/Downloads/qt-everywhere-src-5.14.1/config.tests/linuxfb'
> aarch64-linux-gnu-g++ -c -pipe -mtune=cortex-a57.cortex-a53 -march=armv8-a -O2 -w -fPIC  -I. -isystem /usr/include/drm -I/home/manu/Downloads/qt-everywhere-src-5.14.1/qtbase/mkspecs/devices/linux-jetson-tx1-g++ -o main.o main.cpp
> aarch64-linux-gnu-g++ -Wl,-O1 -Wl,-rpath-link,/usr/lib -Wl,-rpath-link,/usr/lib/aarch64-linux-gnu -Wl,-rpath-link,/usr/lib/aarch64-linux-gnu/tegra -Wl,-rpath-link,/lib/aarch64-linux-gnu -o linuxfb main.o     -L/usr/lib -L/lib/aarch64-linux-gnu -L/usr/lib/aarch64-linux-gnu 
> make[1]: Leaving directory '/home/manu/Downloads/qt-everywhere-src-5.14.1/config.tests/linuxfb'
test config.qtbase_gui.tests.linuxfb succeeded
looking for library mtdev
Trying source 0 (type pkgConfig) of library mtdev ...
pkg-config use disabled globally.
  => source produced no result.
test config.qtbase_gui.libraries.mtdev FAILED
executing config test opengles3
+ cd /home/manu/Downloads/qt-everywhere-src-5.14.1/config.tests/opengles3 && /home/manu/Downloads/qt-everywhere-src-5.14.1/qtbase/bin/qmake "CONFIG -= qt debug_and_release app_bundle lib_bundle" "CONFIG += shared warn_off console single_arch" -early "CONFIG += cross_compile" 'QMAKE_USE += opengl_es2' 'QMAKE_LIBS_OPENGL_ES2 = -lGLESv2' /home/manu/Downloads/qt-everywhere-src-5.14.1/config.tests/opengles3
+ cd /home/manu/Downloads/qt-everywhere-src-5.14.1/config.tests/opengles3 && MAKEFLAGS= make clean && MAKEFLAGS= make
> make[1]: Entering directory '/home/manu/Downloads/qt-everywhere-src-5.14.1/config.tests/opengles3'
> rm -f main.o
> rm -f *~ core *.core
> make[1]: Leaving directory '/home/manu/Downloads/qt-everywhere-src-5.14.1/config.tests/opengles3'
> make[1]: Entering directory '/home/manu/Downloads/qt-everywhere-src-5.14.1/config.tests/opengles3'
> aarch64-linux-gnu-g++ -c -pipe -mtune=cortex-a57.cortex-a53 -march=armv8-a -O2 -w -fPIC  -I. -isystem /usr/include/drm -I/home/manu/Downloads/qt-everywhere-src-5.14.1/qtbase/mkspecs/devices/linux-jetson-tx1-g++ -o main.o main.cpp
> aarch64-linux-gnu-g++ -Wl,-O1 -Wl,-rpath-link,/usr/lib -Wl,-rpath-link,/usr/lib/aarch64-linux-gnu -Wl,-rpath-link,/usr/lib/aarch64-linux-gnu/tegra -Wl,-rpath-link,/lib/aarch64-linux-gnu -o opengles3 main.o   -lGLESv2  -L/usr/lib -L/lib/aarch64-linux-gnu -L/usr/lib/aarch64-linux-gnu 
> make[1]: Leaving directory '/home/manu/Downloads/qt-everywhere-src-5.14.1/config.tests/opengles3'
test config.qtbase_gui.tests.opengles3 succeeded
executing config test opengles31
+ cd /home/manu/Downloads/qt-everywhere-src-5.14.1/config.tests/opengles31 && /home/manu/Downloads/qt-everywhere-src-5.14.1/qtbase/bin/qmake "CONFIG -= qt debug_and_release app_bundle lib_bundle" "CONFIG += shared warn_off console single_arch" -early "CONFIG += cross_compile" 'QMAKE_USE += opengl_es2' 'QMAKE_LIBS_OPENGL_ES2 = -lGLESv2' /home/manu/Downloads/qt-everywhere-src-5.14.1/config.tests/opengles31
+ cd /home/manu/Downloads/qt-everywhere-src-5.14.1/config.tests/opengles31 && MAKEFLAGS= make clean && MAKEFLAGS= make
> make[1]: Entering directory '/home/manu/Downloads/qt-everywhere-src-5.14.1/config.tests/opengles31'
> rm -f main.o
> rm -f *~ core *.core
> make[1]: Leaving directory '/home/manu/Downloads/qt-everywhere-src-5.14.1/config.tests/opengles31'
> make[1]: Entering directory '/home/manu/Downloads/qt-everywhere-src-5.14.1/config.tests/opengles31'
> aarch64-linux-gnu-g++ -c -pipe -mtune=cortex-a57.cortex-a53 -march=armv8-a -O2 -w -fPIC  -I. -isystem /usr/include/drm -I/home/manu/Downloads/qt-everywhere-src-5.14.1/qtbase/mkspecs/devices/linux-jetson-tx1-g++ -o main.o main.cpp
> aarch64-linux-gnu-g++ -Wl,-O1 -Wl,-rpath-link,/usr/lib -Wl,-rpath-link,/usr/lib/aarch64-linux-gnu -Wl,-rpath-link,/usr/lib/aarch64-linux-gnu/tegra -Wl,-rpath-link,/lib/aarch64-linux-gnu -o opengles31 main.o   -lGLESv2  -L/usr/lib -L/lib/aarch64-linux-gnu -L/usr/lib/aarch64-linux-gnu 
> make[1]: Leaving directory '/home/manu/Downloads/qt-everywhere-src-5.14.1/config.tests/opengles31'
test config.qtbase_gui.tests.opengles31 succeeded
executing config test opengles32
+ cd /home/manu/Downloads/qt-everywhere-src-5.14.1/config.tests/opengles32 && /home/manu/Downloads/qt-everywhere-src-5.14.1/qtbase/bin/qmake "CONFIG -= qt debug_and_release app_bundle lib_bundle" "CONFIG += shared warn_off console single_arch" -early "CONFIG += cross_compile" 'QMAKE_USE += opengl_es2' 'QMAKE_LIBS_OPENGL_ES2 = -lGLESv2' /home/manu/Downloads/qt-everywhere-src-5.14.1/config.tests/opengles32
+ cd /home/manu/Downloads/qt-everywhere-src-5.14.1/config.tests/opengles32 && MAKEFLAGS= make clean && MAKEFLAGS= make
> make[1]: Entering directory '/home/manu/Downloads/qt-everywhere-src-5.14.1/config.tests/opengles32'
> rm -f main.o
> rm -f *~ core *.core
> make[1]: Leaving directory '/home/manu/Downloads/qt-everywhere-src-5.14.1/config.tests/opengles32'
> make[1]: Entering directory '/home/manu/Downloads/qt-everywhere-src-5.14.1/config.tests/opengles32'
> aarch64-linux-gnu-g++ -c -pipe -mtune=cortex-a57.cortex-a53 -march=armv8-a -O2 -w -fPIC  -I. -isystem /usr/include/drm -I/home/manu/Downloads/qt-everywhere-src-5.14.1/qtbase/mkspecs/devices/linux-jetson-tx1-g++ -o main.o main.cpp
> aarch64-linux-gnu-g++ -Wl,-O1 -Wl,-rpath-link,/usr/lib -Wl,-rpath-link,/usr/lib/aarch64-linux-gnu -Wl,-rpath-link,/usr/lib/aarch64-linux-gnu/tegra -Wl,-rpath-link,/lib/aarch64-linux-gnu -o opengles32 main.o   -lGLESv2  -L/usr/lib -L/lib/aarch64-linux-gnu -L/usr/lib/aarch64-linux-gnu 
> make[1]: Leaving directory '/home/manu/Downloads/qt-everywhere-src-5.14.1/config.tests/opengles32'
test config.qtbase_gui.tests.opengles32 succeeded
looking for library openvg
Trying source 0 (type pkgConfig) of library openvg ...
pkg-config use disabled globally.
  => source produced no result.
Trying source 1 (type makeSpec) of library openvg ...
VG/openvg.h not found in [] and global paths.
  => source produced no result.
test config.qtbase_gui.libraries.openvg FAILED
executing config test qpa_default_platform
test config.qtbase_gui.tests.qpa_default_platform gave result eglfs
looking for library harfbuzz
Trying source 0 (type inline) of library harfbuzz ...
+ cd /home/manu/Downloads/qt-everywhere-src-5.14.1/config.tests/harfbuzz && /home/manu/Downloads/qt-everywhere-src-5.14.1/qtbase/bin/qmake "CONFIG -= qt debug_and_release app_bundle lib_bundle" "CONFIG += shared warn_off console single_arch" -early "CONFIG += cross_compile" 'QMAKE_USE += harfbuzz' 'QMAKE_LIBS_HARFBUZZ = -lharfbuzz' /home/manu/Downloads/qt-everywhere-src-5.14.1/config.tests/harfbuzz
+ cd /home/manu/Downloads/qt-everywhere-src-5.14.1/config.tests/harfbuzz && MAKEFLAGS= make clean && MAKEFLAGS= make
> make[1]: Entering directory '/home/manu/Downloads/qt-everywhere-src-5.14.1/config.tests/harfbuzz'
> rm -f main.o
> rm -f *~ core *.core
> make[1]: Leaving directory '/home/manu/Downloads/qt-everywhere-src-5.14.1/config.tests/harfbuzz'
> make[1]: Entering directory '/home/manu/Downloads/qt-everywhere-src-5.14.1/config.tests/harfbuzz'
> aarch64-linux-gnu-g++ -c -pipe -mtune=cortex-a57.cortex-a53 -march=armv8-a -O2 -w -fPIC  -I. -isystem /usr/include/drm -I/home/manu/Downloads/qt-everywhere-src-5.14.1/qtbase/mkspecs/devices/linux-jetson-tx1-g++ -o main.o main.cpp
> aarch64-linux-gnu-g++ -Wl,-O1 -Wl,-rpath-link,/usr/lib -Wl,-rpath-link,/usr/lib/aarch64-linux-gnu -Wl,-rpath-link,/usr/lib/aarch64-linux-gnu/tegra -Wl,-rpath-link,/lib/aarch64-linux-gnu -o harfbuzz main.o   -lharfbuzz  -L/usr/lib -L/lib/aarch64-linux-gnu -L/usr/lib/aarch64-linux-gnu 
> make[1]: Leaving directory '/home/manu/Downloads/qt-everywhere-src-5.14.1/config.tests/harfbuzz'
 => source accepted.
test config.qtbase_gui.libraries.harfbuzz succeeded
looking for library libjpeg
Trying source 0 (type pkgConfig) of library libjpeg ...
pkg-config use disabled globally.
  => source produced no result.
Trying source 1 (type inline) of library libjpeg ...
  => source failed condition 'config.msvc'.
Trying source 2 (type inline) of library libjpeg ...
+ cd /home/manu/Downloads/qt-everywhere-src-5.14.1/config.tests/libjpeg && /home/manu/Downloads/qt-everywhere-src-5.14.1/qtbase/bin/qmake "CONFIG -= qt debug_and_release app_bundle lib_bundle" "CONFIG += shared warn_off console single_arch" -early "CONFIG += cross_compile" 'QMAKE_USE += libjpeg' 'QMAKE_LIBS_LIBJPEG = -ljpeg' /home/manu/Downloads/qt-everywhere-src-5.14.1/config.tests/libjpeg
+ cd /home/manu/Downloads/qt-everywhere-src-5.14.1/config.tests/libjpeg && MAKEFLAGS= make clean && MAKEFLAGS= make
> make[1]: Entering directory '/home/manu/Downloads/qt-everywhere-src-5.14.1/config.tests/libjpeg'
> rm -f main.o
> rm -f *~ core *.core
> make[1]: Leaving directory '/home/manu/Downloads/qt-everywhere-src-5.14.1/config.tests/libjpeg'
> make[1]: Entering directory '/home/manu/Downloads/qt-everywhere-src-5.14.1/config.tests/libjpeg'
> aarch64-linux-gnu-g++ -c -pipe -mtune=cortex-a57.cortex-a53 -march=armv8-a -O2 -w -fPIC  -I. -isystem /usr/include/drm -I/home/manu/Downloads/qt-everywhere-src-5.14.1/qtbase/mkspecs/devices/linux-jetson-tx1-g++ -o main.o main.cpp
> aarch64-linux-gnu-g++ -Wl,-O1 -Wl,-rpath-link,/usr/lib -Wl,-rpath-link,/usr/lib/aarch64-linux-gnu -Wl,-rpath-link,/usr/lib/aarch64-linux-gnu/tegra -Wl,-rpath-link,/lib/aarch64-linux-gnu -o libjpeg main.o   -ljpeg  -L/usr/lib -L/lib/aarch64-linux-gnu -L/usr/lib/aarch64-linux-gnu 
> make[1]: Leaving directory '/home/manu/Downloads/qt-everywhere-src-5.14.1/config.tests/libjpeg'
 => source accepted.
test config.qtbase_gui.libraries.libjpeg succeeded
looking for library libpng
Trying source 0 (type pkgConfig) of library libpng ...
pkg-config use disabled globally.
  => source produced no result.
Trying source 1 (type inline) of library libpng ...
  => source failed condition 'config.msvc'.
Trying source 2 (type inline) of library libpng ...
  => source failed condition 'config.msvc'.
Trying source 3 (type inline) of library libpng ...
+ cd /home/manu/Downloads/qt-everywhere-src-5.14.1/config.tests/libpng && /home/manu/Downloads/qt-everywhere-src-5.14.1/qtbase/bin/qmake "CONFIG -= qt debug_and_release app_bundle lib_bundle" "CONFIG += shared warn_off console single_arch" -early "CONFIG += cross_compile" 'QMAKE_USE += libpng' 'QMAKE_LIBS_LIBPNG = -lpng16' 'QMAKE_DEPENDS_LIBPNG_CC = ZLIB' 'QMAKE_DEPENDS_LIBPNG_LD = ZLIB' 'QMAKE_LIBS_ZLIB = -lz' /home/manu/Downloads/qt-everywhere-src-5.14.1/config.tests/libpng
+ cd /home/manu/Downloads/qt-everywhere-src-5.14.1/config.tests/libpng && MAKEFLAGS= make clean && MAKEFLAGS= make
> make[1]: Entering directory '/home/manu/Downloads/qt-everywhere-src-5.14.1/config.tests/libpng'
> rm -f main.o
> rm -f *~ core *.core
> make[1]: Leaving directory '/home/manu/Downloads/qt-everywhere-src-5.14.1/config.tests/libpng'
> make[1]: Entering directory '/home/manu/Downloads/qt-everywhere-src-5.14.1/config.tests/libpng'
> aarch64-linux-gnu-g++ -c -pipe -mtune=cortex-a57.cortex-a53 -march=armv8-a -O2 -w -fPIC  -I. -isystem /usr/include/drm -I/home/manu/Downloads/qt-everywhere-src-5.14.1/qtbase/mkspecs/devices/linux-jetson-tx1-g++ -o main.o main.cpp
> aarch64-linux-gnu-g++ -Wl,-O1 -Wl,-rpath-link,/usr/lib -Wl,-rpath-link,/usr/lib/aarch64-linux-gnu -Wl,-rpath-link,/usr/lib/aarch64-linux-gnu/tegra -Wl,-rpath-link,/lib/aarch64-linux-gnu -o libpng main.o   -lpng16 -lz  -L/usr/lib -L/lib/aarch64-linux-gnu -L/usr/lib/aarch64-linux-gnu 
> make[1]: Leaving directory '/home/manu/Downloads/qt-everywhere-src-5.14.1/config.tests/libpng'
 => source accepted.
test config.qtbase_gui.libraries.libpng succeeded
looking for library libmd4c
Trying source 0 (type pkgConfig) of library libmd4c ...
pkg-config use disabled globally.
  => source produced no result.
Trying source 1 (type inline) of library libmd4c ...
md4c.h not found in [] and global paths.
  => source produced no result.
test config.qtbase_gui.libraries.libmd4c FAILED
looking for library xcb_icccm
Trying source 0 (type pkgConfig) of library xcb_icccm ...
pkg-config use disabled globally.
  => source produced no result.
Trying source 1 (type inline) of library xcb_icccm ...
 => source accepted.
test config.qtbase_gui.libraries.xcb_icccm succeeded
looking for library xcb_shm
Trying source 0 (type pkgConfig) of library xcb_shm ...
pkg-config use disabled globally.
  => source produced no result.
Trying source 1 (type inline) of library xcb_shm ...
 => source accepted.
test config.qtbase_gui.libraries.xcb_shm succeeded
looking for library xcb_image
Trying source 0 (type pkgConfig) of library xcb_image ...
pkg-config use disabled globally.
  => source produced no result.
Trying source 1 (type inline) of library xcb_image ...
 => source accepted.
test config.qtbase_gui.libraries.xcb_image succeeded
looking for library xcb_keysyms
Trying source 0 (type pkgConfig) of library xcb_keysyms ...
pkg-config use disabled globally.
  => source produced no result.
Trying source 1 (type inline) of library xcb_keysyms ...
 => source accepted.
test config.qtbase_gui.libraries.xcb_keysyms succeeded
looking for library xcb_randr
Trying source 0 (type pkgConfig) of library xcb_randr ...
pkg-config use disabled globally.
  => source produced no result.
Trying source 1 (type inline) of library xcb_randr ...
 => source accepted.
test config.qtbase_gui.libraries.xcb_randr succeeded
looking for library xcb_render
Trying source 0 (type pkgConfig) of library xcb_render ...
pkg-config use disabled globally.
  => source produced no result.
Trying source 1 (type inline) of library xcb_render ...
 => source accepted.
test config.qtbase_gui.libraries.xcb_render succeeded
looking for library xcb_renderutil
Trying source 0 (type pkgConfig) of library xcb_renderutil ...
pkg-config use disabled globally.
  => source produced no result.
Trying source 1 (type inline) of library xcb_renderutil ...
 => source accepted.
test config.qtbase_gui.libraries.xcb_renderutil succeeded
looking for library xcb_shape
Trying source 0 (type pkgConfig) of library xcb_shape ...
pkg-config use disabled globally.
  => source produced no result.
Trying source 1 (type inline) of library xcb_shape ...
 => source accepted.
test config.qtbase_gui.libraries.xcb_shape succeeded
looking for library xcb_sync
Trying source 0 (type pkgConfig) of library xcb_sync ...
pkg-config use disabled globally.
  => source produced no result.
Trying source 1 (type inline) of library xcb_sync ...
 => source accepted.
test config.qtbase_gui.libraries.xcb_sync succeeded
looking for library xcb_xfixes
Trying source 0 (type pkgConfig) of library xcb_xfixes ...
pkg-config use disabled globally.
  => source produced no result.
Trying source 1 (type inline) of library xcb_xfixes ...
 => source accepted.
test config.qtbase_gui.libraries.xcb_xfixes succeeded
looking for library xcb_xinerama
Trying source 0 (type pkgConfig) of library xcb_xinerama ...
pkg-config use disabled globally.
  => source produced no result.
Trying source 1 (type inline) of library xcb_xinerama ...
 => source accepted.
test config.qtbase_gui.libraries.xcb_xinerama succeeded
executing config test xcb_syslibs
+ cd /home/manu/Downloads/qt-everywhere-src-5.14.1/config.tests/xcb_syslibs && /home/manu/Downloads/qt-everywhere-src-5.14.1/qtbase/bin/qmake "CONFIG -= qt debug_and_release app_bundle lib_bundle" "CONFIG += shared warn_off console single_arch" -early "CONFIG += cross_compile" 'QMAKE_USE += xcb_icccm xcb_image xcb_keysyms xcb_randr xcb_render xcb_renderutil xcb_shape xcb_shm xcb_sync xcb_xfixes xcb_xinerama xcb' 'QMAKE_LIBS_XCB = -lxcb' 'QMAKE_LIBS_XCB_XINERAMA = -lxcb-xinerama' 'QMAKE_DEPENDS_XCB_XINERAMA_CC = XCB' 'QMAKE_DEPENDS_XCB_XINERAMA_LD = XCB' 'QMAKE_LIBS_XCB_XFIXES = -lxcb-xfixes' 'QMAKE_DEPENDS_XCB_XFIXES_CC = XCB' 'QMAKE_DEPENDS_XCB_XFIXES_LD = XCB' 'QMAKE_LIBS_XCB_SYNC = -lxcb-sync' 'QMAKE_DEPENDS_XCB_SYNC_CC = XCB' 'QMAKE_DEPENDS_XCB_SYNC_LD = XCB' 'QMAKE_LIBS_XCB_SHM = -lxcb-shm' 'QMAKE_DEPENDS_XCB_SHM_CC = XCB' 'QMAKE_DEPENDS_XCB_SHM_LD = XCB' 'QMAKE_LIBS_XCB_SHAPE = -lxcb-shape' 'QMAKE_DEPENDS_XCB_SHAPE_CC = XCB' 'QMAKE_DEPENDS_XCB_SHAPE_LD = XCB' 'QMAKE_LIBS_XCB_RENDERUTIL = -lxcb-render-util' 'QMAKE_DEPENDS_XCB_RENDERUTIL_CC = XCB XCB_RENDER' 'QMAKE_DEPENDS_XCB_RENDERUTIL_LD = XCB XCB_RENDER' 'QMAKE_LIBS_XCB_RENDER = -lxcb-render' 'QMAKE_DEPENDS_XCB_RENDER_CC = XCB' 'QMAKE_DEPENDS_XCB_RENDER_LD = XCB' 'QMAKE_LIBS_XCB_RANDR = -lxcb-randr' 'QMAKE_DEPENDS_XCB_RANDR_CC = XCB' 'QMAKE_DEPENDS_XCB_RANDR_LD = XCB' 'QMAKE_LIBS_XCB_KEYSYMS = -lxcb-keysyms' 'QMAKE_DEPENDS_XCB_KEYSYMS_CC = XCB' 'QMAKE_DEPENDS_XCB_KEYSYMS_LD = XCB' 'QMAKE_LIBS_XCB_IMAGE = -lxcb-image' 'QMAKE_DEPENDS_XCB_IMAGE_CC = XCB_SHM XCB' 'QMAKE_DEPENDS_XCB_IMAGE_LD = XCB_SHM XCB' 'QMAKE_LIBS_XCB_ICCCM = -lxcb-icccm' 'QMAKE_DEPENDS_XCB_ICCCM_CC = XCB' 'QMAKE_DEPENDS_XCB_ICCCM_LD = XCB' /home/manu/Downloads/qt-everywhere-src-5.14.1/config.tests/xcb_syslibs
+ cd /home/manu/Downloads/qt-everywhere-src-5.14.1/config.tests/xcb_syslibs && MAKEFLAGS= make clean && MAKEFLAGS= make
> make[1]: Entering directory '/home/manu/Downloads/qt-everywhere-src-5.14.1/config.tests/xcb_syslibs'
> rm -f main.o
> rm -f *~ core *.core
> make[1]: Leaving directory '/home/manu/Downloads/qt-everywhere-src-5.14.1/config.tests/xcb_syslibs'
> make[1]: Entering directory '/home/manu/Downloads/qt-everywhere-src-5.14.1/config.tests/xcb_syslibs'
> aarch64-linux-gnu-g++ -c -pipe -mtune=cortex-a57.cortex-a53 -march=armv8-a -O2 -w -fPIC  -I. -isystem /usr/include/drm -I/home/manu/Downloads/qt-everywhere-src-5.14.1/qtbase/mkspecs/devices/linux-jetson-tx1-g++ -o main.o main.cpp
> aarch64-linux-gnu-g++ -Wl,-O1 -Wl,-rpath-link,/usr/lib -Wl,-rpath-link,/usr/lib/aarch64-linux-gnu -Wl,-rpath-link,/usr/lib/aarch64-linux-gnu/tegra -Wl,-rpath-link,/lib/aarch64-linux-gnu -o xcb_syslibs main.o   -lxcb-icccm -lxcb-image -lxcb-shm -lxcb-keysyms -lxcb-randr -lxcb-render-util -lxcb-render -lxcb-shape -lxcb-sync -lxcb-xfixes -lxcb-xinerama -lxcb  -L/usr/lib -L/lib/aarch64-linux-gnu -L/usr/lib/aarch64-linux-gnu 
> make[1]: Leaving directory '/home/manu/Downloads/qt-everywhere-src-5.14.1/config.tests/xcb_syslibs'
test config.qtbase_gui.tests.xcb_syslibs succeeded
looking for library tslib
Trying source 0 (type inline) of library tslib ...
tslib.h not found in [] and global paths.
  => source produced no result.
test config.qtbase_gui.libraries.tslib FAILED
looking for library vulkan
Trying source 0 (type pkgConfig) of library vulkan ...
pkg-config use disabled globally.
  => source produced no result.
Trying source 1 (type makeSpec) of library vulkan ...
vulkan/vulkan.h not found in [] and global paths.
  => source produced no result.
test config.qtbase_gui.libraries.vulkan FAILED
executing config test x11prefix
test config.qtbase_gui.tests.x11prefix gave result /usr
looking for library x11sm
Trying source 0 (type pkgConfig) of library x11sm ...
pkg-config use disabled globally.
  => source produced no result.
test config.qtbase_gui.libraries.x11sm FAILED
looking for library xcb_xinput
Trying source 0 (type pkgConfig) of library xcb_xinput ...
pkg-config use disabled globally.
  => source produced no result.
Trying source 1 (type inline) of library xcb_xinput ...
+ cd /home/manu/Downloads/qt-everywhere-src-5.14.1/config.tests/xcb_xinput && /home/manu/Downloads/qt-everywhere-src-5.14.1/qtbase/bin/qmake "CONFIG -= qt debug_and_release app_bundle lib_bundle" "CONFIG += shared warn_off console single_arch" -early "CONFIG += cross_compile" 'QMAKE_USE += xcb_xinput' 'QMAKE_LIBS_XCB_XINPUT = -lxcb-xinput' 'QMAKE_DEPENDS_XCB_XINPUT_CC = XCB' 'QMAKE_DEPENDS_XCB_XINPUT_LD = XCB' 'QMAKE_LIBS_XCB = -lxcb' /home/manu/Downloads/qt-everywhere-src-5.14.1/config.tests/xcb_xinput
+ cd /home/manu/Downloads/qt-everywhere-src-5.14.1/config.tests/xcb_xinput && MAKEFLAGS= make clean && MAKEFLAGS= make
> make[1]: Entering directory '/home/manu/Downloads/qt-everywhere-src-5.14.1/config.tests/xcb_xinput'
> rm -f main.o
> rm -f *~ core *.core
> make[1]: Leaving directory '/home/manu/Downloads/qt-everywhere-src-5.14.1/config.tests/xcb_xinput'
> make[1]: Entering directory '/home/manu/Downloads/qt-everywhere-src-5.14.1/config.tests/xcb_xinput'
> aarch64-linux-gnu-g++ -c -pipe -mtune=cortex-a57.cortex-a53 -march=armv8-a -O2 -w -fPIC  -I. -isystem /usr/include/drm -I/home/manu/Downloads/qt-everywhere-src-5.14.1/qtbase/mkspecs/devices/linux-jetson-tx1-g++ -o main.o main.cpp
> aarch64-linux-gnu-g++ -Wl,-O1 -Wl,-rpath-link,/usr/lib -Wl,-rpath-link,/usr/lib/aarch64-linux-gnu -Wl,-rpath-link,/usr/lib/aarch64-linux-gnu/tegra -Wl,-rpath-link,/lib/aarch64-linux-gnu -o xcb_xinput main.o   -lxcb-xinput -lxcb  -L/usr/lib -L/lib/aarch64-linux-gnu -L/usr/lib/aarch64-linux-gnu 
> make[1]: Leaving directory '/home/manu/Downloads/qt-everywhere-src-5.14.1/config.tests/xcb_xinput'
 => source accepted.
test config.qtbase_gui.libraries.xcb_xinput succeeded
looking for library xcb_xkb
Trying source 0 (type pkgConfig) of library xcb_xkb ...
pkg-config use disabled globally.
  => source produced no result.
Trying source 1 (type inline) of library xcb_xkb ...
+ cd /home/manu/Downloads/qt-everywhere-src-5.14.1/config.tests/xcb_xkb && /home/manu/Downloads/qt-everywhere-src-5.14.1/qtbase/bin/qmake "CONFIG -= qt debug_and_release app_bundle lib_bundle" "CONFIG += shared warn_off console single_arch" -early "CONFIG += cross_compile" 'QMAKE_USE += xcb_xkb' 'QMAKE_LIBS_XCB_XKB = -lxcb-xkb' 'QMAKE_DEPENDS_XCB_XKB_CC = XCB' 'QMAKE_DEPENDS_XCB_XKB_LD = XCB' 'QMAKE_LIBS_XCB = -lxcb' /home/manu/Downloads/qt-everywhere-src-5.14.1/config.tests/xcb_xkb
+ cd /home/manu/Downloads/qt-everywhere-src-5.14.1/config.tests/xcb_xkb && MAKEFLAGS= make clean && MAKEFLAGS= make
> make[1]: Entering directory '/home/manu/Downloads/qt-everywhere-src-5.14.1/config.tests/xcb_xkb'
> rm -f main.o
> rm -f *~ core *.core
> make[1]: Leaving directory '/home/manu/Downloads/qt-everywhere-src-5.14.1/config.tests/xcb_xkb'
> make[1]: Entering directory '/home/manu/Downloads/qt-everywhere-src-5.14.1/config.tests/xcb_xkb'
> aarch64-linux-gnu-g++ -c -pipe -mtune=cortex-a57.cortex-a53 -march=armv8-a -O2 -w -fPIC  -I. -isystem /usr/include/drm -I/home/manu/Downloads/qt-everywhere-src-5.14.1/qtbase/mkspecs/devices/linux-jetson-tx1-g++ -o main.o main.cpp
> aarch64-linux-gnu-g++ -Wl,-O1 -Wl,-rpath-link,/usr/lib -Wl,-rpath-link,/usr/lib/aarch64-linux-gnu -Wl,-rpath-link,/usr/lib/aarch64-linux-gnu/tegra -Wl,-rpath-link,/lib/aarch64-linux-gnu -o xcb_xkb main.o   -lxcb-xkb -lxcb  -L/usr/lib -L/lib/aarch64-linux-gnu -L/usr/lib/aarch64-linux-gnu 
> make[1]: Leaving directory '/home/manu/Downloads/qt-everywhere-src-5.14.1/config.tests/xcb_xkb'
 => source accepted.
test config.qtbase_gui.libraries.xcb_xkb succeeded
looking for library xkbcommon_x11
Trying source 0 (type pkgConfig) of library xkbcommon_x11 ...
pkg-config use disabled globally.
  => source produced no result.
Trying source 1 (type inline) of library xkbcommon_x11 ...
xkbcommon/xkbcommon-x11.h not found in [] and global paths.
  => source produced no result.
test config.qtbase_gui.libraries.xkbcommon_x11 FAILED
looking for library cups
Trying source 0 (type inline) of library cups ...
cups/cups.h not found in [] and global paths.
  => source produced no result.
test config.qtbase_printsupport.libraries.cups FAILED
looking for library db2
Trying source 0 (type inline) of library db2 ...
  => source failed condition 'config.win32'.
Trying source 1 (type inline) of library db2 ...
sqlcli.h not found in [] and global paths.
sqlcli1.h not found in [] and global paths.
  => source produced no result.
test config.qtbase_sqldrivers.libraries.db2 FAILED
looking for library ibase
Trying source 0 (type inline) of library ibase ...
  => source failed condition 'config.win32'.
Trying source 1 (type inline) of library ibase ...
ibase.h not found in [] and global paths.
  => source produced no result.
test config.qtbase_sqldrivers.libraries.ibase FAILED
looking for library mysql
Trying source 0 (type mysqlConfig) of library mysql ...
mysql_config not found.
  => source produced no result.
Trying source 1 (type mysqlConfig) of library mysql ...
mysql_config not found.
  => source produced no result.
Trying source 2 (type mysqlConfig) of library mysql ...
mysql_config not found.
  => source produced no result.
Trying source 3 (type mysqlConfig) of library mysql ...
mysql_config not found.
  => source produced no result.
Trying source 4 (type inline) of library mysql ...
mysql.h not found in [] and global paths.
  => source produced no result.
Trying source 5 (type inline) of library mysql ...
  => source failed condition 'config.win32'.
Trying source 6 (type inline) of library mysql ...
mysql.h not found in [] and global paths.
  => source produced no result.
test config.qtbase_sqldrivers.libraries.mysql FAILED
looking for library oci
Trying source 0 (type inline) of library oci ...
  => source failed condition 'config.win32'.
Trying source 1 (type inline) of library oci ...
oci.h not found in [] and global paths.
  => source produced no result.
test config.qtbase_sqldrivers.libraries.oci FAILED
looking for library odbc
Trying source 0 (type inline) of library odbc ...
  => source failed condition 'config.win32'.
Trying source 1 (type inline) of library odbc ...
  => source failed condition 'config.darwin'.
Trying source 2 (type inline) of library odbc ...
sql.h not found in [] and global paths.
sqlext.h not found in [] and global paths.
  => source produced no result.
test config.qtbase_sqldrivers.libraries.odbc FAILED
looking for library psql
Trying source 0 (type pkgConfig) of library psql ...
pkg-config use disabled globally.
  => source produced no result.
Trying source 1 (type psqlConfig) of library psql ...
pg_config not found.
  => source produced no result.
Trying source 2 (type psqlEnv) of library psql ...
  => source failed condition 'config.win32'.
Trying source 3 (type psqlEnv) of library psql ...
libpq-fe.h not found in [] and global paths.
  => source produced no result.
test config.qtbase_sqldrivers.libraries.psql FAILED
looking for library sqlite2
Trying source 0 (type inline) of library sqlite2 ...
sqlite.h not found in [] and global paths.
  => source produced no result.
test config.qtbase_sqldrivers.libraries.sqlite2 FAILED
looking for library tds
Trying source 0 (type sybaseEnv) of library tds ...
  => source failed condition 'config.win32'.
Trying source 1 (type sybaseEnv) of library tds ...
+ cd /home/manu/Downloads/qt-everywhere-src-5.14.1/config.tests/tds && /home/manu/Downloads/qt-everywhere-src-5.14.1/qtbase/bin/qmake "CONFIG -= qt debug_and_release app_bundle lib_bundle" "CONFIG += shared warn_off console single_arch" -early "CONFIG += cross_compile" 'QMAKE_USE += tds' 'QMAKE_LIBS_TDS = -lsybdb' /home/manu/Downloads/qt-everywhere-src-5.14.1/config.tests/tds
+ cd /home/manu/Downloads/qt-everywhere-src-5.14.1/config.tests/tds && MAKEFLAGS= make clean && MAKEFLAGS= make
> make[1]: Entering directory '/home/manu/Downloads/qt-everywhere-src-5.14.1/config.tests/tds'
> rm -f main.o
> rm -f *~ core *.core
> make[1]: Leaving directory '/home/manu/Downloads/qt-everywhere-src-5.14.1/config.tests/tds'
> make[1]: Entering directory '/home/manu/Downloads/qt-everywhere-src-5.14.1/config.tests/tds'
> aarch64-linux-gnu-g++ -c -pipe -mtune=cortex-a57.cortex-a53 -march=armv8-a -O2 -w -fPIC  -I. -isystem /usr/include/drm -I/home/manu/Downloads/qt-everywhere-src-5.14.1/qtbase/mkspecs/devices/linux-jetson-tx1-g++ -o main.o main.cpp
> main.cpp:2:10: fatal error: sybfront.h: No such file or directory
>  #include <sybfront.h>
>           ^~~~~~~~~~~~
> compilation terminated.
> Makefile:1189: recipe for target 'main.o' failed
> make[1]: *** [main.o] Error 1
> make[1]: Leaving directory '/home/manu/Downloads/qt-everywhere-src-5.14.1/config.tests/tds'
 => source failed verification.
test config.qtbase_sqldrivers.libraries.tds FAILED
executing config test ntddmodm
+ cd /home/manu/Downloads/qt-everywhere-src-5.14.1/config.tests/ntddmodm && /home/manu/Downloads/qt-everywhere-src-5.14.1/qtbase/bin/qmake "CONFIG -= qt debug_and_release app_bundle lib_bundle" "CONFIG += shared warn_off console single_arch" -early "CONFIG += cross_compile" /home/manu/Downloads/qt-everywhere-src-5.14.1/config.tests/ntddmodm
+ cd /home/manu/Downloads/qt-everywhere-src-5.14.1/config.tests/ntddmodm && MAKEFLAGS= make clean && MAKEFLAGS= make
> make[1]: Entering directory '/home/manu/Downloads/qt-everywhere-src-5.14.1/config.tests/ntddmodm'
> rm -f main.o
> rm -f *~ core *.core
> make[1]: Leaving directory '/home/manu/Downloads/qt-everywhere-src-5.14.1/config.tests/ntddmodm'
> make[1]: Entering directory '/home/manu/Downloads/qt-everywhere-src-5.14.1/config.tests/ntddmodm'
> aarch64-linux-gnu-g++ -c -pipe -mtune=cortex-a57.cortex-a53 -march=armv8-a -O2 -w -fPIC  -I. -isystem /usr/include/drm -I/home/manu/Downloads/qt-everywhere-src-5.14.1/qtbase/mkspecs/devices/linux-jetson-tx1-g++ -o main.o main.cpp
> main.cpp:2:10: fatal error: windows.h: No such file or directory
>  #include <windows.h>
>           ^~~~~~~~~~~
> compilation terminated.
> Makefile:1189: recipe for target 'main.o' failed
> make[1]: *** [main.o] Error 1
> make[1]: Leaving directory '/home/manu/Downloads/qt-everywhere-src-5.14.1/config.tests/ntddmodm'
test config.qtserialport_serialport.tests.ntddmodm FAILED
executing config test socketcan
+ cd /home/manu/Downloads/qt-everywhere-src-5.14.1/config.tests/socketcan && /home/manu/Downloads/qt-everywhere-src-5.14.1/qtbase/bin/qmake "CONFIG -= qt debug_and_release app_bundle lib_bundle" "CONFIG += shared warn_off console single_arch" -early "CONFIG += cross_compile" /home/manu/Downloads/qt-everywhere-src-5.14.1/qtserialbus/config.tests/socketcan
+ cd /home/manu/Downloads/qt-everywhere-src-5.14.1/config.tests/socketcan && MAKEFLAGS= make clean && MAKEFLAGS= make
> make[1]: Entering directory '/home/manu/Downloads/qt-everywhere-src-5.14.1/config.tests/socketcan'
> rm -f main.o
> rm -f *~ core *.core
> make[1]: Leaving directory '/home/manu/Downloads/qt-everywhere-src-5.14.1/config.tests/socketcan'
> make[1]: Entering directory '/home/manu/Downloads/qt-everywhere-src-5.14.1/config.tests/socketcan'
> aarch64-linux-gnu-g++ -c -pipe -mtune=cortex-a57.cortex-a53 -march=armv8-a -O2 -w -fPIC  -I/home/manu/Downloads/qt-everywhere-src-5.14.1/qtserialbus/config.tests/socketcan -I. -isystem /usr/include/drm -I/home/manu/Downloads/qt-everywhere-src-5.14.1/qtbase/mkspecs/devices/linux-jetson-tx1-g++ -o main.o /home/manu/Downloads/qt-everywhere-src-5.14.1/qtserialbus/config.tests/socketcan/main.cpp
> aarch64-linux-gnu-g++ -Wl,-O1 -Wl,-rpath-link,/usr/lib -Wl,-rpath-link,/usr/lib/aarch64-linux-gnu -Wl,-rpath-link,/usr/lib/aarch64-linux-gnu/tegra -Wl,-rpath-link,/lib/aarch64-linux-gnu -o socketcan main.o     -L/usr/lib -L/lib/aarch64-linux-gnu -L/usr/lib/aarch64-linux-gnu 
> make[1]: Leaving directory '/home/manu/Downloads/qt-everywhere-src-5.14.1/config.tests/socketcan'
test config.qtserialbus_serialbus.tests.socketcan succeeded
executing config test socketcan_fd
+ cd /home/manu/Downloads/qt-everywhere-src-5.14.1/config.tests/socketcan_fd && /home/manu/Downloads/qt-everywhere-src-5.14.1/qtbase/bin/qmake "CONFIG -= qt debug_and_release app_bundle lib_bundle" "CONFIG += shared warn_off console single_arch" -early "CONFIG += cross_compile" /home/manu/Downloads/qt-everywhere-src-5.14.1/qtserialbus/config.tests/socketcan_fd
+ cd /home/manu/Downloads/qt-everywhere-src-5.14.1/config.tests/socketcan_fd && MAKEFLAGS= make clean && MAKEFLAGS= make
> make[1]: Entering directory '/home/manu/Downloads/qt-everywhere-src-5.14.1/config.tests/socketcan_fd'
> rm -f main.o
> rm -f *~ core *.core
> make[1]: Leaving directory '/home/manu/Downloads/qt-everywhere-src-5.14.1/config.tests/socketcan_fd'
> make[1]: Entering directory '/home/manu/Downloads/qt-everywhere-src-5.14.1/config.tests/socketcan_fd'
> aarch64-linux-gnu-g++ -c -pipe -mtune=cortex-a57.cortex-a53 -march=armv8-a -O2 -w -fPIC  -I/home/manu/Downloads/qt-everywhere-src-5.14.1/qtserialbus/config.tests/socketcan_fd -I. -isystem /usr/include/drm -I/home/manu/Downloads/qt-everywhere-src-5.14.1/qtbase/mkspecs/devices/linux-jetson-tx1-g++ -o main.o /home/manu/Downloads/qt-everywhere-src-5.14.1/qtserialbus/config.tests/socketcan_fd/main.cpp
> aarch64-linux-gnu-g++ -Wl,-O1 -Wl,-rpath-link,/usr/lib -Wl,-rpath-link,/usr/lib/aarch64-linux-gnu -Wl,-rpath-link,/usr/lib/aarch64-linux-gnu/tegra -Wl,-rpath-link,/lib/aarch64-linux-gnu -o socketcan_fd main.o     -L/usr/lib -L/lib/aarch64-linux-gnu -L/usr/lib/aarch64-linux-gnu 
> make[1]: Leaving directory '/home/manu/Downloads/qt-everywhere-src-5.14.1/config.tests/socketcan_fd'
test config.qtserialbus_serialbus.tests.socketcan_fd succeeded
Trying source 0 (type pkgConfig) of library jasper ...
pkg-config use disabled globally.
  => source produced no result.
Trying source 1 (type inline) of library jasper ...
jasper/jasper.h not found in [] and global paths.
  => source produced no result.
Trying source 0 (type pkgConfig) of library mng ...
pkg-config use disabled globally.
  => source produced no result.
Trying source 1 (type inline) of library mng ...
libmng.h not found in [] and global paths.
  => source produced no result.
Trying source 0 (type pkgConfig) of library tiff ...
pkg-config use disabled globally.
  => source produced no result.
Trying source 1 (type inline) of library tiff ...
tiffio.h not found in [] and global paths.
  => source produced no result.
Trying source 0 (type pkgConfig) of library webp ...
pkg-config use disabled globally.
  => source produced no result.
Trying source 1 (type inline) of library webp ...
webp/decode.h not found in [] and global paths.
webp/encode.h not found in [] and global paths.
webp/demux.h not found in [] and global paths.
webp/mux.h not found in [] and global paths.
  => source produced no result.
executing config test pointer_64bit
+ cd /home/manu/Downloads/qt-everywhere-src-5.14.1/config.tests/pointer_64bit && /home/manu/Downloads/qt-everywhere-src-5.14.1/qtbase/bin/qmake "CONFIG -= qt debug_and_release app_bundle lib_bundle" "CONFIG += shared warn_off console single_arch" -early "CONFIG += cross_compile" /home/manu/Downloads/qt-everywhere-src-5.14.1/config.tests/pointer_64bit
+ cd /home/manu/Downloads/qt-everywhere-src-5.14.1/config.tests/pointer_64bit && MAKEFLAGS= make clean && MAKEFLAGS= make
> make[1]: Entering directory '/home/manu/Downloads/qt-everywhere-src-5.14.1/config.tests/pointer_64bit'
> rm -f main.o
> rm -f *~ core *.core
> make[1]: Leaving directory '/home/manu/Downloads/qt-everywhere-src-5.14.1/config.tests/pointer_64bit'
> make[1]: Entering directory '/home/manu/Downloads/qt-everywhere-src-5.14.1/config.tests/pointer_64bit'
> aarch64-linux-gnu-g++ -c -pipe -mtune=cortex-a57.cortex-a53 -march=armv8-a -O2 -w -fPIC  -I. -isystem /usr/include/drm -I/home/manu/Downloads/qt-everywhere-src-5.14.1/qtbase/mkspecs/devices/linux-jetson-tx1-g++ -o main.o main.cpp
> aarch64-linux-gnu-g++ -Wl,-O1 -Wl,-rpath-link,/usr/lib -Wl,-rpath-link,/usr/lib/aarch64-linux-gnu -Wl,-rpath-link,/usr/lib/aarch64-linux-gnu/tegra -Wl,-rpath-link,/lib/aarch64-linux-gnu -o pointer_64bit main.o     -L/usr/lib -L/lib/aarch64-linux-gnu -L/usr/lib/aarch64-linux-gnu 
> make[1]: Leaving directory '/home/manu/Downloads/qt-everywhere-src-5.14.1/config.tests/pointer_64bit'
test config.qtdeclarative_qml.tests.pointer_64bit succeeded
executing config test arm_fp
+ cd /home/manu/Downloads/qt-everywhere-src-5.14.1/config.tests/arm_fp && /home/manu/Downloads/qt-everywhere-src-5.14.1/qtbase/bin/qmake "CONFIG -= qt debug_and_release app_bundle lib_bundle" "CONFIG += shared warn_off console single_arch" -early "CONFIG += cross_compile" /home/manu/Downloads/qt-everywhere-src-5.14.1/config.tests/arm_fp
+ cd /home/manu/Downloads/qt-everywhere-src-5.14.1/config.tests/arm_fp && MAKEFLAGS= make clean && MAKEFLAGS= make
> make[1]: Entering directory '/home/manu/Downloads/qt-everywhere-src-5.14.1/config.tests/arm_fp'
> rm -f main.o
> rm -f *~ core *.core
> make[1]: Leaving directory '/home/manu/Downloads/qt-everywhere-src-5.14.1/config.tests/arm_fp'
> make[1]: Entering directory '/home/manu/Downloads/qt-everywhere-src-5.14.1/config.tests/arm_fp'
> aarch64-linux-gnu-g++ -c -pipe -mtune=cortex-a57.cortex-a53 -march=armv8-a -O2 -w -fPIC  -I. -isystem /usr/include/drm -I/home/manu/Downloads/qt-everywhere-src-5.14.1/qtbase/mkspecs/devices/linux-jetson-tx1-g++ -o main.o main.cpp
> aarch64-linux-gnu-g++ -Wl,-O1 -Wl,-rpath-link,/usr/lib -Wl,-rpath-link,/usr/lib/aarch64-linux-gnu -Wl,-rpath-link,/usr/lib/aarch64-linux-gnu/tegra -Wl,-rpath-link,/lib/aarch64-linux-gnu -o arm_fp main.o     -L/usr/lib -L/lib/aarch64-linux-gnu -L/usr/lib/aarch64-linux-gnu 
> make[1]: Leaving directory '/home/manu/Downloads/qt-everywhere-src-5.14.1/config.tests/arm_fp'
test config.qtdeclarative_qml.tests.arm_fp succeeded
executing config test d3d12
+ cd /home/manu/Downloads/qt-everywhere-src-5.14.1/config.tests/d3d12 && /home/manu/Downloads/qt-everywhere-src-5.14.1/qtbase/bin/qmake "CONFIG -= qt debug_and_release app_bundle lib_bundle" "CONFIG += shared warn_off console single_arch" -early "CONFIG += cross_compile" /home/manu/Downloads/qt-everywhere-src-5.14.1/qtdeclarative/config.tests/d3d12
+ cd /home/manu/Downloads/qt-everywhere-src-5.14.1/config.tests/d3d12 && MAKEFLAGS= make clean && MAKEFLAGS= make
> make[1]: Entering directory '/home/manu/Downloads/qt-everywhere-src-5.14.1/config.tests/d3d12'
> rm -f d3d12.o
> rm -f *~ core *.core
> make[1]: Leaving directory '/home/manu/Downloads/qt-everywhere-src-5.14.1/config.tests/d3d12'
> make[1]: Entering directory '/home/manu/Downloads/qt-everywhere-src-5.14.1/config.tests/d3d12'
> aarch64-linux-gnu-g++ -c -pipe -mtune=cortex-a57.cortex-a53 -march=armv8-a -O2 -w -fPIC  -I/home/manu/Downloads/qt-everywhere-src-5.14.1/qtdeclarative/config.tests/d3d12 -I. -isystem /usr/include/drm -I/home/manu/Downloads/qt-everywhere-src-5.14.1/qtbase/mkspecs/devices/linux-jetson-tx1-g++ -o d3d12.o /home/manu/Downloads/qt-everywhere-src-5.14.1/qtdeclarative/config.tests/d3d12/d3d12.cpp
> /home/manu/Downloads/qt-everywhere-src-5.14.1/qtdeclarative/config.tests/d3d12/d3d12.cpp:40:10: fatal error: d3d12.h: No such file or directory
>  #include <d3d12.h>
>           ^~~~~~~~~
> compilation terminated.
> Makefile:1189: recipe for target 'd3d12.o' failed
> make[1]: *** [d3d12.o] Error 1
> make[1]: Leaving directory '/home/manu/Downloads/qt-everywhere-src-5.14.1/config.tests/d3d12'
test config.qtdeclarative_quick.tests.d3d12 FAILED
looking for library assimp
Trying source 0 (type pkgConfig) of library assimp ...
pkg-config use disabled globally.
  => source produced no result.
Trying source 1 (type inline) of library assimp ...
+ cd /home/manu/Downloads/qt-everywhere-src-5.14.1/config.tests/assimp && /home/manu/Downloads/qt-everywhere-src-5.14.1/qtbase/bin/qmake "CONFIG -= qt debug_and_release app_bundle lib_bundle" "CONFIG += shared warn_off console single_arch" -early "CONFIG += cross_compile" 'QMAKE_USE += assimp' 'QMAKE_LIBS_ASSIMP = -lassimp' /home/manu/Downloads/qt-everywhere-src-5.14.1/qtquick3d/config.tests/assimp
+ cd /home/manu/Downloads/qt-everywhere-src-5.14.1/config.tests/assimp && MAKEFLAGS= make clean && MAKEFLAGS= make
> make[1]: Entering directory '/home/manu/Downloads/qt-everywhere-src-5.14.1/config.tests/assimp'
> rm -f main.o
> rm -f *~ core *.core
> make[1]: Leaving directory '/home/manu/Downloads/qt-everywhere-src-5.14.1/config.tests/assimp'
> make[1]: Entering directory '/home/manu/Downloads/qt-everywhere-src-5.14.1/config.tests/assimp'
> aarch64-linux-gnu-g++ -c -pipe -mtune=cortex-a57.cortex-a53 -march=armv8-a -O2 -w -fPIC  -I/home/manu/Downloads/qt-everywhere-src-5.14.1/qtquick3d/config.tests/assimp -I. -isystem /usr/include/drm -I/home/manu/Downloads/qt-everywhere-src-5.14.1/qtbase/mkspecs/devices/linux-jetson-tx1-g++ -o main.o /home/manu/Downloads/qt-everywhere-src-5.14.1/qtquick3d/config.tests/assimp/main.cpp
> /home/manu/Downloads/qt-everywhere-src-5.14.1/qtquick3d/config.tests/assimp/main.cpp:29:10: fatal error: assimp/cimport.h: No such file or directory
>  #include <assimp/cimport.h>
>           ^~~~~~~~~~~~~~~~~~
> compilation terminated.
> Makefile:1189: recipe for target 'main.o' failed
> make[1]: *** [main.o] Error 1
> make[1]: Leaving directory '/home/manu/Downloads/qt-everywhere-src-5.14.1/config.tests/assimp'
 => source failed verification.
test config.qtquick3d_assetimporters.libraries.assimp FAILED
looking for library sdl2
Trying source 0 (type pkgConfig) of library sdl2 ...
pkg-config use disabled globally.
  => source produced no result.
Trying source 1 (type inline) of library sdl2 ...
  => source failed condition 'config.darwin'.
Trying source 2 (type inline) of library sdl2 ...
  => source failed condition 'config.win32'.
Trying source 3 (type inline) of library sdl2 ...
+ cd /home/manu/Downloads/qt-everywhere-src-5.14.1/config.tests/sdl && /home/manu/Downloads/qt-everywhere-src-5.14.1/qtbase/bin/qmake "CONFIG -= qt debug_and_release app_bundle lib_bundle" "CONFIG += shared warn_off console single_arch" -early "CONFIG += cross_compile" 'QMAKE_USE += sdl2' 'QMAKE_LIBS_SDL2 = -lSDL2' /home/manu/Downloads/qt-everywhere-src-5.14.1/qtgamepad/config.tests/sdl
+ cd /home/manu/Downloads/qt-everywhere-src-5.14.1/config.tests/sdl && MAKEFLAGS= make clean && MAKEFLAGS= make
> make[1]: Entering directory '/home/manu/Downloads/qt-everywhere-src-5.14.1/config.tests/sdl'
> rm -f main.o
> rm -f *~ core *.core
> make[1]: Leaving directory '/home/manu/Downloads/qt-everywhere-src-5.14.1/config.tests/sdl'
> make[1]: Entering directory '/home/manu/Downloads/qt-everywhere-src-5.14.1/config.tests/sdl'
> aarch64-linux-gnu-g++ -c -pipe -mtune=cortex-a57.cortex-a53 -march=armv8-a -O2 -w -fPIC  -I/home/manu/Downloads/qt-everywhere-src-5.14.1/qtgamepad/config.tests/sdl -I. -isystem /usr/include/drm -I/home/manu/Downloads/qt-everywhere-src-5.14.1/qtbase/mkspecs/devices/linux-jetson-tx1-g++ -o main.o /home/manu/Downloads/qt-everywhere-src-5.14.1/qtgamepad/config.tests/sdl/main.cpp
> /home/manu/Downloads/qt-everywhere-src-5.14.1/qtgamepad/config.tests/sdl/main.cpp:37:10: fatal error: SDL.h: No such file or directory
>  #include <SDL.h>
>           ^~~~~~~
> compilation terminated.
> Makefile:1189: recipe for target 'main.o' failed
> make[1]: *** [main.o] Error 1
> make[1]: Leaving directory '/home/manu/Downloads/qt-everywhere-src-5.14.1/config.tests/sdl'
 => source failed verification.
test config.qtgamepad_gamepad.libraries.sdl2 FAILED
looking for library assimp
Trying source 0 (type pkgConfig) of library assimp ...
pkg-config use disabled globally.
  => source produced no result.
Trying source 1 (type inline) of library assimp ...
+ cd /home/manu/Downloads/qt-everywhere-src-5.14.1/config.tests/assimp && /home/manu/Downloads/qt-everywhere-src-5.14.1/qtbase/bin/qmake "CONFIG -= qt debug_and_release app_bundle lib_bundle" "CONFIG += shared warn_off console single_arch" -early "CONFIG += cross_compile" 'QMAKE_USE += assimp' 'QMAKE_LIBS_ASSIMP = -lassimp' /home/manu/Downloads/qt-everywhere-src-5.14.1/qt3d/config.tests/assimp
+ cd /home/manu/Downloads/qt-everywhere-src-5.14.1/config.tests/assimp && MAKEFLAGS= make clean && MAKEFLAGS= make
> make[1]: Entering directory '/home/manu/Downloads/qt-everywhere-src-5.14.1/config.tests/assimp'
> rm -f main.o
> rm -f *~ core *.core
> make[1]: Leaving directory '/home/manu/Downloads/qt-everywhere-src-5.14.1/config.tests/assimp'
> make[1]: Entering directory '/home/manu/Downloads/qt-everywhere-src-5.14.1/config.tests/assimp'
> aarch64-linux-gnu-g++ -c -pipe -mtune=cortex-a57.cortex-a53 -march=armv8-a -O2 -w -fPIC  -I/home/manu/Downloads/qt-everywhere-src-5.14.1/qt3d/config.tests/assimp -I. -isystem /usr/include/drm -I/home/manu/Downloads/qt-everywhere-src-5.14.1/qtbase/mkspecs/devices/linux-jetson-tx1-g++ -o main.o /home/manu/Downloads/qt-everywhere-src-5.14.1/qt3d/config.tests/assimp/main.cpp
> /home/manu/Downloads/qt-everywhere-src-5.14.1/qt3d/config.tests/assimp/main.cpp:29:10: fatal error: assimp/cimport.h: No such file or directory
>  #include <assimp/cimport.h>
>           ^~~~~~~~~~~~~~~~~~
> compilation terminated.
> Makefile:1189: recipe for target 'main.o' failed
> make[1]: *** [main.o] Error 1
> make[1]: Leaving directory '/home/manu/Downloads/qt-everywhere-src-5.14.1/config.tests/assimp'
 => source failed verification.
test config.qt3d_core.libraries.assimp FAILED
looking for library fbx
Trying source 0 (type fbx) of library fbx ...
+ cd /home/manu/Downloads/qt-everywhere-src-5.14.1/config.tests/fbx && /home/manu/Downloads/qt-everywhere-src-5.14.1/qtbase/bin/qmake "CONFIG -= qt debug_and_release app_bundle lib_bundle" "CONFIG += shared warn_off console single_arch" -early "CONFIG += cross_compile" 'QMAKE_USE += fbx' 'QMAKE_LIBS_FBX = -lfbxsdk' /home/manu/Downloads/qt-everywhere-src-5.14.1/qt3d/config.tests/fbx
+ cd /home/manu/Downloads/qt-everywhere-src-5.14.1/config.tests/fbx && MAKEFLAGS= make clean && MAKEFLAGS= make
> make[1]: Entering directory '/home/manu/Downloads/qt-everywhere-src-5.14.1/config.tests/fbx'
> rm -f main.o
> rm -f *~ core *.core
> make[1]: Leaving directory '/home/manu/Downloads/qt-everywhere-src-5.14.1/config.tests/fbx'
> make[1]: Entering directory '/home/manu/Downloads/qt-everywhere-src-5.14.1/config.tests/fbx'
> aarch64-linux-gnu-g++ -c -pipe -mtune=cortex-a57.cortex-a53 -march=armv8-a -O2 -w -fPIC  -I/home/manu/Downloads/qt-everywhere-src-5.14.1/qt3d/config.tests/fbx -I. -isystem /usr/include/drm -I/home/manu/Downloads/qt-everywhere-src-5.14.1/qtbase/mkspecs/devices/linux-jetson-tx1-g++ -o main.o /home/manu/Downloads/qt-everywhere-src-5.14.1/qt3d/config.tests/fbx/main.cpp
> /home/manu/Downloads/qt-everywhere-src-5.14.1/qt3d/config.tests/fbx/main.cpp:29:10: fatal error: fbxsdk.h: No such file or directory
>  #include <fbxsdk.h>
>           ^~~~~~~~~~
> compilation terminated.
> Makefile:1189: recipe for target 'main.o' failed
> make[1]: *** [main.o] Error 1
> make[1]: Leaving directory '/home/manu/Downloads/qt-everywhere-src-5.14.1/config.tests/fbx'
 => source failed verification.
test config.qt3d_geometryloaders.libraries.fbx FAILED
looking for library wayland-client
Trying source 0 (type pkgConfig) of library wayland-client ...
pkg-config use disabled globally.
  => source produced no result.
Trying source 1 (type inline) of library wayland-client ...
+ cd /home/manu/Downloads/qt-everywhere-src-5.14.1/config.tests/wayland && /home/manu/Downloads/qt-everywhere-src-5.14.1/qtbase/bin/qmake "CONFIG -= qt debug_and_release app_bundle lib_bundle" "CONFIG += shared warn_off console single_arch" -early "CONFIG += cross_compile" 'QMAKE_USE += wayland-client' 'QMAKE_LIBS_WAYLAND_CLIENT = -lwayland-client' /home/manu/Downloads/qt-everywhere-src-5.14.1/qtwayland/config.tests/wayland
+ cd /home/manu/Downloads/qt-everywhere-src-5.14.1/config.tests/wayland && MAKEFLAGS= make clean && MAKEFLAGS= make
> make[1]: Entering directory '/home/manu/Downloads/qt-everywhere-src-5.14.1/config.tests/wayland'
> rm -f main.o
> rm -f *~ core *.core
> make[1]: Leaving directory '/home/manu/Downloads/qt-everywhere-src-5.14.1/config.tests/wayland'
> make[1]: Entering directory '/home/manu/Downloads/qt-everywhere-src-5.14.1/config.tests/wayland'
> aarch64-linux-gnu-g++ -c -pipe -mtune=cortex-a57.cortex-a53 -march=armv8-a -O2 -w -fPIC  -I/home/manu/Downloads/qt-everywhere-src-5.14.1/qtwayland/config.tests/wayland -I. -isystem /usr/include/drm -I/home/manu/Downloads/qt-everywhere-src-5.14.1/qtbase/mkspecs/devices/linux-jetson-tx1-g++ -o main.o /home/manu/Downloads/qt-everywhere-src-5.14.1/qtwayland/config.tests/wayland/main.cpp
> aarch64-linux-gnu-g++ -Wl,-O1 -Wl,-rpath-link,/usr/lib -Wl,-rpath-link,/usr/lib/aarch64-linux-gnu -Wl,-rpath-link,/usr/lib/aarch64-linux-gnu/tegra -Wl,-rpath-link,/lib/aarch64-linux-gnu -o wayland main.o   -lwayland-client  -L/usr/lib -L/lib/aarch64-linux-gnu -L/usr/lib/aarch64-linux-gnu 
> make[1]: Leaving directory '/home/manu/Downloads/qt-everywhere-src-5.14.1/config.tests/wayland'
 => source accepted.
test config.qtwayland_client.libraries.wayland-client succeeded
looking for library wayland-cursor
Trying source 0 (type pkgConfig) of library wayland-cursor ...
pkg-config use disabled globally.
  => source produced no result.
Trying source 1 (type inline) of library wayland-cursor ...
+ cd /home/manu/Downloads/qt-everywhere-src-5.14.1/config.tests/wayland_cursor && /home/manu/Downloads/qt-everywhere-src-5.14.1/qtbase/bin/qmake "CONFIG -= qt debug_and_release app_bundle lib_bundle" "CONFIG += shared warn_off console single_arch" -early "CONFIG += cross_compile" 'QMAKE_USE += wayland-cursor' 'QMAKE_LIBS_WAYLAND_CURSOR = -lwayland-cursor' 'QMAKE_DEPENDS_WAYLAND_CURSOR_CC = WAYLAND_CLIENT' 'QMAKE_DEPENDS_WAYLAND_CURSOR_LD = WAYLAND_CLIENT' 'QMAKE_LIBS_WAYLAND_CLIENT = -lwayland-client' /home/manu/Downloads/qt-everywhere-src-5.14.1/qtwayland/config.tests/wayland_cursor
+ cd /home/manu/Downloads/qt-everywhere-src-5.14.1/config.tests/wayland_cursor && MAKEFLAGS= make clean && MAKEFLAGS= make
> make[1]: Entering directory '/home/manu/Downloads/qt-everywhere-src-5.14.1/config.tests/wayland_cursor'
> rm -f main.o
> rm -f *~ core *.core
> make[1]: Leaving directory '/home/manu/Downloads/qt-everywhere-src-5.14.1/config.tests/wayland_cursor'
> make[1]: Entering directory '/home/manu/Downloads/qt-everywhere-src-5.14.1/config.tests/wayland_cursor'
> aarch64-linux-gnu-g++ -c -pipe -mtune=cortex-a57.cortex-a53 -march=armv8-a -O2 -w -fPIC  -I/home/manu/Downloads/qt-everywhere-src-5.14.1/qtwayland/config.tests/wayland_cursor -I. -isystem /usr/include/drm -I/home/manu/Downloads/qt-everywhere-src-5.14.1/qtbase/mkspecs/devices/linux-jetson-tx1-g++ -o main.o /home/manu/Downloads/qt-everywhere-src-5.14.1/qtwayland/config.tests/wayland_cursor/main.cpp
> aarch64-linux-gnu-g++ -Wl,-O1 -Wl,-rpath-link,/usr/lib -Wl,-rpath-link,/usr/lib/aarch64-linux-gnu -Wl,-rpath-link,/usr/lib/aarch64-linux-gnu/tegra -Wl,-rpath-link,/lib/aarch64-linux-gnu -o wayland_cursor main.o   -lwayland-cursor -lwayland-client  -L/usr/lib -L/lib/aarch64-linux-gnu -L/usr/lib/aarch64-linux-gnu 
> make[1]: Leaving directory '/home/manu/Downloads/qt-everywhere-src-5.14.1/config.tests/wayland_cursor'
 => source accepted.
test config.qtwayland_client.libraries.wayland-cursor succeeded
executing config test wayland-scanner
+ cd /home/manu/Downloads/qt-everywhere-src-5.14.1/config.tests/wayland_scanner && /home/manu/Downloads/qt-everywhere-src-5.14.1/qtbase/bin/qmake "CONFIG -= qt debug_and_release app_bundle lib_bundle" "CONFIG += shared warn_off console single_arch" -early "CONFIG += cross_compile" 'QMAKE_USE += wayland-client' 'QMAKE_LIBS_WAYLAND_CLIENT = -lwayland-client' /home/manu/Downloads/qt-everywhere-src-5.14.1/qtwayland/config.tests/wayland_scanner
+ cd /home/manu/Downloads/qt-everywhere-src-5.14.1/config.tests/wayland_scanner && MAKEFLAGS= make clean && MAKEFLAGS= make
> make[1]: Entering directory '/home/manu/Downloads/qt-everywhere-src-5.14.1/config.tests/wayland_scanner'
> rm -f wayland-scanner-test-client-protocol.h
> rm -f main.o
> rm -f *~ core *.core
> make[1]: Leaving directory '/home/manu/Downloads/qt-everywhere-src-5.14.1/config.tests/wayland_scanner'
> make[1]: Entering directory '/home/manu/Downloads/qt-everywhere-src-5.14.1/config.tests/wayland_scanner'
> wayland-scanner client-header < /home/manu/Downloads/qt-everywhere-src-5.14.1/qtwayland/config.tests/wayland_scanner/scanner-test.xml > wayland-scanner-test-client-protocol.h
> aarch64-linux-gnu-g++ -c -pipe -mtune=cortex-a57.cortex-a53 -march=armv8-a -O2 -w -fPIC  -I/home/manu/Downloads/qt-everywhere-src-5.14.1/qtwayland/config.tests/wayland_scanner -I. -isystem /usr/include/drm -I/home/manu/Downloads/qt-everywhere-src-5.14.1/qtbase/mkspecs/devices/linux-jetson-tx1-g++ -o main.o /home/manu/Downloads/qt-everywhere-src-5.14.1/qtwayland/config.tests/wayland_scanner/main.cpp
> aarch64-linux-gnu-g++ -Wl,-O1 -Wl,-rpath-link,/usr/lib -Wl,-rpath-link,/usr/lib/aarch64-linux-gnu -Wl,-rpath-link,/usr/lib/aarch64-linux-gnu/tegra -Wl,-rpath-link,/lib/aarch64-linux-gnu -o wayland_scanner main.o   -lwayland-client  -L/usr/lib -L/lib/aarch64-linux-gnu -L/usr/lib/aarch64-linux-gnu 
> make[1]: Leaving directory '/home/manu/Downloads/qt-everywhere-src-5.14.1/config.tests/wayland_scanner'
test config.qtwayland_client.tests.wayland-scanner succeeded
executing config test dmabuf-server-buffer
+ cd /home/manu/Downloads/qt-everywhere-src-5.14.1/config.tests/dmabuf_server_buffer && /home/manu/Downloads/qt-everywhere-src-5.14.1/qtbase/bin/qmake "CONFIG -= qt debug_and_release app_bundle lib_bundle" "CONFIG += shared warn_off console single_arch" -early "CONFIG += cross_compile" 'QMAKE_USE += egl drm' 'QMAKE_LIBS_DRM = -ldrm' 'QMAKE_LIBS_EGL = -lEGL' /home/manu/Downloads/qt-everywhere-src-5.14.1/qtwayland/config.tests/dmabuf_server_buffer
+ cd /home/manu/Downloads/qt-everywhere-src-5.14.1/config.tests/dmabuf_server_buffer && MAKEFLAGS= make clean && MAKEFLAGS= make
> make[1]: Entering directory '/home/manu/Downloads/qt-everywhere-src-5.14.1/config.tests/dmabuf_server_buffer'
> rm -f main.o
> rm -f *~ core *.core
> make[1]: Leaving directory '/home/manu/Downloads/qt-everywhere-src-5.14.1/config.tests/dmabuf_server_buffer'
> make[1]: Entering directory '/home/manu/Downloads/qt-everywhere-src-5.14.1/config.tests/dmabuf_server_buffer'
> aarch64-linux-gnu-g++ -c -pipe -mtune=cortex-a57.cortex-a53 -march=armv8-a -O2 -w -fPIC  -I/home/manu/Downloads/qt-everywhere-src-5.14.1/qtwayland/config.tests/dmabuf_server_buffer -I. -isystem /usr/include/drm -I/home/manu/Downloads/qt-everywhere-src-5.14.1/qtbase/mkspecs/devices/linux-jetson-tx1-g++ -o main.o /home/manu/Downloads/qt-everywhere-src-5.14.1/qtwayland/config.tests/dmabuf_server_buffer/main.cpp
> aarch64-linux-gnu-g++ -Wl,-O1 -Wl,-rpath-link,/usr/lib -Wl,-rpath-link,/usr/lib/aarch64-linux-gnu -Wl,-rpath-link,/usr/lib/aarch64-linux-gnu/tegra -Wl,-rpath-link,/lib/aarch64-linux-gnu -o dmabuf_server_buffer main.o   -lEGL -ldrm  -L/usr/lib -L/lib/aarch64-linux-gnu -L/usr/lib/aarch64-linux-gnu 
> make[1]: Leaving directory '/home/manu/Downloads/qt-everywhere-src-5.14.1/config.tests/dmabuf_server_buffer'
test config.qtwayland_client.tests.dmabuf-server-buffer succeeded
executing config test drm-egl-server
+ cd /home/manu/Downloads/qt-everywhere-src-5.14.1/config.tests/drm_egl_server && /home/manu/Downloads/qt-everywhere-src-5.14.1/qtbase/bin/qmake "CONFIG -= qt debug_and_release app_bundle lib_bundle" "CONFIG += shared warn_off console single_arch" -early "CONFIG += cross_compile" 'QMAKE_USE += egl' 'QMAKE_LIBS_EGL = -lEGL' /home/manu/Downloads/qt-everywhere-src-5.14.1/qtwayland/config.tests/drm_egl_server
+ cd /home/manu/Downloads/qt-everywhere-src-5.14.1/config.tests/drm_egl_server && MAKEFLAGS= make clean && MAKEFLAGS= make
> make[1]: Entering directory '/home/manu/Downloads/qt-everywhere-src-5.14.1/config.tests/drm_egl_server'
> rm -f main.o
> rm -f *~ core *.core
> make[1]: Leaving directory '/home/manu/Downloads/qt-everywhere-src-5.14.1/config.tests/drm_egl_server'
> make[1]: Entering directory '/home/manu/Downloads/qt-everywhere-src-5.14.1/config.tests/drm_egl_server'
> aarch64-linux-gnu-g++ -c -pipe -mtune=cortex-a57.cortex-a53 -march=armv8-a -O2 -w -fPIC  -I/home/manu/Downloads/qt-everywhere-src-5.14.1/qtwayland/config.tests/drm_egl_server -I. -isystem /usr/include/drm -I/home/manu/Downloads/qt-everywhere-src-5.14.1/qtbase/mkspecs/devices/linux-jetson-tx1-g++ -o main.o /home/manu/Downloads/qt-everywhere-src-5.14.1/qtwayland/config.tests/drm_egl_server/main.cpp
> aarch64-linux-gnu-g++ -Wl,-O1 -Wl,-rpath-link,/usr/lib -Wl,-rpath-link,/usr/lib/aarch64-linux-gnu -Wl,-rpath-link,/usr/lib/aarch64-linux-gnu/tegra -Wl,-rpath-link,/lib/aarch64-linux-gnu -o drm_egl_server main.o   -lEGL  -L/usr/lib -L/lib/aarch64-linux-gnu -L/usr/lib/aarch64-linux-gnu 
> make[1]: Leaving directory '/home/manu/Downloads/qt-everywhere-src-5.14.1/config.tests/drm_egl_server'
test config.qtwayland_client.tests.drm-egl-server succeeded
looking for library wayland-egl
Trying source 0 (type pkgConfig) of library wayland-egl ...
pkg-config use disabled globally.
  => source produced no result.
Trying source 1 (type inline) of library wayland-egl ...
+ cd /home/manu/Downloads/qt-everywhere-src-5.14.1/config.tests/wayland_egl && /home/manu/Downloads/qt-everywhere-src-5.14.1/qtbase/bin/qmake "CONFIG -= qt debug_and_release app_bundle lib_bundle" "CONFIG += shared warn_off console single_arch" -early "CONFIG += cross_compile" 'QMAKE_USE += wayland-egl' 'QMAKE_LIBS_WAYLAND_EGL = -lwayland-egl' /home/manu/Downloads/qt-everywhere-src-5.14.1/qtwayland/config.tests/wayland_egl
+ cd /home/manu/Downloads/qt-everywhere-src-5.14.1/config.tests/wayland_egl && MAKEFLAGS= make clean && MAKEFLAGS= make
> make[1]: Entering directory '/home/manu/Downloads/qt-everywhere-src-5.14.1/config.tests/wayland_egl'
> rm -f main.o
> rm -f *~ core *.core
> make[1]: Leaving directory '/home/manu/Downloads/qt-everywhere-src-5.14.1/config.tests/wayland_egl'
> make[1]: Entering directory '/home/manu/Downloads/qt-everywhere-src-5.14.1/config.tests/wayland_egl'
> aarch64-linux-gnu-g++ -c -pipe -mtune=cortex-a57.cortex-a53 -march=armv8-a -O2 -w -fPIC  -I/home/manu/Downloads/qt-everywhere-src-5.14.1/qtwayland/config.tests/wayland_egl -I. -isystem /usr/include/drm -I/home/manu/Downloads/qt-everywhere-src-5.14.1/qtbase/mkspecs/devices/linux-jetson-tx1-g++ -o main.o /home/manu/Downloads/qt-everywhere-src-5.14.1/qtwayland/config.tests/wayland_egl/main.cpp
> aarch64-linux-gnu-g++ -Wl,-O1 -Wl,-rpath-link,/usr/lib -Wl,-rpath-link,/usr/lib/aarch64-linux-gnu -Wl,-rpath-link,/usr/lib/aarch64-linux-gnu/tegra -Wl,-rpath-link,/lib/aarch64-linux-gnu -o wayland_egl main.o   -lwayland-egl  -L/usr/lib -L/lib/aarch64-linux-gnu -L/usr/lib/aarch64-linux-gnu 
> make[1]: Leaving directory '/home/manu/Downloads/qt-everywhere-src-5.14.1/config.tests/wayland_egl'
 => source accepted.
test config.qtwayland_client.libraries.wayland-egl succeeded
executing config test libhybris-egl-server
+ cd /home/manu/Downloads/qt-everywhere-src-5.14.1/config.tests/libhybris_egl_server && /home/manu/Downloads/qt-everywhere-src-5.14.1/qtbase/bin/qmake "CONFIG -= qt debug_and_release app_bundle lib_bundle" "CONFIG += shared warn_off console single_arch" -early "CONFIG += cross_compile" 'QMAKE_USE += egl' 'QMAKE_LIBS_EGL = -lEGL' /home/manu/Downloads/qt-everywhere-src-5.14.1/qtwayland/config.tests/libhybris_egl_server
+ cd /home/manu/Downloads/qt-everywhere-src-5.14.1/config.tests/libhybris_egl_server && MAKEFLAGS= make clean && MAKEFLAGS= make
> make[1]: Entering directory '/home/manu/Downloads/qt-everywhere-src-5.14.1/config.tests/libhybris_egl_server'
> rm -f main.o
> rm -f *~ core *.core
> make[1]: Leaving directory '/home/manu/Downloads/qt-everywhere-src-5.14.1/config.tests/libhybris_egl_server'
> make[1]: Entering directory '/home/manu/Downloads/qt-everywhere-src-5.14.1/config.tests/libhybris_egl_server'
> aarch64-linux-gnu-g++ -c -pipe -mtune=cortex-a57.cortex-a53 -march=armv8-a -O2 -w -fPIC  -I/home/manu/Downloads/qt-everywhere-src-5.14.1/qtwayland/config.tests/libhybris_egl_server -I. -isystem /usr/include/drm -I/home/manu/Downloads/qt-everywhere-src-5.14.1/qtbase/mkspecs/devices/linux-jetson-tx1-g++ -o main.o /home/manu/Downloads/qt-everywhere-src-5.14.1/qtwayland/config.tests/libhybris_egl_server/main.cpp
> /home/manu/Downloads/qt-everywhere-src-5.14.1/qtwayland/config.tests/libhybris_egl_server/main.cpp:53:10: fatal error: hybris/eglplatformcommon/hybris_nativebufferext.h: No such file or directory
>  #include <hybris/eglplatformcommon/hybris_nativebufferext.h>
>           ^~~~~~~~~~~~~~~~~~~~~~~~~~~~~~~~~~~~~~~~~~~~~~~~~~~
> compilation terminated.
> Makefile:1189: recipe for target 'main.o' failed
> make[1]: *** [main.o] Error 1
> make[1]: Leaving directory '/home/manu/Downloads/qt-everywhere-src-5.14.1/config.tests/libhybris_egl_server'
test config.qtwayland_client.tests.libhybris-egl-server FAILED
executing config test vulkan-server-buffer
+ cd /home/manu/Downloads/qt-everywhere-src-5.14.1/config.tests/vulkan_server_buffer && /home/manu/Downloads/qt-everywhere-src-5.14.1/qtbase/bin/qmake "CONFIG -= qt debug_and_release app_bundle lib_bundle" "CONFIG += shared warn_off console single_arch" -early "CONFIG += cross_compile" /home/manu/Downloads/qt-everywhere-src-5.14.1/qtwayland/config.tests/vulkan_server_buffer
+ cd /home/manu/Downloads/qt-everywhere-src-5.14.1/config.tests/vulkan_server_buffer && MAKEFLAGS= make clean && MAKEFLAGS= make
> make[1]: Entering directory '/home/manu/Downloads/qt-everywhere-src-5.14.1/config.tests/vulkan_server_buffer'
> rm -f main.o
> rm -f *~ core *.core
> make[1]: Leaving directory '/home/manu/Downloads/qt-everywhere-src-5.14.1/config.tests/vulkan_server_buffer'
> make[1]: Entering directory '/home/manu/Downloads/qt-everywhere-src-5.14.1/config.tests/vulkan_server_buffer'
> aarch64-linux-gnu-g++ -c -pipe -mtune=cortex-a57.cortex-a53 -march=armv8-a -O2 -w -fPIC  -I/home/manu/Downloads/qt-everywhere-src-5.14.1/qtwayland/config.tests/vulkan_server_buffer -I. -isystem /usr/include/drm -I/home/manu/Downloads/qt-everywhere-src-5.14.1/qtbase/mkspecs/devices/linux-jetson-tx1-g++ -o main.o /home/manu/Downloads/qt-everywhere-src-5.14.1/qtwayland/config.tests/vulkan_server_buffer/main.cpp
> /home/manu/Downloads/qt-everywhere-src-5.14.1/qtwayland/config.tests/vulkan_server_buffer/main.cpp:51:10: fatal error: vulkan/vulkan.h: No such file or directory
>  #include <vulkan/vulkan.h>
>           ^~~~~~~~~~~~~~~~~
> compilation terminated.
> Makefile:1189: recipe for target 'main.o' failed
> make[1]: *** [main.o] Error 1
> make[1]: Leaving directory '/home/manu/Downloads/qt-everywhere-src-5.14.1/config.tests/vulkan_server_buffer'
test config.qtwayland_client.tests.vulkan-server-buffer FAILED
looking for library xcomposite
Trying source 0 (type pkgConfig) of library xcomposite ...
pkg-config use disabled globally.
  => source produced no result.
Trying source 1 (type inline) of library xcomposite ...
+ cd /home/manu/Downloads/qt-everywhere-src-5.14.1/config.tests/xcomposite && /home/manu/Downloads/qt-everywhere-src-5.14.1/qtbase/bin/qmake "CONFIG -= qt debug_and_release app_bundle lib_bundle" "CONFIG += shared warn_off console single_arch" -early "CONFIG += cross_compile" 'QMAKE_USE += xcomposite' 'QMAKE_LIBS_XCOMPOSITE = -lxcomposite' /home/manu/Downloads/qt-everywhere-src-5.14.1/qtwayland/config.tests/xcomposite
+ cd /home/manu/Downloads/qt-everywhere-src-5.14.1/config.tests/xcomposite && MAKEFLAGS= make clean && MAKEFLAGS= make
> make[1]: Entering directory '/home/manu/Downloads/qt-everywhere-src-5.14.1/config.tests/xcomposite'
> rm -f main.o
> rm -f *~ core *.core
> make[1]: Leaving directory '/home/manu/Downloads/qt-everywhere-src-5.14.1/config.tests/xcomposite'
> make[1]: Entering directory '/home/manu/Downloads/qt-everywhere-src-5.14.1/config.tests/xcomposite'
> aarch64-linux-gnu-g++ -c -pipe -mtune=cortex-a57.cortex-a53 -march=armv8-a -O2 -w -fPIC  -I/home/manu/Downloads/qt-everywhere-src-5.14.1/qtwayland/config.tests/xcomposite -I. -isystem /usr/include/drm -I/home/manu/Downloads/qt-everywhere-src-5.14.1/qtbase/mkspecs/devices/linux-jetson-tx1-g++ -o main.o /home/manu/Downloads/qt-everywhere-src-5.14.1/qtwayland/config.tests/xcomposite/main.cpp
> /home/manu/Downloads/qt-everywhere-src-5.14.1/qtwayland/config.tests/xcomposite/main.cpp:51:10: fatal error: X11/extensions/Xcomposite.h: No such file or directory
>  #include <X11/extensions/Xcomposite.h>
>           ^~~~~~~~~~~~~~~~~~~~~~~~~~~~~
> compilation terminated.
> Makefile:1189: recipe for target 'main.o' failed
> make[1]: *** [main.o] Error 1
> make[1]: Leaving directory '/home/manu/Downloads/qt-everywhere-src-5.14.1/config.tests/xcomposite'
 => source failed verification.
test config.qtwayland_client.libraries.xcomposite FAILED
looking for library wayland-server
Trying source 0 (type pkgConfig) of library wayland-server ...
pkg-config use disabled globally.
  => source produced no result.
Trying source 1 (type inline) of library wayland-server ...
+ cd /home/manu/Downloads/qt-everywhere-src-5.14.1/config.tests/wayland && /home/manu/Downloads/qt-everywhere-src-5.14.1/qtbase/bin/qmake "CONFIG -= qt debug_and_release app_bundle lib_bundle" "CONFIG += shared warn_off console single_arch" -early "CONFIG += cross_compile" 'QMAKE_USE += wayland-server' 'QMAKE_LIBS_WAYLAND_SERVER = -lwayland-server' /home/manu/Downloads/qt-everywhere-src-5.14.1/qtwayland/config.tests/wayland
+ cd /home/manu/Downloads/qt-everywhere-src-5.14.1/config.tests/wayland && MAKEFLAGS= make clean && MAKEFLAGS= make
> make[1]: Entering directory '/home/manu/Downloads/qt-everywhere-src-5.14.1/config.tests/wayland'
> rm -f main.o
> rm -f *~ core *.core
> make[1]: Leaving directory '/home/manu/Downloads/qt-everywhere-src-5.14.1/config.tests/wayland'
> make[1]: Entering directory '/home/manu/Downloads/qt-everywhere-src-5.14.1/config.tests/wayland'
> aarch64-linux-gnu-g++ -c -pipe -mtune=cortex-a57.cortex-a53 -march=armv8-a -O2 -w -fPIC  -I/home/manu/Downloads/qt-everywhere-src-5.14.1/qtwayland/config.tests/wayland -I. -isystem /usr/include/drm -I/home/manu/Downloads/qt-everywhere-src-5.14.1/qtbase/mkspecs/devices/linux-jetson-tx1-g++ -o main.o /home/manu/Downloads/qt-everywhere-src-5.14.1/qtwayland/config.tests/wayland/main.cpp
> aarch64-linux-gnu-g++ -Wl,-O1 -Wl,-rpath-link,/usr/lib -Wl,-rpath-link,/usr/lib/aarch64-linux-gnu -Wl,-rpath-link,/usr/lib/aarch64-linux-gnu/tegra -Wl,-rpath-link,/lib/aarch64-linux-gnu -o wayland main.o   -lwayland-server  -L/usr/lib -L/lib/aarch64-linux-gnu -L/usr/lib/aarch64-linux-gnu 
> make[1]: Leaving directory '/home/manu/Downloads/qt-everywhere-src-5.14.1/config.tests/wayland'
 => source accepted.
test config.qtwayland_compositor.libraries.wayland-server succeeded
+ cd /home/manu/Downloads/qt-everywhere-src-5.14.1/config.tests/wayland_scanner && /home/manu/Downloads/qt-everywhere-src-5.14.1/qtbase/bin/qmake "CONFIG -= qt debug_and_release app_bundle lib_bundle" "CONFIG += shared warn_off console single_arch" -early "CONFIG += cross_compile" 'QMAKE_USE += wayland-server' 'QMAKE_LIBS_WAYLAND_SERVER = -lwayland-server' /home/manu/Downloads/qt-everywhere-src-5.14.1/qtwayland/config.tests/wayland_scanner
+ cd /home/manu/Downloads/qt-everywhere-src-5.14.1/config.tests/wayland_scanner && MAKEFLAGS= make clean && MAKEFLAGS= make
> make[1]: Entering directory '/home/manu/Downloads/qt-everywhere-src-5.14.1/config.tests/wayland_scanner'
> rm -f wayland-scanner-test-client-protocol.h
> rm -f main.o
> rm -f *~ core *.core
> make[1]: Leaving directory '/home/manu/Downloads/qt-everywhere-src-5.14.1/config.tests/wayland_scanner'
> make[1]: Entering directory '/home/manu/Downloads/qt-everywhere-src-5.14.1/config.tests/wayland_scanner'
> wayland-scanner client-header < /home/manu/Downloads/qt-everywhere-src-5.14.1/qtwayland/config.tests/wayland_scanner/scanner-test.xml > wayland-scanner-test-client-protocol.h
> aarch64-linux-gnu-g++ -c -pipe -mtune=cortex-a57.cortex-a53 -march=armv8-a -O2 -w -fPIC  -I/home/manu/Downloads/qt-everywhere-src-5.14.1/qtwayland/config.tests/wayland_scanner -I. -isystem /usr/include/drm -I/home/manu/Downloads/qt-everywhere-src-5.14.1/qtbase/mkspecs/devices/linux-jetson-tx1-g++ -o main.o /home/manu/Downloads/qt-everywhere-src-5.14.1/qtwayland/config.tests/wayland_scanner/main.cpp
> aarch64-linux-gnu-g++ -Wl,-O1 -Wl,-rpath-link,/usr/lib -Wl,-rpath-link,/usr/lib/aarch64-linux-gnu -Wl,-rpath-link,/usr/lib/aarch64-linux-gnu/tegra -Wl,-rpath-link,/lib/aarch64-linux-gnu -o wayland_scanner main.o   -lwayland-server  -L/usr/lib -L/lib/aarch64-linux-gnu -L/usr/lib/aarch64-linux-gnu 
> make[1]: Leaving directory '/home/manu/Downloads/qt-everywhere-src-5.14.1/config.tests/wayland_scanner'
executing config test dmabuf-client-buffer
+ cd /home/manu/Downloads/qt-everywhere-src-5.14.1/config.tests/dmabuf_client_buffer && /home/manu/Downloads/qt-everywhere-src-5.14.1/qtbase/bin/qmake "CONFIG -= qt debug_and_release app_bundle lib_bundle" "CONFIG += shared warn_off console single_arch" -early "CONFIG += cross_compile" 'QMAKE_USE += egl drm' 'QMAKE_LIBS_DRM = -ldrm' 'QMAKE_LIBS_EGL = -lEGL' /home/manu/Downloads/qt-everywhere-src-5.14.1/qtwayland/config.tests/dmabuf_client_buffer
+ cd /home/manu/Downloads/qt-everywhere-src-5.14.1/config.tests/dmabuf_client_buffer && MAKEFLAGS= make clean && MAKEFLAGS= make
> make[1]: Entering directory '/home/manu/Downloads/qt-everywhere-src-5.14.1/config.tests/dmabuf_client_buffer'
> rm -f main.o
> rm -f *~ core *.core
> make[1]: Leaving directory '/home/manu/Downloads/qt-everywhere-src-5.14.1/config.tests/dmabuf_client_buffer'
> make[1]: Entering directory '/home/manu/Downloads/qt-everywhere-src-5.14.1/config.tests/dmabuf_client_buffer'
> aarch64-linux-gnu-g++ -c -pipe -mtune=cortex-a57.cortex-a53 -march=armv8-a -O2 -w -fPIC  -I/home/manu/Downloads/qt-everywhere-src-5.14.1/qtwayland/config.tests/dmabuf_client_buffer -I. -isystem /usr/include/drm -I/home/manu/Downloads/qt-everywhere-src-5.14.1/qtbase/mkspecs/devices/linux-jetson-tx1-g++ -o main.o /home/manu/Downloads/qt-everywhere-src-5.14.1/qtwayland/config.tests/dmabuf_client_buffer/main.cpp
> aarch64-linux-gnu-g++ -Wl,-O1 -Wl,-rpath-link,/usr/lib -Wl,-rpath-link,/usr/lib/aarch64-linux-gnu -Wl,-rpath-link,/usr/lib/aarch64-linux-gnu/tegra -Wl,-rpath-link,/lib/aarch64-linux-gnu -o dmabuf_client_buffer main.o   -lEGL -ldrm  -L/usr/lib -L/lib/aarch64-linux-gnu -L/usr/lib/aarch64-linux-gnu 
> make[1]: Leaving directory '/home/manu/Downloads/qt-everywhere-src-5.14.1/config.tests/dmabuf_client_buffer'
test config.qtwayland_compositor.tests.dmabuf-client-buffer succeeded
executing config test dmabuf-server-buffer
+ cd /home/manu/Downloads/qt-everywhere-src-5.14.1/config.tests/dmabuf_server_buffer && /home/manu/Downloads/qt-everywhere-src-5.14.1/qtbase/bin/qmake "CONFIG -= qt debug_and_release app_bundle lib_bundle" "CONFIG += shared warn_off console single_arch" -early "CONFIG += cross_compile" 'QMAKE_USE += egl drm' 'QMAKE_LIBS_DRM = -ldrm' 'QMAKE_LIBS_EGL = -lEGL' /home/manu/Downloads/qt-everywhere-src-5.14.1/qtwayland/config.tests/dmabuf_server_buffer
+ cd /home/manu/Downloads/qt-everywhere-src-5.14.1/config.tests/dmabuf_server_buffer && MAKEFLAGS= make clean && MAKEFLAGS= make
> make[1]: Entering directory '/home/manu/Downloads/qt-everywhere-src-5.14.1/config.tests/dmabuf_server_buffer'
> rm -f main.o
> rm -f *~ core *.core
> make[1]: Leaving directory '/home/manu/Downloads/qt-everywhere-src-5.14.1/config.tests/dmabuf_server_buffer'
> make[1]: Entering directory '/home/manu/Downloads/qt-everywhere-src-5.14.1/config.tests/dmabuf_server_buffer'
> aarch64-linux-gnu-g++ -c -pipe -mtune=cortex-a57.cortex-a53 -march=armv8-a -O2 -w -fPIC  -I/home/manu/Downloads/qt-everywhere-src-5.14.1/qtwayland/config.tests/dmabuf_server_buffer -I. -isystem /usr/include/drm -I/home/manu/Downloads/qt-everywhere-src-5.14.1/qtbase/mkspecs/devices/linux-jetson-tx1-g++ -o main.o /home/manu/Downloads/qt-everywhere-src-5.14.1/qtwayland/config.tests/dmabuf_server_buffer/main.cpp
> aarch64-linux-gnu-g++ -Wl,-O1 -Wl,-rpath-link,/usr/lib -Wl,-rpath-link,/usr/lib/aarch64-linux-gnu -Wl,-rpath-link,/usr/lib/aarch64-linux-gnu/tegra -Wl,-rpath-link,/lib/aarch64-linux-gnu -o dmabuf_server_buffer main.o   -lEGL -ldrm  -L/usr/lib -L/lib/aarch64-linux-gnu -L/usr/lib/aarch64-linux-gnu 
> make[1]: Leaving directory '/home/manu/Downloads/qt-everywhere-src-5.14.1/config.tests/dmabuf_server_buffer'
test config.qtwayland_compositor.tests.dmabuf-server-buffer succeeded
+ cd /home/manu/Downloads/qt-everywhere-src-5.14.1/config.tests/drm_egl_server && /home/manu/Downloads/qt-everywhere-src-5.14.1/qtbase/bin/qmake "CONFIG -= qt debug_and_release app_bundle lib_bundle" "CONFIG += shared warn_off console single_arch" -early "CONFIG += cross_compile" 'QMAKE_USE += egl' 'QMAKE_LIBS_EGL = -lEGL' /home/manu/Downloads/qt-everywhere-src-5.14.1/qtwayland/config.tests/drm_egl_server
+ cd /home/manu/Downloads/qt-everywhere-src-5.14.1/config.tests/drm_egl_server && MAKEFLAGS= make clean && MAKEFLAGS= make
> make[1]: Entering directory '/home/manu/Downloads/qt-everywhere-src-5.14.1/config.tests/drm_egl_server'
> rm -f main.o
> rm -f *~ core *.core
> make[1]: Leaving directory '/home/manu/Downloads/qt-everywhere-src-5.14.1/config.tests/drm_egl_server'
> make[1]: Entering directory '/home/manu/Downloads/qt-everywhere-src-5.14.1/config.tests/drm_egl_server'
> aarch64-linux-gnu-g++ -c -pipe -mtune=cortex-a57.cortex-a53 -march=armv8-a -O2 -w -fPIC  -I/home/manu/Downloads/qt-everywhere-src-5.14.1/qtwayland/config.tests/drm_egl_server -I. -isystem /usr/include/drm -I/home/manu/Downloads/qt-everywhere-src-5.14.1/qtbase/mkspecs/devices/linux-jetson-tx1-g++ -o main.o /home/manu/Downloads/qt-everywhere-src-5.14.1/qtwayland/config.tests/drm_egl_server/main.cpp
> aarch64-linux-gnu-g++ -Wl,-O1 -Wl,-rpath-link,/usr/lib -Wl,-rpath-link,/usr/lib/aarch64-linux-gnu -Wl,-rpath-link,/usr/lib/aarch64-linux-gnu/tegra -Wl,-rpath-link,/lib/aarch64-linux-gnu -o drm_egl_server main.o   -lEGL  -L/usr/lib -L/lib/aarch64-linux-gnu -L/usr/lib/aarch64-linux-gnu 
> make[1]: Leaving directory '/home/manu/Downloads/qt-everywhere-src-5.14.1/config.tests/drm_egl_server'
Trying source 0 (type pkgConfig) of library wayland-egl ...
pkg-config use disabled globally.
  => source produced no result.
Trying source 1 (type inline) of library wayland-egl ...
+ cd /home/manu/Downloads/qt-everywhere-src-5.14.1/config.tests/wayland_egl && /home/manu/Downloads/qt-everywhere-src-5.14.1/qtbase/bin/qmake "CONFIG -= qt debug_and_release app_bundle lib_bundle" "CONFIG += shared warn_off console single_arch" -early "CONFIG += cross_compile" 'QMAKE_USE += wayland-egl' 'QMAKE_LIBS_WAYLAND_EGL = -lwayland-egl' /home/manu/Downloads/qt-everywhere-src-5.14.1/qtwayland/config.tests/wayland_egl
+ cd /home/manu/Downloads/qt-everywhere-src-5.14.1/config.tests/wayland_egl && MAKEFLAGS= make clean && MAKEFLAGS= make
> make[1]: Entering directory '/home/manu/Downloads/qt-everywhere-src-5.14.1/config.tests/wayland_egl'
> rm -f main.o
> rm -f *~ core *.core
> make[1]: Leaving directory '/home/manu/Downloads/qt-everywhere-src-5.14.1/config.tests/wayland_egl'
> make[1]: Entering directory '/home/manu/Downloads/qt-everywhere-src-5.14.1/config.tests/wayland_egl'
> aarch64-linux-gnu-g++ -c -pipe -mtune=cortex-a57.cortex-a53 -march=armv8-a -O2 -w -fPIC  -I/home/manu/Downloads/qt-everywhere-src-5.14.1/qtwayland/config.tests/wayland_egl -I. -isystem /usr/include/drm -I/home/manu/Downloads/qt-everywhere-src-5.14.1/qtbase/mkspecs/devices/linux-jetson-tx1-g++ -o main.o /home/manu/Downloads/qt-everywhere-src-5.14.1/qtwayland/config.tests/wayland_egl/main.cpp
> aarch64-linux-gnu-g++ -Wl,-O1 -Wl,-rpath-link,/usr/lib -Wl,-rpath-link,/usr/lib/aarch64-linux-gnu -Wl,-rpath-link,/usr/lib/aarch64-linux-gnu/tegra -Wl,-rpath-link,/lib/aarch64-linux-gnu -o wayland_egl main.o   -lwayland-egl  -L/usr/lib -L/lib/aarch64-linux-gnu -L/usr/lib/aarch64-linux-gnu 
> make[1]: Leaving directory '/home/manu/Downloads/qt-everywhere-src-5.14.1/config.tests/wayland_egl'
 => source accepted.
+ cd /home/manu/Downloads/qt-everywhere-src-5.14.1/config.tests/libhybris_egl_server && /home/manu/Downloads/qt-everywhere-src-5.14.1/qtbase/bin/qmake "CONFIG -= qt debug_and_release app_bundle lib_bundle" "CONFIG += shared warn_off console single_arch" -early "CONFIG += cross_compile" 'QMAKE_USE += egl' 'QMAKE_LIBS_EGL = -lEGL' /home/manu/Downloads/qt-everywhere-src-5.14.1/qtwayland/config.tests/libhybris_egl_server
+ cd /home/manu/Downloads/qt-everywhere-src-5.14.1/config.tests/libhybris_egl_server && MAKEFLAGS= make clean && MAKEFLAGS= make
> make[1]: Entering directory '/home/manu/Downloads/qt-everywhere-src-5.14.1/config.tests/libhybris_egl_server'
> rm -f main.o
> rm -f *~ core *.core
> make[1]: Leaving directory '/home/manu/Downloads/qt-everywhere-src-5.14.1/config.tests/libhybris_egl_server'
> make[1]: Entering directory '/home/manu/Downloads/qt-everywhere-src-5.14.1/config.tests/libhybris_egl_server'
> aarch64-linux-gnu-g++ -c -pipe -mtune=cortex-a57.cortex-a53 -march=armv8-a -O2 -w -fPIC  -I/home/manu/Downloads/qt-everywhere-src-5.14.1/qtwayland/config.tests/libhybris_egl_server -I. -isystem /usr/include/drm -I/home/manu/Downloads/qt-everywhere-src-5.14.1/qtbase/mkspecs/devices/linux-jetson-tx1-g++ -o main.o /home/manu/Downloads/qt-everywhere-src-5.14.1/qtwayland/config.tests/libhybris_egl_server/main.cpp
> /home/manu/Downloads/qt-everywhere-src-5.14.1/qtwayland/config.tests/libhybris_egl_server/main.cpp:53:10: fatal error: hybris/eglplatformcommon/hybris_nativebufferext.h: No such file or directory
>  #include <hybris/eglplatformcommon/hybris_nativebufferext.h>
>           ^~~~~~~~~~~~~~~~~~~~~~~~~~~~~~~~~~~~~~~~~~~~~~~~~~~
> compilation terminated.
> Makefile:1189: recipe for target 'main.o' failed
> make[1]: *** [main.o] Error 1
> make[1]: Leaving directory '/home/manu/Downloads/qt-everywhere-src-5.14.1/config.tests/libhybris_egl_server'
executing config test vulkan-server-buffer
+ cd /home/manu/Downloads/qt-everywhere-src-5.14.1/config.tests/vulkan_server_buffer && /home/manu/Downloads/qt-everywhere-src-5.14.1/qtbase/bin/qmake "CONFIG -= qt debug_and_release app_bundle lib_bundle" "CONFIG += shared warn_off console single_arch" -early "CONFIG += cross_compile" /home/manu/Downloads/qt-everywhere-src-5.14.1/qtwayland/config.tests/vulkan_server_buffer
+ cd /home/manu/Downloads/qt-everywhere-src-5.14.1/config.tests/vulkan_server_buffer && MAKEFLAGS= make clean && MAKEFLAGS= make
> make[1]: Entering directory '/home/manu/Downloads/qt-everywhere-src-5.14.1/config.tests/vulkan_server_buffer'
> rm -f main.o
> rm -f *~ core *.core
> make[1]: Leaving directory '/home/manu/Downloads/qt-everywhere-src-5.14.1/config.tests/vulkan_server_buffer'
> make[1]: Entering directory '/home/manu/Downloads/qt-everywhere-src-5.14.1/config.tests/vulkan_server_buffer'
> aarch64-linux-gnu-g++ -c -pipe -mtune=cortex-a57.cortex-a53 -march=armv8-a -O2 -w -fPIC  -I/home/manu/Downloads/qt-everywhere-src-5.14.1/qtwayland/config.tests/vulkan_server_buffer -I. -isystem /usr/include/drm -I/home/manu/Downloads/qt-everywhere-src-5.14.1/qtbase/mkspecs/devices/linux-jetson-tx1-g++ -o main.o /home/manu/Downloads/qt-everywhere-src-5.14.1/qtwayland/config.tests/vulkan_server_buffer/main.cpp
> /home/manu/Downloads/qt-everywhere-src-5.14.1/qtwayland/config.tests/vulkan_server_buffer/main.cpp:51:10: fatal error: vulkan/vulkan.h: No such file or directory
>  #include <vulkan/vulkan.h>
>           ^~~~~~~~~~~~~~~~~
> compilation terminated.
> Makefile:1189: recipe for target 'main.o' failed
> make[1]: *** [main.o] Error 1
> make[1]: Leaving directory '/home/manu/Downloads/qt-everywhere-src-5.14.1/config.tests/vulkan_server_buffer'
test config.qtwayland_compositor.tests.vulkan-server-buffer FAILED
Trying source 0 (type pkgConfig) of library xcomposite ...
pkg-config use disabled globally.
  => source produced no result.
Trying source 1 (type inline) of library xcomposite ...
+ cd /home/manu/Downloads/qt-everywhere-src-5.14.1/config.tests/xcomposite && /home/manu/Downloads/qt-everywhere-src-5.14.1/qtbase/bin/qmake "CONFIG -= qt debug_and_release app_bundle lib_bundle" "CONFIG += shared warn_off console single_arch" -early "CONFIG += cross_compile" 'QMAKE_USE += xcomposite' 'QMAKE_LIBS_XCOMPOSITE = -lxcomposite' /home/manu/Downloads/qt-everywhere-src-5.14.1/qtwayland/config.tests/xcomposite
+ cd /home/manu/Downloads/qt-everywhere-src-5.14.1/config.tests/xcomposite && MAKEFLAGS= make clean && MAKEFLAGS= make
> make[1]: Entering directory '/home/manu/Downloads/qt-everywhere-src-5.14.1/config.tests/xcomposite'
> rm -f main.o
> rm -f *~ core *.core
> make[1]: Leaving directory '/home/manu/Downloads/qt-everywhere-src-5.14.1/config.tests/xcomposite'
> make[1]: Entering directory '/home/manu/Downloads/qt-everywhere-src-5.14.1/config.tests/xcomposite'
> aarch64-linux-gnu-g++ -c -pipe -mtune=cortex-a57.cortex-a53 -march=armv8-a -O2 -w -fPIC  -I/home/manu/Downloads/qt-everywhere-src-5.14.1/qtwayland/config.tests/xcomposite -I. -isystem /usr/include/drm -I/home/manu/Downloads/qt-everywhere-src-5.14.1/qtbase/mkspecs/devices/linux-jetson-tx1-g++ -o main.o /home/manu/Downloads/qt-everywhere-src-5.14.1/qtwayland/config.tests/xcomposite/main.cpp
> /home/manu/Downloads/qt-everywhere-src-5.14.1/qtwayland/config.tests/xcomposite/main.cpp:51:10: fatal error: X11/extensions/Xcomposite.h: No such file or directory
>  #include <X11/extensions/Xcomposite.h>
>           ^~~~~~~~~~~~~~~~~~~~~~~~~~~~~
> compilation terminated.
> Makefile:1189: recipe for target 'main.o' failed
> make[1]: *** [main.o] Error 1
> make[1]: Leaving directory '/home/manu/Downloads/qt-everywhere-src-5.14.1/config.tests/xcomposite'
 => source failed verification.
looking for library bluez
Trying source 0 (type pkgConfig) of library bluez ...
pkg-config use disabled globally.
  => source produced no result.
Trying source 1 (type inline) of library bluez ...
+ cd /home/manu/Downloads/qt-everywhere-src-5.14.1/config.tests/bluez && /home/manu/Downloads/qt-everywhere-src-5.14.1/qtbase/bin/qmake "CONFIG -= qt debug_and_release app_bundle lib_bundle" "CONFIG += shared warn_off console single_arch" -early "CONFIG += cross_compile" 'QMAKE_USE += bluez' 'QMAKE_LIBS_BLUEZ = -lbluetooth' /home/manu/Downloads/qt-everywhere-src-5.14.1/qtconnectivity/config.tests/bluez
+ cd /home/manu/Downloads/qt-everywhere-src-5.14.1/config.tests/bluez && MAKEFLAGS= make clean && MAKEFLAGS= make
> make[1]: Entering directory '/home/manu/Downloads/qt-everywhere-src-5.14.1/config.tests/bluez'
> rm -f main.o
> rm -f *~ core *.core
> make[1]: Leaving directory '/home/manu/Downloads/qt-everywhere-src-5.14.1/config.tests/bluez'
> make[1]: Entering directory '/home/manu/Downloads/qt-everywhere-src-5.14.1/config.tests/bluez'
> aarch64-linux-gnu-g++ -c -pipe -mtune=cortex-a57.cortex-a53 -march=armv8-a -fpermissive -O2 -w -fPIC  -I/home/manu/Downloads/qt-everywhere-src-5.14.1/qtconnectivity/config.tests/bluez -I. -isystem /usr/include/drm -I/home/manu/Downloads/qt-everywhere-src-5.14.1/qtbase/mkspecs/devices/linux-jetson-tx1-g++ -o main.o /home/manu/Downloads/qt-everywhere-src-5.14.1/qtconnectivity/config.tests/bluez/main.cpp
> /home/manu/Downloads/qt-everywhere-src-5.14.1/qtconnectivity/config.tests/bluez/main.cpp:29:10: fatal error: bluetooth/bluetooth.h: No such file or directory
>  #include <bluetooth/bluetooth.h>
>           ^~~~~~~~~~~~~~~~~~~~~~~
> compilation terminated.
> Makefile:1189: recipe for target 'main.o' failed
> make[1]: *** [main.o] Error 1
> make[1]: Leaving directory '/home/manu/Downloads/qt-everywhere-src-5.14.1/config.tests/bluez'
 => source failed verification.
test config.qtconnectivity_bluetooth.libraries.bluez FAILED
looking for library sensorfw
Trying source 0 (type pkgConfig) of library sensorfw ...
pkg-config use disabled globally.
  => source produced no result.
test config.qtsensors_sensors.libraries.sensorfw FAILED
looking for library gypsy
Trying source 0 (type pkgConfig) of library gypsy ...
pkg-config use disabled globally.
  => source produced no result.
test config.qtlocation_positioning.libraries.gypsy FAILED
executing config test winrt_geolocation
+ cd /home/manu/Downloads/qt-everywhere-src-5.14.1/config.tests/winrt && /home/manu/Downloads/qt-everywhere-src-5.14.1/qtbase/bin/qmake "CONFIG -= qt debug_and_release app_bundle lib_bundle" "CONFIG += shared warn_off console single_arch" -early "CONFIG += cross_compile" /home/manu/Downloads/qt-everywhere-src-5.14.1/qtlocation/config.tests/winrt
+ cd /home/manu/Downloads/qt-everywhere-src-5.14.1/config.tests/winrt && MAKEFLAGS= make clean && MAKEFLAGS= make
> make[1]: Entering directory '/home/manu/Downloads/qt-everywhere-src-5.14.1/config.tests/winrt'
> rm -f main.o
> rm -f *~ core *.core
> make[1]: Leaving directory '/home/manu/Downloads/qt-everywhere-src-5.14.1/config.tests/winrt'
> make[1]: Entering directory '/home/manu/Downloads/qt-everywhere-src-5.14.1/config.tests/winrt'
> aarch64-linux-gnu-g++ -c -pipe -mtune=cortex-a57.cortex-a53 -march=armv8-a -O2 -w -fPIC  -I/home/manu/Downloads/qt-everywhere-src-5.14.1/qtlocation/config.tests/winrt -I. -isystem /usr/include/drm -I/home/manu/Downloads/qt-everywhere-src-5.14.1/qtbase/mkspecs/devices/linux-jetson-tx1-g++ -o main.o /home/manu/Downloads/qt-everywhere-src-5.14.1/qtlocation/config.tests/winrt/main.cpp
> /home/manu/Downloads/qt-everywhere-src-5.14.1/qtlocation/config.tests/winrt/main.cpp:30:10: fatal error: windows.system.h: No such file or directory
>  #include <windows.system.h>
>           ^~~~~~~~~~~~~~~~~~
> compilation terminated.
> Makefile:1189: recipe for target 'main.o' failed
> make[1]: *** [main.o] Error 1
> make[1]: Leaving directory '/home/manu/Downloads/qt-everywhere-src-5.14.1/config.tests/winrt'
test config.qtlocation_positioning.tests.winrt_geolocation FAILED
looking for library alsa
Trying source 0 (type inline) of library alsa ...
+ cd /home/manu/Downloads/qt-everywhere-src-5.14.1/config.tests/alsa && /home/manu/Downloads/qt-everywhere-src-5.14.1/qtbase/bin/qmake "CONFIG -= qt debug_and_release app_bundle lib_bundle" "CONFIG += shared warn_off console single_arch" -early "CONFIG += cross_compile" 'QMAKE_USE += alsa' 'QMAKE_LIBS_ALSA = -lasound' /home/manu/Downloads/qt-everywhere-src-5.14.1/qtmultimedia/config.tests/alsa
+ cd /home/manu/Downloads/qt-everywhere-src-5.14.1/config.tests/alsa && MAKEFLAGS= make clean && MAKEFLAGS= make
> make[1]: Entering directory '/home/manu/Downloads/qt-everywhere-src-5.14.1/config.tests/alsa'
> rm -f alsatest.o
> rm -f *~ core *.core
> make[1]: Leaving directory '/home/manu/Downloads/qt-everywhere-src-5.14.1/config.tests/alsa'
> make[1]: Entering directory '/home/manu/Downloads/qt-everywhere-src-5.14.1/config.tests/alsa'
> aarch64-linux-gnu-g++ -c -pipe -mtune=cortex-a57.cortex-a53 -march=armv8-a -O2 -w -fPIC  -I/home/manu/Downloads/qt-everywhere-src-5.14.1/qtmultimedia/config.tests/alsa -I. -isystem /usr/include/drm -I/home/manu/Downloads/qt-everywhere-src-5.14.1/qtbase/mkspecs/devices/linux-jetson-tx1-g++ -o alsatest.o /home/manu/Downloads/qt-everywhere-src-5.14.1/qtmultimedia/config.tests/alsa/alsatest.cpp
> aarch64-linux-gnu-g++ -Wl,-O1 -Wl,-rpath-link,/usr/lib -Wl,-rpath-link,/usr/lib/aarch64-linux-gnu -Wl,-rpath-link,/usr/lib/aarch64-linux-gnu/tegra -Wl,-rpath-link,/lib/aarch64-linux-gnu -o alsa alsatest.o   -lasound  -L/usr/lib -L/lib/aarch64-linux-gnu -L/usr/lib/aarch64-linux-gnu 
> make[1]: Leaving directory '/home/manu/Downloads/qt-everywhere-src-5.14.1/config.tests/alsa'
 => source accepted.
test config.qtmultimedia_multimedia.libraries.alsa succeeded
executing config test gpu_vivante
+ cd /home/manu/Downloads/qt-everywhere-src-5.14.1/config.tests/gpu_vivante && /home/manu/Downloads/qt-everywhere-src-5.14.1/qtbase/bin/qmake "CONFIG -= qt debug_and_release app_bundle lib_bundle" "CONFIG += shared warn_off console single_arch" -early "CONFIG += cross_compile" /home/manu/Downloads/qt-everywhere-src-5.14.1/qtmultimedia/config.tests/gpu_vivante
+ cd /home/manu/Downloads/qt-everywhere-src-5.14.1/config.tests/gpu_vivante && MAKEFLAGS= make clean && MAKEFLAGS= make
> make[1]: Entering directory '/home/manu/Downloads/qt-everywhere-src-5.14.1/config.tests/gpu_vivante'
> rm -f main.o
> rm -f *~ core *.core
> make[1]: Leaving directory '/home/manu/Downloads/qt-everywhere-src-5.14.1/config.tests/gpu_vivante'
> make[1]: Entering directory '/home/manu/Downloads/qt-everywhere-src-5.14.1/config.tests/gpu_vivante'
> aarch64-linux-gnu-g++ -c -pipe -mtune=cortex-a57.cortex-a53 -march=armv8-a -O2 -w -fPIC  -I/home/manu/Downloads/qt-everywhere-src-5.14.1/qtmultimedia/config.tests/gpu_vivante -I. -isystem /usr/include/drm -I/home/manu/Downloads/qt-everywhere-src-5.14.1/qtbase/mkspecs/devices/linux-jetson-tx1-g++ -o main.o /home/manu/Downloads/qt-everywhere-src-5.14.1/qtmultimedia/config.tests/gpu_vivante/main.cpp
> /home/manu/Downloads/qt-everywhere-src-5.14.1/qtmultimedia/config.tests/gpu_vivante/main.cpp:32:20: error: ‘GL_VIV_YV12’ was not declared in this scope
>  const int format = GL_VIV_YV12;
>                     ^~~~~~~~~~~
> Makefile:1189: recipe for target 'main.o' failed
> make[1]: *** [main.o] Error 1
> make[1]: Leaving directory '/home/manu/Downloads/qt-everywhere-src-5.14.1/config.tests/gpu_vivante'
test config.qtmultimedia_multimedia.tests.gpu_vivante FAILED
looking for library gstreamer_1_0
Trying source 0 (type pkgConfig) of library gstreamer_1_0 ...
pkg-config use disabled globally.
  => source produced no result.
Trying source 1 (type inline) of library gstreamer_1_0 ...
  => source failed condition 'config.win32 || config.macos'.
Trying source 2 (type inline) of library gstreamer_1_0 ...
  => source failed condition 'config.android && input.gstreamer != '''.
test config.qtmultimedia_multimedia.libraries.gstreamer_1_0 FAILED
looking for library gstreamer_0_10
Trying source 0 (type pkgConfig) of library gstreamer_0_10 ...
pkg-config use disabled globally.
  => source produced no result.
test config.qtmultimedia_multimedia.libraries.gstreamer_0_10 FAILED
executing config test linux_v4l
+ cd /home/manu/Downloads/qt-everywhere-src-5.14.1/config.tests/linux_v4l && /home/manu/Downloads/qt-everywhere-src-5.14.1/qtbase/bin/qmake "CONFIG -= qt debug_and_release app_bundle lib_bundle" "CONFIG += shared warn_off console single_arch" -early "CONFIG += cross_compile" /home/manu/Downloads/qt-everywhere-src-5.14.1/qtmultimedia/config.tests/linux_v4l
+ cd /home/manu/Downloads/qt-everywhere-src-5.14.1/config.tests/linux_v4l && MAKEFLAGS= make clean && MAKEFLAGS= make
> make[1]: Entering directory '/home/manu/Downloads/qt-everywhere-src-5.14.1/config.tests/linux_v4l'
> rm -f main.o
> rm -f *~ core *.core
> make[1]: Leaving directory '/home/manu/Downloads/qt-everywhere-src-5.14.1/config.tests/linux_v4l'
> make[1]: Entering directory '/home/manu/Downloads/qt-everywhere-src-5.14.1/config.tests/linux_v4l'
> aarch64-linux-gnu-g++ -c -pipe -mtune=cortex-a57.cortex-a53 -march=armv8-a -O2 -w -fPIC  -I/home/manu/Downloads/qt-everywhere-src-5.14.1/qtmultimedia/config.tests/linux_v4l -I. -isystem /usr/include/drm -I/home/manu/Downloads/qt-everywhere-src-5.14.1/qtbase/mkspecs/devices/linux-jetson-tx1-g++ -o main.o /home/manu/Downloads/qt-everywhere-src-5.14.1/qtmultimedia/config.tests/linux_v4l/main.cpp
> aarch64-linux-gnu-g++ -Wl,-O1 -Wl,-rpath-link,/usr/lib -Wl,-rpath-link,/usr/lib/aarch64-linux-gnu -Wl,-rpath-link,/usr/lib/aarch64-linux-gnu/tegra -Wl,-rpath-link,/lib/aarch64-linux-gnu -o linux_v4l main.o     -L/usr/lib -L/lib/aarch64-linux-gnu -L/usr/lib/aarch64-linux-gnu 
> make[1]: Leaving directory '/home/manu/Downloads/qt-everywhere-src-5.14.1/config.tests/linux_v4l'
test config.qtmultimedia_multimedia.tests.linux_v4l succeeded
looking for library openal
Trying source 0 (type pkgConfig) of library openal ...
pkg-config use disabled globally.
  => source produced no result.
Trying source 1 (type inline) of library openal ...
  => source failed condition 'config.win32'.
Trying source 2 (type inline) of library openal ...
  => source failed condition 'config.darwin'.
Trying source 3 (type inline) of library openal ...
+ cd /home/manu/Downloads/qt-everywhere-src-5.14.1/config.tests/openal && /home/manu/Downloads/qt-everywhere-src-5.14.1/qtbase/bin/qmake "CONFIG -= qt debug_and_release app_bundle lib_bundle" "CONFIG += shared warn_off console single_arch" -early "CONFIG += cross_compile" 'QMAKE_USE += openal' 'QMAKE_LIBS_OPENAL = -lopenal' /home/manu/Downloads/qt-everywhere-src-5.14.1/qtmultimedia/config.tests/openal
+ cd /home/manu/Downloads/qt-everywhere-src-5.14.1/config.tests/openal && MAKEFLAGS= make clean && MAKEFLAGS= make
> make[1]: Entering directory '/home/manu/Downloads/qt-everywhere-src-5.14.1/config.tests/openal'
> rm -f main.o
> rm -f *~ core *.core
> make[1]: Leaving directory '/home/manu/Downloads/qt-everywhere-src-5.14.1/config.tests/openal'
> make[1]: Entering directory '/home/manu/Downloads/qt-everywhere-src-5.14.1/config.tests/openal'
> aarch64-linux-gnu-g++ -c -pipe -mtune=cortex-a57.cortex-a53 -march=armv8-a -O2 -w -fPIC  -I/home/manu/Downloads/qt-everywhere-src-5.14.1/qtmultimedia/config.tests/openal -I. -isystem /usr/include/drm -I/home/manu/Downloads/qt-everywhere-src-5.14.1/qtbase/mkspecs/devices/linux-jetson-tx1-g++ -o main.o /home/manu/Downloads/qt-everywhere-src-5.14.1/qtmultimedia/config.tests/openal/main.cpp
> /home/manu/Downloads/qt-everywhere-src-5.14.1/qtmultimedia/config.tests/openal/main.cpp:32:10: fatal error: AL/al.h: No such file or directory
>  #include <AL/al.h>
>           ^~~~~~~~~
> compilation terminated.
> Makefile:1189: recipe for target 'main.o' failed
> make[1]: *** [main.o] Error 1
> make[1]: Leaving directory '/home/manu/Downloads/qt-everywhere-src-5.14.1/config.tests/openal'
 => source failed verification.
test config.qtmultimedia_multimedia.libraries.openal FAILED
looking for library pulseaudio
Trying source 0 (type pkgConfig) of library pulseaudio ...
pkg-config use disabled globally.
  => source produced no result.
test config.qtmultimedia_multimedia.libraries.pulseaudio FAILED
looking for library libresourceqt5
Trying source 0 (type pkgConfig) of library libresourceqt5 ...
pkg-config use disabled globally.
  => source produced no result.
test config.qtmultimedia_multimedia.libraries.libresourceqt5 FAILED
looking for library flite
Trying source 0 (type inline) of library flite ...
+ cd /home/manu/Downloads/qt-everywhere-src-5.14.1/config.tests/flite && /home/manu/Downloads/qt-everywhere-src-5.14.1/qtbase/bin/qmake "CONFIG -= qt debug_and_release app_bundle lib_bundle" "CONFIG += shared warn_off console single_arch" -early "CONFIG += cross_compile" 'QMAKE_USE += flite' 'QMAKE_LIBS_FLITE = -lflite_cmu_us_kal16 -lflite_usenglish -lflite_cmulex -lflite' /home/manu/Downloads/qt-everywhere-src-5.14.1/config.tests/flite
+ cd /home/manu/Downloads/qt-everywhere-src-5.14.1/config.tests/flite && MAKEFLAGS= make clean && MAKEFLAGS= make
> make[1]: Entering directory '/home/manu/Downloads/qt-everywhere-src-5.14.1/config.tests/flite'
> rm -f main.o
> rm -f *~ core *.core
> make[1]: Leaving directory '/home/manu/Downloads/qt-everywhere-src-5.14.1/config.tests/flite'
> make[1]: Entering directory '/home/manu/Downloads/qt-everywhere-src-5.14.1/config.tests/flite'
> aarch64-linux-gnu-g++ -c -pipe -mtune=cortex-a57.cortex-a53 -march=armv8-a -O2 -w -fPIC  -I. -isystem /usr/include/drm -I/home/manu/Downloads/qt-everywhere-src-5.14.1/qtbase/mkspecs/devices/linux-jetson-tx1-g++ -o main.o main.cpp
> main.cpp:2:10: fatal error: flite/flite.h: No such file or directory
>  #include <flite/flite.h>
>           ^~~~~~~~~~~~~~~
> compilation terminated.
> Makefile:1189: recipe for target 'main.o' failed
> make[1]: *** [main.o] Error 1
> make[1]: Leaving directory '/home/manu/Downloads/qt-everywhere-src-5.14.1/config.tests/flite'
 => source failed verification.
test config.qtspeech_tts.libraries.flite FAILED
looking for library speechd
Trying source 0 (type pkgConfig) of library speechd ...
pkg-config use disabled globally.
  => source produced no result.
Trying source 1 (type inline) of library speechd ...
+ cd /home/manu/Downloads/qt-everywhere-src-5.14.1/config.tests/speechd && /home/manu/Downloads/qt-everywhere-src-5.14.1/qtbase/bin/qmake "CONFIG -= qt debug_and_release app_bundle lib_bundle" "CONFIG += shared warn_off console single_arch" -early "CONFIG += cross_compile" 'QMAKE_USE += speechd' 'QMAKE_LIBS_SPEECHD = -lspeechd' /home/manu/Downloads/qt-everywhere-src-5.14.1/config.tests/speechd
+ cd /home/manu/Downloads/qt-everywhere-src-5.14.1/config.tests/speechd && MAKEFLAGS= make clean && MAKEFLAGS= make
> make[1]: Entering directory '/home/manu/Downloads/qt-everywhere-src-5.14.1/config.tests/speechd'
> rm -f main.o
> rm -f *~ core *.core
> make[1]: Leaving directory '/home/manu/Downloads/qt-everywhere-src-5.14.1/config.tests/speechd'
> make[1]: Entering directory '/home/manu/Downloads/qt-everywhere-src-5.14.1/config.tests/speechd'
> aarch64-linux-gnu-g++ -c -pipe -mtune=cortex-a57.cortex-a53 -march=armv8-a -O2 -w -fPIC  -I. -isystem /usr/include/drm -I/home/manu/Downloads/qt-everywhere-src-5.14.1/qtbase/mkspecs/devices/linux-jetson-tx1-g++ -o main.o main.cpp
> aarch64-linux-gnu-g++ -Wl,-O1 -Wl,-rpath-link,/usr/lib -Wl,-rpath-link,/usr/lib/aarch64-linux-gnu -Wl,-rpath-link,/usr/lib/aarch64-linux-gnu/tegra -Wl,-rpath-link,/lib/aarch64-linux-gnu -o speechd main.o   -lspeechd  -L/usr/lib -L/lib/aarch64-linux-gnu -L/usr/lib/aarch64-linux-gnu 
> make[1]: Leaving directory '/home/manu/Downloads/qt-everywhere-src-5.14.1/config.tests/speechd'
 => source accepted.
test config.qtspeech_tts.libraries.speechd succeeded
executing config test libclang
Cannot find libclang's main header file, candidate: /usr/lib/llvm-6.0/include/clang-c/Index.h.
test config.qttools_qdoc.tests.libclang FAILED
